ARM GAS  C:\Users\Ebrahim\AppData\Local\Temp\ccRBHkmF.s 			page 1


   1              		.cpu cortex-m4
   2              		.arch armv7e-m
   3              		.fpu fpv4-sp-d16
   4              		.eabi_attribute 27, 1
   5              		.eabi_attribute 28, 1
   6              		.eabi_attribute 20, 1
   7              		.eabi_attribute 21, 1
   8              		.eabi_attribute 23, 3
   9              		.eabi_attribute 24, 1
  10              		.eabi_attribute 25, 1
  11              		.eabi_attribute 26, 1
  12              		.eabi_attribute 30, 1
  13              		.eabi_attribute 34, 1
  14              		.eabi_attribute 18, 4
  15              		.file	"main.c"
  16              		.text
  17              	.Ltext0:
  18              		.cfi_sections	.debug_frame
  19              		.file 1 "Core/Src/main.c"
  20              		.section	.text.MX_GPIO_Init,"ax",%progbits
  21              		.align	1
  22              		.syntax unified
  23              		.thumb
  24              		.thumb_func
  26              	MX_GPIO_Init:
  27              	.LFB132:
   1:Core/Src/main.c **** /* USER CODE BEGIN Header */
   2:Core/Src/main.c **** /**
   3:Core/Src/main.c ****   ******************************************************************************
   4:Core/Src/main.c ****   * @file           : main.c
   5:Core/Src/main.c ****   * @brief          : Main program body
   6:Core/Src/main.c ****   ******************************************************************************
   7:Core/Src/main.c ****   * @attention
   8:Core/Src/main.c ****   *
   9:Core/Src/main.c ****   * Copyright (c) 2025 STMicroelectronics.
  10:Core/Src/main.c ****   * All rights reserved.
  11:Core/Src/main.c ****   *
  12:Core/Src/main.c ****   * This software is licensed under terms that can be found in the LICENSE file
  13:Core/Src/main.c ****   * in the root directory of this software component.
  14:Core/Src/main.c ****   * If no LICENSE file comes with this software, it is provided AS-IS.
  15:Core/Src/main.c ****   *
  16:Core/Src/main.c ****   ******************************************************************************
  17:Core/Src/main.c ****   */
  18:Core/Src/main.c **** /* USER CODE END Header */
  19:Core/Src/main.c **** /* Includes ------------------------------------------------------------------*/
  20:Core/Src/main.c **** #include "main.h"
  21:Core/Src/main.c **** 
  22:Core/Src/main.c **** /* Private includes ----------------------------------------------------------*/
  23:Core/Src/main.c **** /* USER CODE BEGIN Includes */
  24:Core/Src/main.c **** 
  25:Core/Src/main.c **** /* USER CODE END Includes */
  26:Core/Src/main.c **** 
  27:Core/Src/main.c **** /* Private typedef -----------------------------------------------------------*/
  28:Core/Src/main.c **** /* USER CODE BEGIN PTD */
  29:Core/Src/main.c **** 
  30:Core/Src/main.c **** /* USER CODE END PTD */
  31:Core/Src/main.c **** 
ARM GAS  C:\Users\Ebrahim\AppData\Local\Temp\ccRBHkmF.s 			page 2


  32:Core/Src/main.c **** /* Private define ------------------------------------------------------------*/
  33:Core/Src/main.c **** /* USER CODE BEGIN PD */
  34:Core/Src/main.c **** 
  35:Core/Src/main.c **** /* USER CODE END PD */
  36:Core/Src/main.c **** 
  37:Core/Src/main.c **** /* Private macro -------------------------------------------------------------*/
  38:Core/Src/main.c **** /* USER CODE BEGIN PM */
  39:Core/Src/main.c **** 
  40:Core/Src/main.c **** /* USER CODE END PM */
  41:Core/Src/main.c **** 
  42:Core/Src/main.c **** /* Private variables ---------------------------------------------------------*/
  43:Core/Src/main.c **** 
  44:Core/Src/main.c **** /* USER CODE BEGIN PV */
  45:Core/Src/main.c **** 
  46:Core/Src/main.c **** /* USER CODE END PV */
  47:Core/Src/main.c **** 
  48:Core/Src/main.c **** /* Private function prototypes -----------------------------------------------*/
  49:Core/Src/main.c **** void SystemClock_Config(void);
  50:Core/Src/main.c **** static void MX_GPIO_Init(void);
  51:Core/Src/main.c **** /* USER CODE BEGIN PFP */
  52:Core/Src/main.c **** 
  53:Core/Src/main.c **** /* USER CODE END PFP */
  54:Core/Src/main.c **** 
  55:Core/Src/main.c **** /* Private user code ---------------------------------------------------------*/
  56:Core/Src/main.c **** /* USER CODE BEGIN 0 */
  57:Core/Src/main.c **** 
  58:Core/Src/main.c **** /* USER CODE END 0 */
  59:Core/Src/main.c **** 
  60:Core/Src/main.c **** /**
  61:Core/Src/main.c ****   * @brief  The application entry point.
  62:Core/Src/main.c ****   * @retval int
  63:Core/Src/main.c ****   */
  64:Core/Src/main.c **** int main(void)
  65:Core/Src/main.c **** {
  66:Core/Src/main.c ****   /* USER CODE BEGIN 1 */
  67:Core/Src/main.c **** 
  68:Core/Src/main.c ****   /* USER CODE END 1 */
  69:Core/Src/main.c **** 
  70:Core/Src/main.c ****   /* MCU Configuration--------------------------------------------------------*/
  71:Core/Src/main.c **** 
  72:Core/Src/main.c ****   /* Reset of all peripherals, Initializes the Flash interface and the Systick. */
  73:Core/Src/main.c ****   HAL_Init();
  74:Core/Src/main.c **** 
  75:Core/Src/main.c ****   /* USER CODE BEGIN Init */
  76:Core/Src/main.c **** 
  77:Core/Src/main.c ****   /* USER CODE END Init */
  78:Core/Src/main.c **** 
  79:Core/Src/main.c ****   /* Configure the system clock */
  80:Core/Src/main.c ****   SystemClock_Config();
  81:Core/Src/main.c **** 
  82:Core/Src/main.c ****   /* USER CODE BEGIN SysInit */
  83:Core/Src/main.c **** 
  84:Core/Src/main.c ****   /* USER CODE END SysInit */
  85:Core/Src/main.c **** 
  86:Core/Src/main.c ****   /* Initialize all configured peripherals */
  87:Core/Src/main.c ****   MX_GPIO_Init();
  88:Core/Src/main.c ****   /* USER CODE BEGIN 2 */
ARM GAS  C:\Users\Ebrahim\AppData\Local\Temp\ccRBHkmF.s 			page 3


  89:Core/Src/main.c **** 
  90:Core/Src/main.c ****   /* USER CODE END 2 */
  91:Core/Src/main.c **** 
  92:Core/Src/main.c ****   /* Infinite loop */
  93:Core/Src/main.c ****   /* USER CODE BEGIN WHILE */
  94:Core/Src/main.c ****   while (1)
  95:Core/Src/main.c ****   {
  96:Core/Src/main.c **** 
  97:Core/Src/main.c ****     /* USER CODE END WHILE */
  98:Core/Src/main.c **** 
  99:Core/Src/main.c ****     /* USER CODE BEGIN 3 */
 100:Core/Src/main.c **** 	  // Toggle the LEDs with a 1s delay
 101:Core/Src/main.c **** 	  // Code to check if the board is working
 102:Core/Src/main.c **** 	  	  HAL_GPIO_TogglePin(GPIOB, GPIO_PIN_0|GPIO_PIN_1|GPIO_PIN_2|GPIO_PIN_3
 103:Core/Src/main.c **** 	                            |GPIO_PIN_4|GPIO_PIN_5|GPIO_PIN_6|GPIO_PIN_7);
 104:Core/Src/main.c **** 
 105:Core/Src/main.c **** 	  	  HAL_Delay(1000);
 106:Core/Src/main.c ****   }
 107:Core/Src/main.c ****   /* USER CODE END 3 */
 108:Core/Src/main.c **** }
 109:Core/Src/main.c **** 
 110:Core/Src/main.c **** /**
 111:Core/Src/main.c ****   * @brief System Clock Configuration
 112:Core/Src/main.c ****   * @retval None
 113:Core/Src/main.c ****   */
 114:Core/Src/main.c **** void SystemClock_Config(void)
 115:Core/Src/main.c **** {
 116:Core/Src/main.c ****   RCC_OscInitTypeDef RCC_OscInitStruct = {0};
 117:Core/Src/main.c ****   RCC_ClkInitTypeDef RCC_ClkInitStruct = {0};
 118:Core/Src/main.c **** 
 119:Core/Src/main.c ****   /** Configure the main internal regulator output voltage
 120:Core/Src/main.c ****   */
 121:Core/Src/main.c ****   __HAL_RCC_PWR_CLK_ENABLE();
 122:Core/Src/main.c ****   __HAL_PWR_VOLTAGESCALING_CONFIG(PWR_REGULATOR_VOLTAGE_SCALE3);
 123:Core/Src/main.c **** 
 124:Core/Src/main.c ****   /** Initializes the RCC Oscillators according to the specified parameters
 125:Core/Src/main.c ****   * in the RCC_OscInitTypeDef structure.
 126:Core/Src/main.c ****   */
 127:Core/Src/main.c ****   RCC_OscInitStruct.OscillatorType = RCC_OSCILLATORTYPE_HSI;
 128:Core/Src/main.c ****   RCC_OscInitStruct.HSIState = RCC_HSI_ON;
 129:Core/Src/main.c ****   RCC_OscInitStruct.HSICalibrationValue = RCC_HSICALIBRATION_DEFAULT;
 130:Core/Src/main.c ****   RCC_OscInitStruct.PLL.PLLState = RCC_PLL_NONE;
 131:Core/Src/main.c ****   if (HAL_RCC_OscConfig(&RCC_OscInitStruct) != HAL_OK)
 132:Core/Src/main.c ****   {
 133:Core/Src/main.c ****     Error_Handler();
 134:Core/Src/main.c ****   }
 135:Core/Src/main.c **** 
 136:Core/Src/main.c ****   /** Initializes the CPU, AHB and APB buses clocks
 137:Core/Src/main.c ****   */
 138:Core/Src/main.c ****   RCC_ClkInitStruct.ClockType = RCC_CLOCKTYPE_HCLK|RCC_CLOCKTYPE_SYSCLK
 139:Core/Src/main.c ****                               |RCC_CLOCKTYPE_PCLK1|RCC_CLOCKTYPE_PCLK2;
 140:Core/Src/main.c ****   RCC_ClkInitStruct.SYSCLKSource = RCC_SYSCLKSOURCE_HSI;
 141:Core/Src/main.c ****   RCC_ClkInitStruct.AHBCLKDivider = RCC_SYSCLK_DIV1;
 142:Core/Src/main.c ****   RCC_ClkInitStruct.APB1CLKDivider = RCC_HCLK_DIV1;
 143:Core/Src/main.c ****   RCC_ClkInitStruct.APB2CLKDivider = RCC_HCLK_DIV1;
 144:Core/Src/main.c **** 
 145:Core/Src/main.c ****   if (HAL_RCC_ClockConfig(&RCC_ClkInitStruct, FLASH_LATENCY_0) != HAL_OK)
ARM GAS  C:\Users\Ebrahim\AppData\Local\Temp\ccRBHkmF.s 			page 4


 146:Core/Src/main.c ****   {
 147:Core/Src/main.c ****     Error_Handler();
 148:Core/Src/main.c ****   }
 149:Core/Src/main.c **** }
 150:Core/Src/main.c **** 
 151:Core/Src/main.c **** /**
 152:Core/Src/main.c ****   * @brief GPIO Initialization Function
 153:Core/Src/main.c ****   * @param None
 154:Core/Src/main.c ****   * @retval None
 155:Core/Src/main.c ****   */
 156:Core/Src/main.c **** static void MX_GPIO_Init(void)
 157:Core/Src/main.c **** {
  28              		.loc 1 157 1 view -0
  29              		.cfi_startproc
  30              		@ args = 0, pretend = 0, frame = 24
  31              		@ frame_needed = 0, uses_anonymous_args = 0
  32 0000 30B5     		push	{r4, r5, lr}
  33              	.LCFI0:
  34              		.cfi_def_cfa_offset 12
  35              		.cfi_offset 4, -12
  36              		.cfi_offset 5, -8
  37              		.cfi_offset 14, -4
  38 0002 87B0     		sub	sp, sp, #28
  39              	.LCFI1:
  40              		.cfi_def_cfa_offset 40
 158:Core/Src/main.c ****   GPIO_InitTypeDef GPIO_InitStruct = {0};
  41              		.loc 1 158 3 view .LVU1
  42              		.loc 1 158 20 is_stmt 0 view .LVU2
  43 0004 0024     		movs	r4, #0
  44 0006 0194     		str	r4, [sp, #4]
  45 0008 0294     		str	r4, [sp, #8]
  46 000a 0394     		str	r4, [sp, #12]
  47 000c 0494     		str	r4, [sp, #16]
  48 000e 0594     		str	r4, [sp, #20]
 159:Core/Src/main.c **** /* USER CODE BEGIN MX_GPIO_Init_1 */
 160:Core/Src/main.c **** /* USER CODE END MX_GPIO_Init_1 */
 161:Core/Src/main.c **** 
 162:Core/Src/main.c ****   /* GPIO Ports Clock Enable */
 163:Core/Src/main.c ****   __HAL_RCC_GPIOB_CLK_ENABLE();
  49              		.loc 1 163 3 is_stmt 1 view .LVU3
  50              	.LBB4:
  51              		.loc 1 163 3 view .LVU4
  52 0010 0094     		str	r4, [sp]
  53              		.loc 1 163 3 view .LVU5
  54 0012 0E4B     		ldr	r3, .L3
  55 0014 1A6B     		ldr	r2, [r3, #48]
  56 0016 42F00202 		orr	r2, r2, #2
  57 001a 1A63     		str	r2, [r3, #48]
  58              		.loc 1 163 3 view .LVU6
  59 001c 1B6B     		ldr	r3, [r3, #48]
  60 001e 03F00203 		and	r3, r3, #2
  61 0022 0093     		str	r3, [sp]
  62              		.loc 1 163 3 view .LVU7
  63 0024 009B     		ldr	r3, [sp]
  64              	.LBE4:
  65              		.loc 1 163 3 view .LVU8
 164:Core/Src/main.c **** 
ARM GAS  C:\Users\Ebrahim\AppData\Local\Temp\ccRBHkmF.s 			page 5


 165:Core/Src/main.c ****   /*Configure GPIO pin Output Level */
 166:Core/Src/main.c ****   HAL_GPIO_WritePin(GPIOB, GPIO_PIN_0|GPIO_PIN_1|GPIO_PIN_2|GPIO_PIN_3
  66              		.loc 1 166 3 view .LVU9
  67 0026 0A4D     		ldr	r5, .L3+4
  68 0028 2246     		mov	r2, r4
  69 002a FF21     		movs	r1, #255
  70 002c 2846     		mov	r0, r5
  71 002e FFF7FEFF 		bl	HAL_GPIO_WritePin
  72              	.LVL0:
 167:Core/Src/main.c ****                           |GPIO_PIN_4|GPIO_PIN_5|GPIO_PIN_6|GPIO_PIN_7, GPIO_PIN_RESET);
 168:Core/Src/main.c **** 
 169:Core/Src/main.c ****   /*Configure GPIO pins : PB0 PB1 PB2 PB3
 170:Core/Src/main.c ****                            PB4 PB5 PB6 PB7 */
 171:Core/Src/main.c ****   GPIO_InitStruct.Pin = GPIO_PIN_0|GPIO_PIN_1|GPIO_PIN_2|GPIO_PIN_3
  73              		.loc 1 171 3 view .LVU10
  74              		.loc 1 171 23 is_stmt 0 view .LVU11
  75 0032 FF23     		movs	r3, #255
  76 0034 0193     		str	r3, [sp, #4]
 172:Core/Src/main.c ****                           |GPIO_PIN_4|GPIO_PIN_5|GPIO_PIN_6|GPIO_PIN_7;
 173:Core/Src/main.c ****   GPIO_InitStruct.Mode = GPIO_MODE_OUTPUT_PP;
  77              		.loc 1 173 3 is_stmt 1 view .LVU12
  78              		.loc 1 173 24 is_stmt 0 view .LVU13
  79 0036 0123     		movs	r3, #1
  80 0038 0293     		str	r3, [sp, #8]
 174:Core/Src/main.c ****   GPIO_InitStruct.Pull = GPIO_NOPULL;
  81              		.loc 1 174 3 is_stmt 1 view .LVU14
  82              		.loc 1 174 24 is_stmt 0 view .LVU15
  83 003a 0394     		str	r4, [sp, #12]
 175:Core/Src/main.c ****   GPIO_InitStruct.Speed = GPIO_SPEED_FREQ_LOW;
  84              		.loc 1 175 3 is_stmt 1 view .LVU16
  85              		.loc 1 175 25 is_stmt 0 view .LVU17
  86 003c 0494     		str	r4, [sp, #16]
 176:Core/Src/main.c ****   HAL_GPIO_Init(GPIOB, &GPIO_InitStruct);
  87              		.loc 1 176 3 is_stmt 1 view .LVU18
  88 003e 01A9     		add	r1, sp, #4
  89 0040 2846     		mov	r0, r5
  90 0042 FFF7FEFF 		bl	HAL_GPIO_Init
  91              	.LVL1:
 177:Core/Src/main.c **** 
 178:Core/Src/main.c **** /* USER CODE BEGIN MX_GPIO_Init_2 */
 179:Core/Src/main.c **** /* USER CODE END MX_GPIO_Init_2 */
 180:Core/Src/main.c **** }
  92              		.loc 1 180 1 is_stmt 0 view .LVU19
  93 0046 07B0     		add	sp, sp, #28
  94              	.LCFI2:
  95              		.cfi_def_cfa_offset 12
  96              		@ sp needed
  97 0048 30BD     		pop	{r4, r5, pc}
  98              	.L4:
  99 004a 00BF     		.align	2
 100              	.L3:
 101 004c 00380240 		.word	1073887232
 102 0050 00040240 		.word	1073873920
 103              		.cfi_endproc
 104              	.LFE132:
 106              		.section	.text.Error_Handler,"ax",%progbits
 107              		.align	1
ARM GAS  C:\Users\Ebrahim\AppData\Local\Temp\ccRBHkmF.s 			page 6


 108              		.global	Error_Handler
 109              		.syntax unified
 110              		.thumb
 111              		.thumb_func
 113              	Error_Handler:
 114              	.LFB133:
 181:Core/Src/main.c **** 
 182:Core/Src/main.c **** /* USER CODE BEGIN 4 */
 183:Core/Src/main.c **** 
 184:Core/Src/main.c **** /* USER CODE END 4 */
 185:Core/Src/main.c **** 
 186:Core/Src/main.c **** /**
 187:Core/Src/main.c ****   * @brief  This function is executed in case of error occurrence.
 188:Core/Src/main.c ****   * @retval None
 189:Core/Src/main.c ****   */
 190:Core/Src/main.c **** void Error_Handler(void)
 191:Core/Src/main.c **** {
 115              		.loc 1 191 1 is_stmt 1 view -0
 116              		.cfi_startproc
 117              		@ Volatile: function does not return.
 118              		@ args = 0, pretend = 0, frame = 0
 119              		@ frame_needed = 0, uses_anonymous_args = 0
 120              		@ link register save eliminated.
 192:Core/Src/main.c ****   /* USER CODE BEGIN Error_Handler_Debug */
 193:Core/Src/main.c ****   /* User can add his own implementation to report the HAL error return state */
 194:Core/Src/main.c ****   __disable_irq();
 121              		.loc 1 194 3 view .LVU21
 122              	.LBB5:
 123              	.LBI5:
 124              		.file 2 "Drivers/CMSIS/Include/cmsis_gcc.h"
   1:Drivers/CMSIS/Include/cmsis_gcc.h **** /**************************************************************************//**
   2:Drivers/CMSIS/Include/cmsis_gcc.h ****  * @file     cmsis_gcc.h
   3:Drivers/CMSIS/Include/cmsis_gcc.h ****  * @brief    CMSIS compiler GCC header file
   4:Drivers/CMSIS/Include/cmsis_gcc.h ****  * @version  V5.0.4
   5:Drivers/CMSIS/Include/cmsis_gcc.h ****  * @date     09. April 2018
   6:Drivers/CMSIS/Include/cmsis_gcc.h ****  ******************************************************************************/
   7:Drivers/CMSIS/Include/cmsis_gcc.h **** /*
   8:Drivers/CMSIS/Include/cmsis_gcc.h ****  * Copyright (c) 2009-2018 Arm Limited. All rights reserved.
   9:Drivers/CMSIS/Include/cmsis_gcc.h ****  *
  10:Drivers/CMSIS/Include/cmsis_gcc.h ****  * SPDX-License-Identifier: Apache-2.0
  11:Drivers/CMSIS/Include/cmsis_gcc.h ****  *
  12:Drivers/CMSIS/Include/cmsis_gcc.h ****  * Licensed under the Apache License, Version 2.0 (the License); you may
  13:Drivers/CMSIS/Include/cmsis_gcc.h ****  * not use this file except in compliance with the License.
  14:Drivers/CMSIS/Include/cmsis_gcc.h ****  * You may obtain a copy of the License at
  15:Drivers/CMSIS/Include/cmsis_gcc.h ****  *
  16:Drivers/CMSIS/Include/cmsis_gcc.h ****  * www.apache.org/licenses/LICENSE-2.0
  17:Drivers/CMSIS/Include/cmsis_gcc.h ****  *
  18:Drivers/CMSIS/Include/cmsis_gcc.h ****  * Unless required by applicable law or agreed to in writing, software
  19:Drivers/CMSIS/Include/cmsis_gcc.h ****  * distributed under the License is distributed on an AS IS BASIS, WITHOUT
  20:Drivers/CMSIS/Include/cmsis_gcc.h ****  * WARRANTIES OR CONDITIONS OF ANY KIND, either express or implied.
  21:Drivers/CMSIS/Include/cmsis_gcc.h ****  * See the License for the specific language governing permissions and
  22:Drivers/CMSIS/Include/cmsis_gcc.h ****  * limitations under the License.
  23:Drivers/CMSIS/Include/cmsis_gcc.h ****  */
  24:Drivers/CMSIS/Include/cmsis_gcc.h **** 
  25:Drivers/CMSIS/Include/cmsis_gcc.h **** #ifndef __CMSIS_GCC_H
  26:Drivers/CMSIS/Include/cmsis_gcc.h **** #define __CMSIS_GCC_H
  27:Drivers/CMSIS/Include/cmsis_gcc.h **** 
ARM GAS  C:\Users\Ebrahim\AppData\Local\Temp\ccRBHkmF.s 			page 7


  28:Drivers/CMSIS/Include/cmsis_gcc.h **** /* ignore some GCC warnings */
  29:Drivers/CMSIS/Include/cmsis_gcc.h **** #pragma GCC diagnostic push
  30:Drivers/CMSIS/Include/cmsis_gcc.h **** #pragma GCC diagnostic ignored "-Wsign-conversion"
  31:Drivers/CMSIS/Include/cmsis_gcc.h **** #pragma GCC diagnostic ignored "-Wconversion"
  32:Drivers/CMSIS/Include/cmsis_gcc.h **** #pragma GCC diagnostic ignored "-Wunused-parameter"
  33:Drivers/CMSIS/Include/cmsis_gcc.h **** 
  34:Drivers/CMSIS/Include/cmsis_gcc.h **** /* Fallback for __has_builtin */
  35:Drivers/CMSIS/Include/cmsis_gcc.h **** #ifndef __has_builtin
  36:Drivers/CMSIS/Include/cmsis_gcc.h ****   #define __has_builtin(x) (0)
  37:Drivers/CMSIS/Include/cmsis_gcc.h **** #endif
  38:Drivers/CMSIS/Include/cmsis_gcc.h **** 
  39:Drivers/CMSIS/Include/cmsis_gcc.h **** /* CMSIS compiler specific defines */
  40:Drivers/CMSIS/Include/cmsis_gcc.h **** #ifndef   __ASM
  41:Drivers/CMSIS/Include/cmsis_gcc.h ****   #define __ASM                                  __asm
  42:Drivers/CMSIS/Include/cmsis_gcc.h **** #endif
  43:Drivers/CMSIS/Include/cmsis_gcc.h **** #ifndef   __INLINE
  44:Drivers/CMSIS/Include/cmsis_gcc.h ****   #define __INLINE                               inline
  45:Drivers/CMSIS/Include/cmsis_gcc.h **** #endif
  46:Drivers/CMSIS/Include/cmsis_gcc.h **** #ifndef   __STATIC_INLINE
  47:Drivers/CMSIS/Include/cmsis_gcc.h ****   #define __STATIC_INLINE                        static inline
  48:Drivers/CMSIS/Include/cmsis_gcc.h **** #endif
  49:Drivers/CMSIS/Include/cmsis_gcc.h **** #ifndef   __STATIC_FORCEINLINE                 
  50:Drivers/CMSIS/Include/cmsis_gcc.h ****   #define __STATIC_FORCEINLINE                   __attribute__((always_inline)) static inline
  51:Drivers/CMSIS/Include/cmsis_gcc.h **** #endif                                           
  52:Drivers/CMSIS/Include/cmsis_gcc.h **** #ifndef   __NO_RETURN
  53:Drivers/CMSIS/Include/cmsis_gcc.h ****   #define __NO_RETURN                            __attribute__((__noreturn__))
  54:Drivers/CMSIS/Include/cmsis_gcc.h **** #endif
  55:Drivers/CMSIS/Include/cmsis_gcc.h **** #ifndef   __USED
  56:Drivers/CMSIS/Include/cmsis_gcc.h ****   #define __USED                                 __attribute__((used))
  57:Drivers/CMSIS/Include/cmsis_gcc.h **** #endif
  58:Drivers/CMSIS/Include/cmsis_gcc.h **** #ifndef   __WEAK
  59:Drivers/CMSIS/Include/cmsis_gcc.h ****   #define __WEAK                                 __attribute__((weak))
  60:Drivers/CMSIS/Include/cmsis_gcc.h **** #endif
  61:Drivers/CMSIS/Include/cmsis_gcc.h **** #ifndef   __PACKED
  62:Drivers/CMSIS/Include/cmsis_gcc.h ****   #define __PACKED                               __attribute__((packed, aligned(1)))
  63:Drivers/CMSIS/Include/cmsis_gcc.h **** #endif
  64:Drivers/CMSIS/Include/cmsis_gcc.h **** #ifndef   __PACKED_STRUCT
  65:Drivers/CMSIS/Include/cmsis_gcc.h ****   #define __PACKED_STRUCT                        struct __attribute__((packed, aligned(1)))
  66:Drivers/CMSIS/Include/cmsis_gcc.h **** #endif
  67:Drivers/CMSIS/Include/cmsis_gcc.h **** #ifndef   __PACKED_UNION
  68:Drivers/CMSIS/Include/cmsis_gcc.h ****   #define __PACKED_UNION                         union __attribute__((packed, aligned(1)))
  69:Drivers/CMSIS/Include/cmsis_gcc.h **** #endif
  70:Drivers/CMSIS/Include/cmsis_gcc.h **** #ifndef   __UNALIGNED_UINT32        /* deprecated */
  71:Drivers/CMSIS/Include/cmsis_gcc.h ****   #pragma GCC diagnostic push
  72:Drivers/CMSIS/Include/cmsis_gcc.h ****   #pragma GCC diagnostic ignored "-Wpacked"
  73:Drivers/CMSIS/Include/cmsis_gcc.h ****   #pragma GCC diagnostic ignored "-Wattributes"
  74:Drivers/CMSIS/Include/cmsis_gcc.h ****   struct __attribute__((packed)) T_UINT32 { uint32_t v; };
  75:Drivers/CMSIS/Include/cmsis_gcc.h ****   #pragma GCC diagnostic pop
  76:Drivers/CMSIS/Include/cmsis_gcc.h ****   #define __UNALIGNED_UINT32(x)                  (((struct T_UINT32 *)(x))->v)
  77:Drivers/CMSIS/Include/cmsis_gcc.h **** #endif
  78:Drivers/CMSIS/Include/cmsis_gcc.h **** #ifndef   __UNALIGNED_UINT16_WRITE
  79:Drivers/CMSIS/Include/cmsis_gcc.h ****   #pragma GCC diagnostic push
  80:Drivers/CMSIS/Include/cmsis_gcc.h ****   #pragma GCC diagnostic ignored "-Wpacked"
  81:Drivers/CMSIS/Include/cmsis_gcc.h ****   #pragma GCC diagnostic ignored "-Wattributes"
  82:Drivers/CMSIS/Include/cmsis_gcc.h ****   __PACKED_STRUCT T_UINT16_WRITE { uint16_t v; };
  83:Drivers/CMSIS/Include/cmsis_gcc.h ****   #pragma GCC diagnostic pop
  84:Drivers/CMSIS/Include/cmsis_gcc.h ****   #define __UNALIGNED_UINT16_WRITE(addr, val)    (void)((((struct T_UINT16_WRITE *)(void *)(addr))-
ARM GAS  C:\Users\Ebrahim\AppData\Local\Temp\ccRBHkmF.s 			page 8


  85:Drivers/CMSIS/Include/cmsis_gcc.h **** #endif
  86:Drivers/CMSIS/Include/cmsis_gcc.h **** #ifndef   __UNALIGNED_UINT16_READ
  87:Drivers/CMSIS/Include/cmsis_gcc.h ****   #pragma GCC diagnostic push
  88:Drivers/CMSIS/Include/cmsis_gcc.h ****   #pragma GCC diagnostic ignored "-Wpacked"
  89:Drivers/CMSIS/Include/cmsis_gcc.h ****   #pragma GCC diagnostic ignored "-Wattributes"
  90:Drivers/CMSIS/Include/cmsis_gcc.h ****   __PACKED_STRUCT T_UINT16_READ { uint16_t v; };
  91:Drivers/CMSIS/Include/cmsis_gcc.h ****   #pragma GCC diagnostic pop
  92:Drivers/CMSIS/Include/cmsis_gcc.h ****   #define __UNALIGNED_UINT16_READ(addr)          (((const struct T_UINT16_READ *)(const void *)(add
  93:Drivers/CMSIS/Include/cmsis_gcc.h **** #endif
  94:Drivers/CMSIS/Include/cmsis_gcc.h **** #ifndef   __UNALIGNED_UINT32_WRITE
  95:Drivers/CMSIS/Include/cmsis_gcc.h ****   #pragma GCC diagnostic push
  96:Drivers/CMSIS/Include/cmsis_gcc.h ****   #pragma GCC diagnostic ignored "-Wpacked"
  97:Drivers/CMSIS/Include/cmsis_gcc.h ****   #pragma GCC diagnostic ignored "-Wattributes"
  98:Drivers/CMSIS/Include/cmsis_gcc.h ****   __PACKED_STRUCT T_UINT32_WRITE { uint32_t v; };
  99:Drivers/CMSIS/Include/cmsis_gcc.h ****   #pragma GCC diagnostic pop
 100:Drivers/CMSIS/Include/cmsis_gcc.h ****   #define __UNALIGNED_UINT32_WRITE(addr, val)    (void)((((struct T_UINT32_WRITE *)(void *)(addr))-
 101:Drivers/CMSIS/Include/cmsis_gcc.h **** #endif
 102:Drivers/CMSIS/Include/cmsis_gcc.h **** #ifndef   __UNALIGNED_UINT32_READ
 103:Drivers/CMSIS/Include/cmsis_gcc.h ****   #pragma GCC diagnostic push
 104:Drivers/CMSIS/Include/cmsis_gcc.h ****   #pragma GCC diagnostic ignored "-Wpacked"
 105:Drivers/CMSIS/Include/cmsis_gcc.h ****   #pragma GCC diagnostic ignored "-Wattributes"
 106:Drivers/CMSIS/Include/cmsis_gcc.h ****   __PACKED_STRUCT T_UINT32_READ { uint32_t v; };
 107:Drivers/CMSIS/Include/cmsis_gcc.h ****   #pragma GCC diagnostic pop
 108:Drivers/CMSIS/Include/cmsis_gcc.h ****   #define __UNALIGNED_UINT32_READ(addr)          (((const struct T_UINT32_READ *)(const void *)(add
 109:Drivers/CMSIS/Include/cmsis_gcc.h **** #endif
 110:Drivers/CMSIS/Include/cmsis_gcc.h **** #ifndef   __ALIGNED
 111:Drivers/CMSIS/Include/cmsis_gcc.h ****   #define __ALIGNED(x)                           __attribute__((aligned(x)))
 112:Drivers/CMSIS/Include/cmsis_gcc.h **** #endif
 113:Drivers/CMSIS/Include/cmsis_gcc.h **** #ifndef   __RESTRICT
 114:Drivers/CMSIS/Include/cmsis_gcc.h ****   #define __RESTRICT                             __restrict
 115:Drivers/CMSIS/Include/cmsis_gcc.h **** #endif
 116:Drivers/CMSIS/Include/cmsis_gcc.h **** 
 117:Drivers/CMSIS/Include/cmsis_gcc.h **** 
 118:Drivers/CMSIS/Include/cmsis_gcc.h **** /* ###########################  Core Function Access  ########################### */
 119:Drivers/CMSIS/Include/cmsis_gcc.h **** /** \ingroup  CMSIS_Core_FunctionInterface
 120:Drivers/CMSIS/Include/cmsis_gcc.h ****     \defgroup CMSIS_Core_RegAccFunctions CMSIS Core Register Access Functions
 121:Drivers/CMSIS/Include/cmsis_gcc.h ****   @{
 122:Drivers/CMSIS/Include/cmsis_gcc.h ****  */
 123:Drivers/CMSIS/Include/cmsis_gcc.h **** 
 124:Drivers/CMSIS/Include/cmsis_gcc.h **** /**
 125:Drivers/CMSIS/Include/cmsis_gcc.h ****   \brief   Enable IRQ Interrupts
 126:Drivers/CMSIS/Include/cmsis_gcc.h ****   \details Enables IRQ interrupts by clearing the I-bit in the CPSR.
 127:Drivers/CMSIS/Include/cmsis_gcc.h ****            Can only be executed in Privileged modes.
 128:Drivers/CMSIS/Include/cmsis_gcc.h ****  */
 129:Drivers/CMSIS/Include/cmsis_gcc.h **** __STATIC_FORCEINLINE void __enable_irq(void)
 130:Drivers/CMSIS/Include/cmsis_gcc.h **** {
 131:Drivers/CMSIS/Include/cmsis_gcc.h ****   __ASM volatile ("cpsie i" : : : "memory");
 132:Drivers/CMSIS/Include/cmsis_gcc.h **** }
 133:Drivers/CMSIS/Include/cmsis_gcc.h **** 
 134:Drivers/CMSIS/Include/cmsis_gcc.h **** 
 135:Drivers/CMSIS/Include/cmsis_gcc.h **** /**
 136:Drivers/CMSIS/Include/cmsis_gcc.h ****   \brief   Disable IRQ Interrupts
 137:Drivers/CMSIS/Include/cmsis_gcc.h ****   \details Disables IRQ interrupts by setting the I-bit in the CPSR.
 138:Drivers/CMSIS/Include/cmsis_gcc.h ****            Can only be executed in Privileged modes.
 139:Drivers/CMSIS/Include/cmsis_gcc.h ****  */
 140:Drivers/CMSIS/Include/cmsis_gcc.h **** __STATIC_FORCEINLINE void __disable_irq(void)
 125              		.loc 2 140 27 view .LVU22
ARM GAS  C:\Users\Ebrahim\AppData\Local\Temp\ccRBHkmF.s 			page 9


 126              	.LBB6:
 141:Drivers/CMSIS/Include/cmsis_gcc.h **** {
 142:Drivers/CMSIS/Include/cmsis_gcc.h ****   __ASM volatile ("cpsid i" : : : "memory");
 127              		.loc 2 142 3 view .LVU23
 128              		.syntax unified
 129              	@ 142 "Drivers/CMSIS/Include/cmsis_gcc.h" 1
 130 0000 72B6     		cpsid i
 131              	@ 0 "" 2
 132              		.thumb
 133              		.syntax unified
 134              	.L6:
 135              	.LBE6:
 136              	.LBE5:
 195:Core/Src/main.c ****   while (1)
 137              		.loc 1 195 3 view .LVU24
 196:Core/Src/main.c ****   {
 197:Core/Src/main.c ****   }
 138              		.loc 1 197 3 view .LVU25
 195:Core/Src/main.c ****   while (1)
 139              		.loc 1 195 9 view .LVU26
 140 0002 FEE7     		b	.L6
 141              		.cfi_endproc
 142              	.LFE133:
 144              		.section	.text.SystemClock_Config,"ax",%progbits
 145              		.align	1
 146              		.global	SystemClock_Config
 147              		.syntax unified
 148              		.thumb
 149              		.thumb_func
 151              	SystemClock_Config:
 152              	.LFB131:
 115:Core/Src/main.c ****   RCC_OscInitTypeDef RCC_OscInitStruct = {0};
 153              		.loc 1 115 1 view -0
 154              		.cfi_startproc
 155              		@ args = 0, pretend = 0, frame = 80
 156              		@ frame_needed = 0, uses_anonymous_args = 0
 157 0000 00B5     		push	{lr}
 158              	.LCFI3:
 159              		.cfi_def_cfa_offset 4
 160              		.cfi_offset 14, -4
 161 0002 95B0     		sub	sp, sp, #84
 162              	.LCFI4:
 163              		.cfi_def_cfa_offset 88
 116:Core/Src/main.c ****   RCC_ClkInitTypeDef RCC_ClkInitStruct = {0};
 164              		.loc 1 116 3 view .LVU28
 116:Core/Src/main.c ****   RCC_ClkInitTypeDef RCC_ClkInitStruct = {0};
 165              		.loc 1 116 22 is_stmt 0 view .LVU29
 166 0004 3422     		movs	r2, #52
 167 0006 0021     		movs	r1, #0
 168 0008 07A8     		add	r0, sp, #28
 169 000a FFF7FEFF 		bl	memset
 170              	.LVL2:
 117:Core/Src/main.c **** 
 171              		.loc 1 117 3 is_stmt 1 view .LVU30
 117:Core/Src/main.c **** 
 172              		.loc 1 117 22 is_stmt 0 view .LVU31
 173 000e 0023     		movs	r3, #0
ARM GAS  C:\Users\Ebrahim\AppData\Local\Temp\ccRBHkmF.s 			page 10


 174 0010 0293     		str	r3, [sp, #8]
 175 0012 0393     		str	r3, [sp, #12]
 176 0014 0493     		str	r3, [sp, #16]
 177 0016 0593     		str	r3, [sp, #20]
 178 0018 0693     		str	r3, [sp, #24]
 121:Core/Src/main.c ****   __HAL_PWR_VOLTAGESCALING_CONFIG(PWR_REGULATOR_VOLTAGE_SCALE3);
 179              		.loc 1 121 3 is_stmt 1 view .LVU32
 180              	.LBB7:
 121:Core/Src/main.c ****   __HAL_PWR_VOLTAGESCALING_CONFIG(PWR_REGULATOR_VOLTAGE_SCALE3);
 181              		.loc 1 121 3 view .LVU33
 182 001a 0093     		str	r3, [sp]
 121:Core/Src/main.c ****   __HAL_PWR_VOLTAGESCALING_CONFIG(PWR_REGULATOR_VOLTAGE_SCALE3);
 183              		.loc 1 121 3 view .LVU34
 184 001c 194A     		ldr	r2, .L13
 185 001e 116C     		ldr	r1, [r2, #64]
 186 0020 41F08051 		orr	r1, r1, #268435456
 187 0024 1164     		str	r1, [r2, #64]
 121:Core/Src/main.c ****   __HAL_PWR_VOLTAGESCALING_CONFIG(PWR_REGULATOR_VOLTAGE_SCALE3);
 188              		.loc 1 121 3 view .LVU35
 189 0026 126C     		ldr	r2, [r2, #64]
 190 0028 02F08052 		and	r2, r2, #268435456
 191 002c 0092     		str	r2, [sp]
 121:Core/Src/main.c ****   __HAL_PWR_VOLTAGESCALING_CONFIG(PWR_REGULATOR_VOLTAGE_SCALE3);
 192              		.loc 1 121 3 view .LVU36
 193 002e 009A     		ldr	r2, [sp]
 194              	.LBE7:
 121:Core/Src/main.c ****   __HAL_PWR_VOLTAGESCALING_CONFIG(PWR_REGULATOR_VOLTAGE_SCALE3);
 195              		.loc 1 121 3 view .LVU37
 122:Core/Src/main.c **** 
 196              		.loc 1 122 3 view .LVU38
 197              	.LBB8:
 122:Core/Src/main.c **** 
 198              		.loc 1 122 3 view .LVU39
 199 0030 0193     		str	r3, [sp, #4]
 122:Core/Src/main.c **** 
 200              		.loc 1 122 3 view .LVU40
 201 0032 1549     		ldr	r1, .L13+4
 202 0034 0A68     		ldr	r2, [r1]
 203 0036 22F44042 		bic	r2, r2, #49152
 204 003a 42F48042 		orr	r2, r2, #16384
 205 003e 0A60     		str	r2, [r1]
 122:Core/Src/main.c **** 
 206              		.loc 1 122 3 view .LVU41
 207 0040 0A68     		ldr	r2, [r1]
 208 0042 02F44042 		and	r2, r2, #49152
 209 0046 0192     		str	r2, [sp, #4]
 122:Core/Src/main.c **** 
 210              		.loc 1 122 3 view .LVU42
 211 0048 019A     		ldr	r2, [sp, #4]
 212              	.LBE8:
 122:Core/Src/main.c **** 
 213              		.loc 1 122 3 view .LVU43
 127:Core/Src/main.c ****   RCC_OscInitStruct.HSIState = RCC_HSI_ON;
 214              		.loc 1 127 3 view .LVU44
 127:Core/Src/main.c ****   RCC_OscInitStruct.HSIState = RCC_HSI_ON;
 215              		.loc 1 127 36 is_stmt 0 view .LVU45
 216 004a 0222     		movs	r2, #2
ARM GAS  C:\Users\Ebrahim\AppData\Local\Temp\ccRBHkmF.s 			page 11


 217 004c 0792     		str	r2, [sp, #28]
 128:Core/Src/main.c ****   RCC_OscInitStruct.HSICalibrationValue = RCC_HSICALIBRATION_DEFAULT;
 218              		.loc 1 128 3 is_stmt 1 view .LVU46
 128:Core/Src/main.c ****   RCC_OscInitStruct.HSICalibrationValue = RCC_HSICALIBRATION_DEFAULT;
 219              		.loc 1 128 30 is_stmt 0 view .LVU47
 220 004e 0122     		movs	r2, #1
 221 0050 0A92     		str	r2, [sp, #40]
 129:Core/Src/main.c ****   RCC_OscInitStruct.PLL.PLLState = RCC_PLL_NONE;
 222              		.loc 1 129 3 is_stmt 1 view .LVU48
 129:Core/Src/main.c ****   RCC_OscInitStruct.PLL.PLLState = RCC_PLL_NONE;
 223              		.loc 1 129 41 is_stmt 0 view .LVU49
 224 0052 1022     		movs	r2, #16
 225 0054 0B92     		str	r2, [sp, #44]
 130:Core/Src/main.c ****   if (HAL_RCC_OscConfig(&RCC_OscInitStruct) != HAL_OK)
 226              		.loc 1 130 3 is_stmt 1 view .LVU50
 130:Core/Src/main.c ****   if (HAL_RCC_OscConfig(&RCC_OscInitStruct) != HAL_OK)
 227              		.loc 1 130 34 is_stmt 0 view .LVU51
 228 0056 0D93     		str	r3, [sp, #52]
 131:Core/Src/main.c ****   {
 229              		.loc 1 131 3 is_stmt 1 view .LVU52
 131:Core/Src/main.c ****   {
 230              		.loc 1 131 7 is_stmt 0 view .LVU53
 231 0058 07A8     		add	r0, sp, #28
 232 005a FFF7FEFF 		bl	HAL_RCC_OscConfig
 233              	.LVL3:
 131:Core/Src/main.c ****   {
 234              		.loc 1 131 6 discriminator 1 view .LVU54
 235 005e 68B9     		cbnz	r0, .L11
 138:Core/Src/main.c ****                               |RCC_CLOCKTYPE_PCLK1|RCC_CLOCKTYPE_PCLK2;
 236              		.loc 1 138 3 is_stmt 1 view .LVU55
 138:Core/Src/main.c ****                               |RCC_CLOCKTYPE_PCLK1|RCC_CLOCKTYPE_PCLK2;
 237              		.loc 1 138 31 is_stmt 0 view .LVU56
 238 0060 0F23     		movs	r3, #15
 239 0062 0293     		str	r3, [sp, #8]
 140:Core/Src/main.c ****   RCC_ClkInitStruct.AHBCLKDivider = RCC_SYSCLK_DIV1;
 240              		.loc 1 140 3 is_stmt 1 view .LVU57
 140:Core/Src/main.c ****   RCC_ClkInitStruct.AHBCLKDivider = RCC_SYSCLK_DIV1;
 241              		.loc 1 140 34 is_stmt 0 view .LVU58
 242 0064 0021     		movs	r1, #0
 243 0066 0391     		str	r1, [sp, #12]
 141:Core/Src/main.c ****   RCC_ClkInitStruct.APB1CLKDivider = RCC_HCLK_DIV1;
 244              		.loc 1 141 3 is_stmt 1 view .LVU59
 141:Core/Src/main.c ****   RCC_ClkInitStruct.APB1CLKDivider = RCC_HCLK_DIV1;
 245              		.loc 1 141 35 is_stmt 0 view .LVU60
 246 0068 0491     		str	r1, [sp, #16]
 142:Core/Src/main.c ****   RCC_ClkInitStruct.APB2CLKDivider = RCC_HCLK_DIV1;
 247              		.loc 1 142 3 is_stmt 1 view .LVU61
 142:Core/Src/main.c ****   RCC_ClkInitStruct.APB2CLKDivider = RCC_HCLK_DIV1;
 248              		.loc 1 142 36 is_stmt 0 view .LVU62
 249 006a 0591     		str	r1, [sp, #20]
 143:Core/Src/main.c **** 
 250              		.loc 1 143 3 is_stmt 1 view .LVU63
 143:Core/Src/main.c **** 
 251              		.loc 1 143 36 is_stmt 0 view .LVU64
 252 006c 0691     		str	r1, [sp, #24]
 145:Core/Src/main.c ****   {
 253              		.loc 1 145 3 is_stmt 1 view .LVU65
ARM GAS  C:\Users\Ebrahim\AppData\Local\Temp\ccRBHkmF.s 			page 12


 145:Core/Src/main.c ****   {
 254              		.loc 1 145 7 is_stmt 0 view .LVU66
 255 006e 02A8     		add	r0, sp, #8
 256 0070 FFF7FEFF 		bl	HAL_RCC_ClockConfig
 257              	.LVL4:
 145:Core/Src/main.c ****   {
 258              		.loc 1 145 6 discriminator 1 view .LVU67
 259 0074 20B9     		cbnz	r0, .L12
 149:Core/Src/main.c **** 
 260              		.loc 1 149 1 view .LVU68
 261 0076 15B0     		add	sp, sp, #84
 262              	.LCFI5:
 263              		.cfi_remember_state
 264              		.cfi_def_cfa_offset 4
 265              		@ sp needed
 266 0078 5DF804FB 		ldr	pc, [sp], #4
 267              	.L11:
 268              	.LCFI6:
 269              		.cfi_restore_state
 133:Core/Src/main.c ****   }
 270              		.loc 1 133 5 is_stmt 1 view .LVU69
 271 007c FFF7FEFF 		bl	Error_Handler
 272              	.LVL5:
 273              	.L12:
 147:Core/Src/main.c ****   }
 274              		.loc 1 147 5 view .LVU70
 275 0080 FFF7FEFF 		bl	Error_Handler
 276              	.LVL6:
 277              	.L14:
 278              		.align	2
 279              	.L13:
 280 0084 00380240 		.word	1073887232
 281 0088 00700040 		.word	1073770496
 282              		.cfi_endproc
 283              	.LFE131:
 285              		.section	.text.main,"ax",%progbits
 286              		.align	1
 287              		.global	main
 288              		.syntax unified
 289              		.thumb
 290              		.thumb_func
 292              	main:
 293              	.LFB130:
  65:Core/Src/main.c ****   /* USER CODE BEGIN 1 */
 294              		.loc 1 65 1 view -0
 295              		.cfi_startproc
 296              		@ Volatile: function does not return.
 297              		@ args = 0, pretend = 0, frame = 0
 298              		@ frame_needed = 0, uses_anonymous_args = 0
 299 0000 08B5     		push	{r3, lr}
 300              	.LCFI7:
 301              		.cfi_def_cfa_offset 8
 302              		.cfi_offset 3, -8
 303              		.cfi_offset 14, -4
  73:Core/Src/main.c **** 
 304              		.loc 1 73 3 view .LVU72
 305 0002 FFF7FEFF 		bl	HAL_Init
ARM GAS  C:\Users\Ebrahim\AppData\Local\Temp\ccRBHkmF.s 			page 13


 306              	.LVL7:
  80:Core/Src/main.c **** 
 307              		.loc 1 80 3 view .LVU73
 308 0006 FFF7FEFF 		bl	SystemClock_Config
 309              	.LVL8:
  87:Core/Src/main.c ****   /* USER CODE BEGIN 2 */
 310              		.loc 1 87 3 view .LVU74
 311 000a FFF7FEFF 		bl	MX_GPIO_Init
 312              	.LVL9:
 313              	.L16:
  94:Core/Src/main.c ****   {
 314              		.loc 1 94 3 view .LVU75
 102:Core/Src/main.c **** 	                            |GPIO_PIN_4|GPIO_PIN_5|GPIO_PIN_6|GPIO_PIN_7);
 315              		.loc 1 102 7 view .LVU76
 316 000e FF21     		movs	r1, #255
 317 0010 0348     		ldr	r0, .L18
 318 0012 FFF7FEFF 		bl	HAL_GPIO_TogglePin
 319              	.LVL10:
 105:Core/Src/main.c ****   }
 320              		.loc 1 105 7 discriminator 1 view .LVU77
 321 0016 4FF47A70 		mov	r0, #1000
 322 001a FFF7FEFF 		bl	HAL_Delay
 323              	.LVL11:
  94:Core/Src/main.c ****   {
 324              		.loc 1 94 9 view .LVU78
 325 001e F6E7     		b	.L16
 326              	.L19:
 327              		.align	2
 328              	.L18:
 329 0020 00040240 		.word	1073873920
 330              		.cfi_endproc
 331              	.LFE130:
 333              		.text
 334              	.Letext0:
 335              		.file 3 "C:\\ST\\STM32CubeIDE_1.19.0\\STM32CubeIDE\\plugins\\com.st.stm32cube.ide.mcu.externaltool
 336              		.file 4 "C:\\ST\\STM32CubeIDE_1.19.0\\STM32CubeIDE\\plugins\\com.st.stm32cube.ide.mcu.externaltool
 337              		.file 5 "Drivers/CMSIS/Device/ST/STM32F4xx/Include/stm32f446xx.h"
 338              		.file 6 "Drivers/STM32F4xx_HAL_Driver/Inc/stm32f4xx_hal_def.h"
 339              		.file 7 "Drivers/STM32F4xx_HAL_Driver/Inc/stm32f4xx_hal_rcc_ex.h"
 340              		.file 8 "Drivers/STM32F4xx_HAL_Driver/Inc/stm32f4xx_hal_rcc.h"
 341              		.file 9 "Drivers/STM32F4xx_HAL_Driver/Inc/stm32f4xx_hal_gpio.h"
 342              		.file 10 "Drivers/STM32F4xx_HAL_Driver/Inc/stm32f4xx_hal.h"
 343              		.file 11 "<built-in>"
ARM GAS  C:\Users\Ebrahim\AppData\Local\Temp\ccRBHkmF.s 			page 14


DEFINED SYMBOLS
                            *ABS*:00000000 main.c
C:\Users\Ebrahim\AppData\Local\Temp\ccRBHkmF.s:21     .text.MX_GPIO_Init:00000000 $t
C:\Users\Ebrahim\AppData\Local\Temp\ccRBHkmF.s:26     .text.MX_GPIO_Init:00000000 MX_GPIO_Init
C:\Users\Ebrahim\AppData\Local\Temp\ccRBHkmF.s:101    .text.MX_GPIO_Init:0000004c $d
C:\Users\Ebrahim\AppData\Local\Temp\ccRBHkmF.s:107    .text.Error_Handler:00000000 $t
C:\Users\Ebrahim\AppData\Local\Temp\ccRBHkmF.s:113    .text.Error_Handler:00000000 Error_Handler
C:\Users\Ebrahim\AppData\Local\Temp\ccRBHkmF.s:145    .text.SystemClock_Config:00000000 $t
C:\Users\Ebrahim\AppData\Local\Temp\ccRBHkmF.s:151    .text.SystemClock_Config:00000000 SystemClock_Config
C:\Users\Ebrahim\AppData\Local\Temp\ccRBHkmF.s:280    .text.SystemClock_Config:00000084 $d
C:\Users\Ebrahim\AppData\Local\Temp\ccRBHkmF.s:286    .text.main:00000000 $t
C:\Users\Ebrahim\AppData\Local\Temp\ccRBHkmF.s:292    .text.main:00000000 main
C:\Users\Ebrahim\AppData\Local\Temp\ccRBHkmF.s:329    .text.main:00000020 $d

UNDEFINED SYMBOLS
HAL_GPIO_WritePin
HAL_GPIO_Init
memset
HAL_RCC_OscConfig
HAL_RCC_ClockConfig
HAL_Init
HAL_GPIO_TogglePin
HAL_Delay
