ARM GAS  C:\Users\Ebrahim\AppData\Local\Temp\ccFr6j4z.s 			page 1


   1              		.cpu cortex-m4
   2              		.arch armv7e-m
   3              		.fpu softvfp
   4              		.eabi_attribute 20, 1
   5              		.eabi_attribute 21, 1
   6              		.eabi_attribute 23, 3
   7              		.eabi_attribute 24, 1
   8              		.eabi_attribute 25, 1
   9              		.eabi_attribute 26, 1
  10              		.eabi_attribute 30, 1
  11              		.eabi_attribute 34, 1
  12              		.eabi_attribute 18, 4
  13              		.file	"stm32f4xx_hal_flash_ramfunc.c"
  14              		.text
  15              	.Ltext0:
  16              		.cfi_sections	.debug_frame
  17              		.file 1 "Drivers/STM32F4xx_HAL_Driver/Src/stm32f4xx_hal_flash_ramfunc.c"
  18              		.section	.RamFunc,"ax",%progbits
  19              		.align	1
  20              		.global	HAL_FLASHEx_StopFlashInterfaceClk
  21              		.syntax unified
  22              		.thumb
  23              		.thumb_func
  25              	HAL_FLASHEx_StopFlashInterfaceClk:
  26              	.LFB134:
   1:Drivers/STM32F4xx_HAL_Driver/Src/stm32f4xx_hal_flash_ramfunc.c **** /**
   2:Drivers/STM32F4xx_HAL_Driver/Src/stm32f4xx_hal_flash_ramfunc.c ****   ******************************************************************************
   3:Drivers/STM32F4xx_HAL_Driver/Src/stm32f4xx_hal_flash_ramfunc.c ****   * @file    stm32f4xx_hal_flash_ramfunc.c
   4:Drivers/STM32F4xx_HAL_Driver/Src/stm32f4xx_hal_flash_ramfunc.c ****   * @author  MCD Application Team
   5:Drivers/STM32F4xx_HAL_Driver/Src/stm32f4xx_hal_flash_ramfunc.c ****   * @brief   FLASH RAMFUNC module driver.
   6:Drivers/STM32F4xx_HAL_Driver/Src/stm32f4xx_hal_flash_ramfunc.c ****   *          This file provides a FLASH firmware functions which should be
   7:Drivers/STM32F4xx_HAL_Driver/Src/stm32f4xx_hal_flash_ramfunc.c ****   *          executed from internal SRAM
   8:Drivers/STM32F4xx_HAL_Driver/Src/stm32f4xx_hal_flash_ramfunc.c ****   *            + Stop/Start the flash interface while System Run
   9:Drivers/STM32F4xx_HAL_Driver/Src/stm32f4xx_hal_flash_ramfunc.c ****   *            + Enable/Disable the flash sleep while System Run
  10:Drivers/STM32F4xx_HAL_Driver/Src/stm32f4xx_hal_flash_ramfunc.c ****   @verbatim
  11:Drivers/STM32F4xx_HAL_Driver/Src/stm32f4xx_hal_flash_ramfunc.c ****   ==============================================================================
  12:Drivers/STM32F4xx_HAL_Driver/Src/stm32f4xx_hal_flash_ramfunc.c ****                     ##### APIs executed from Internal RAM #####
  13:Drivers/STM32F4xx_HAL_Driver/Src/stm32f4xx_hal_flash_ramfunc.c ****   ==============================================================================
  14:Drivers/STM32F4xx_HAL_Driver/Src/stm32f4xx_hal_flash_ramfunc.c ****   [..]
  15:Drivers/STM32F4xx_HAL_Driver/Src/stm32f4xx_hal_flash_ramfunc.c ****     *** ARM Compiler ***
  16:Drivers/STM32F4xx_HAL_Driver/Src/stm32f4xx_hal_flash_ramfunc.c ****     --------------------
  17:Drivers/STM32F4xx_HAL_Driver/Src/stm32f4xx_hal_flash_ramfunc.c ****     [..] RAM functions are defined using the toolchain options.
  18:Drivers/STM32F4xx_HAL_Driver/Src/stm32f4xx_hal_flash_ramfunc.c ****          Functions that are be executed in RAM should reside in a separate
  19:Drivers/STM32F4xx_HAL_Driver/Src/stm32f4xx_hal_flash_ramfunc.c ****          source module. Using the 'Options for File' dialog you can simply change
  20:Drivers/STM32F4xx_HAL_Driver/Src/stm32f4xx_hal_flash_ramfunc.c ****          the 'Code / Const' area of a module to a memory space in physical RAM.
  21:Drivers/STM32F4xx_HAL_Driver/Src/stm32f4xx_hal_flash_ramfunc.c ****          Available memory areas are declared in the 'Target' tab of the
  22:Drivers/STM32F4xx_HAL_Driver/Src/stm32f4xx_hal_flash_ramfunc.c ****          Options for Target' dialog.
  23:Drivers/STM32F4xx_HAL_Driver/Src/stm32f4xx_hal_flash_ramfunc.c **** 
  24:Drivers/STM32F4xx_HAL_Driver/Src/stm32f4xx_hal_flash_ramfunc.c ****     *** ICCARM Compiler ***
  25:Drivers/STM32F4xx_HAL_Driver/Src/stm32f4xx_hal_flash_ramfunc.c ****     -----------------------
  26:Drivers/STM32F4xx_HAL_Driver/Src/stm32f4xx_hal_flash_ramfunc.c ****     [..] RAM functions are defined using a specific toolchain keyword "__ramfunc".
  27:Drivers/STM32F4xx_HAL_Driver/Src/stm32f4xx_hal_flash_ramfunc.c **** 
  28:Drivers/STM32F4xx_HAL_Driver/Src/stm32f4xx_hal_flash_ramfunc.c ****     *** GNU Compiler ***
  29:Drivers/STM32F4xx_HAL_Driver/Src/stm32f4xx_hal_flash_ramfunc.c ****     --------------------
  30:Drivers/STM32F4xx_HAL_Driver/Src/stm32f4xx_hal_flash_ramfunc.c ****     [..] RAM functions are defined using a specific toolchain attribute
  31:Drivers/STM32F4xx_HAL_Driver/Src/stm32f4xx_hal_flash_ramfunc.c ****          "__attribute__((section(".RamFunc")))".
  32:Drivers/STM32F4xx_HAL_Driver/Src/stm32f4xx_hal_flash_ramfunc.c **** 
ARM GAS  C:\Users\Ebrahim\AppData\Local\Temp\ccFr6j4z.s 			page 2


  33:Drivers/STM32F4xx_HAL_Driver/Src/stm32f4xx_hal_flash_ramfunc.c ****   @endverbatim
  34:Drivers/STM32F4xx_HAL_Driver/Src/stm32f4xx_hal_flash_ramfunc.c ****   ******************************************************************************
  35:Drivers/STM32F4xx_HAL_Driver/Src/stm32f4xx_hal_flash_ramfunc.c ****   * @attention
  36:Drivers/STM32F4xx_HAL_Driver/Src/stm32f4xx_hal_flash_ramfunc.c ****   *
  37:Drivers/STM32F4xx_HAL_Driver/Src/stm32f4xx_hal_flash_ramfunc.c ****   * Copyright (c) 2017 STMicroelectronics.
  38:Drivers/STM32F4xx_HAL_Driver/Src/stm32f4xx_hal_flash_ramfunc.c ****   * All rights reserved.
  39:Drivers/STM32F4xx_HAL_Driver/Src/stm32f4xx_hal_flash_ramfunc.c ****   *
  40:Drivers/STM32F4xx_HAL_Driver/Src/stm32f4xx_hal_flash_ramfunc.c ****   * This software is licensed under terms that can be found in the LICENSE file in
  41:Drivers/STM32F4xx_HAL_Driver/Src/stm32f4xx_hal_flash_ramfunc.c ****   * the root directory of this software component.
  42:Drivers/STM32F4xx_HAL_Driver/Src/stm32f4xx_hal_flash_ramfunc.c ****   * If no LICENSE file comes with this software, it is provided AS-IS.
  43:Drivers/STM32F4xx_HAL_Driver/Src/stm32f4xx_hal_flash_ramfunc.c ****   ******************************************************************************
  44:Drivers/STM32F4xx_HAL_Driver/Src/stm32f4xx_hal_flash_ramfunc.c ****   */
  45:Drivers/STM32F4xx_HAL_Driver/Src/stm32f4xx_hal_flash_ramfunc.c **** 
  46:Drivers/STM32F4xx_HAL_Driver/Src/stm32f4xx_hal_flash_ramfunc.c **** /* Includes ------------------------------------------------------------------*/
  47:Drivers/STM32F4xx_HAL_Driver/Src/stm32f4xx_hal_flash_ramfunc.c **** #include "stm32f4xx_hal.h"
  48:Drivers/STM32F4xx_HAL_Driver/Src/stm32f4xx_hal_flash_ramfunc.c **** 
  49:Drivers/STM32F4xx_HAL_Driver/Src/stm32f4xx_hal_flash_ramfunc.c **** /** @addtogroup STM32F4xx_HAL_Driver
  50:Drivers/STM32F4xx_HAL_Driver/Src/stm32f4xx_hal_flash_ramfunc.c ****   * @{
  51:Drivers/STM32F4xx_HAL_Driver/Src/stm32f4xx_hal_flash_ramfunc.c ****   */
  52:Drivers/STM32F4xx_HAL_Driver/Src/stm32f4xx_hal_flash_ramfunc.c **** 
  53:Drivers/STM32F4xx_HAL_Driver/Src/stm32f4xx_hal_flash_ramfunc.c **** /** @defgroup FLASH_RAMFUNC FLASH RAMFUNC
  54:Drivers/STM32F4xx_HAL_Driver/Src/stm32f4xx_hal_flash_ramfunc.c ****   * @brief FLASH functions executed from RAM
  55:Drivers/STM32F4xx_HAL_Driver/Src/stm32f4xx_hal_flash_ramfunc.c ****   * @{
  56:Drivers/STM32F4xx_HAL_Driver/Src/stm32f4xx_hal_flash_ramfunc.c ****   */
  57:Drivers/STM32F4xx_HAL_Driver/Src/stm32f4xx_hal_flash_ramfunc.c **** #ifdef HAL_FLASH_MODULE_ENABLED
  58:Drivers/STM32F4xx_HAL_Driver/Src/stm32f4xx_hal_flash_ramfunc.c **** #if defined(STM32F410Tx) || defined(STM32F410Cx) || defined(STM32F410Rx) || defined(STM32F411xE) ||
  59:Drivers/STM32F4xx_HAL_Driver/Src/stm32f4xx_hal_flash_ramfunc.c ****     defined(STM32F412Rx) || defined(STM32F412Cx)
  60:Drivers/STM32F4xx_HAL_Driver/Src/stm32f4xx_hal_flash_ramfunc.c **** 
  61:Drivers/STM32F4xx_HAL_Driver/Src/stm32f4xx_hal_flash_ramfunc.c **** /* Private typedef -----------------------------------------------------------*/
  62:Drivers/STM32F4xx_HAL_Driver/Src/stm32f4xx_hal_flash_ramfunc.c **** /* Private define ------------------------------------------------------------*/
  63:Drivers/STM32F4xx_HAL_Driver/Src/stm32f4xx_hal_flash_ramfunc.c **** /* Private macro -------------------------------------------------------------*/
  64:Drivers/STM32F4xx_HAL_Driver/Src/stm32f4xx_hal_flash_ramfunc.c **** /* Private variables ---------------------------------------------------------*/
  65:Drivers/STM32F4xx_HAL_Driver/Src/stm32f4xx_hal_flash_ramfunc.c **** /* Private function prototypes -----------------------------------------------*/
  66:Drivers/STM32F4xx_HAL_Driver/Src/stm32f4xx_hal_flash_ramfunc.c **** /* Exported functions --------------------------------------------------------*/
  67:Drivers/STM32F4xx_HAL_Driver/Src/stm32f4xx_hal_flash_ramfunc.c **** /** @defgroup FLASH_RAMFUNC_Exported_Functions FLASH RAMFUNC Exported Functions
  68:Drivers/STM32F4xx_HAL_Driver/Src/stm32f4xx_hal_flash_ramfunc.c ****   * @{
  69:Drivers/STM32F4xx_HAL_Driver/Src/stm32f4xx_hal_flash_ramfunc.c ****   */
  70:Drivers/STM32F4xx_HAL_Driver/Src/stm32f4xx_hal_flash_ramfunc.c **** 
  71:Drivers/STM32F4xx_HAL_Driver/Src/stm32f4xx_hal_flash_ramfunc.c **** /** @defgroup FLASH_RAMFUNC_Exported_Functions_Group1 Peripheral features functions executed from i
  72:Drivers/STM32F4xx_HAL_Driver/Src/stm32f4xx_hal_flash_ramfunc.c ****   *  @brief Peripheral Extended features functions
  73:Drivers/STM32F4xx_HAL_Driver/Src/stm32f4xx_hal_flash_ramfunc.c ****   *
  74:Drivers/STM32F4xx_HAL_Driver/Src/stm32f4xx_hal_flash_ramfunc.c **** @verbatim
  75:Drivers/STM32F4xx_HAL_Driver/Src/stm32f4xx_hal_flash_ramfunc.c **** 
  76:Drivers/STM32F4xx_HAL_Driver/Src/stm32f4xx_hal_flash_ramfunc.c ****  ===============================================================================
  77:Drivers/STM32F4xx_HAL_Driver/Src/stm32f4xx_hal_flash_ramfunc.c ****                       ##### ramfunc functions #####
  78:Drivers/STM32F4xx_HAL_Driver/Src/stm32f4xx_hal_flash_ramfunc.c ****  ===============================================================================
  79:Drivers/STM32F4xx_HAL_Driver/Src/stm32f4xx_hal_flash_ramfunc.c ****     [..]
  80:Drivers/STM32F4xx_HAL_Driver/Src/stm32f4xx_hal_flash_ramfunc.c ****     This subsection provides a set of functions that should be executed from RAM
  81:Drivers/STM32F4xx_HAL_Driver/Src/stm32f4xx_hal_flash_ramfunc.c ****     transfers.
  82:Drivers/STM32F4xx_HAL_Driver/Src/stm32f4xx_hal_flash_ramfunc.c **** 
  83:Drivers/STM32F4xx_HAL_Driver/Src/stm32f4xx_hal_flash_ramfunc.c **** @endverbatim
  84:Drivers/STM32F4xx_HAL_Driver/Src/stm32f4xx_hal_flash_ramfunc.c ****   * @{
  85:Drivers/STM32F4xx_HAL_Driver/Src/stm32f4xx_hal_flash_ramfunc.c ****   */
  86:Drivers/STM32F4xx_HAL_Driver/Src/stm32f4xx_hal_flash_ramfunc.c **** 
  87:Drivers/STM32F4xx_HAL_Driver/Src/stm32f4xx_hal_flash_ramfunc.c **** /**
  88:Drivers/STM32F4xx_HAL_Driver/Src/stm32f4xx_hal_flash_ramfunc.c ****   * @brief Stop the flash interface while System Run
  89:Drivers/STM32F4xx_HAL_Driver/Src/stm32f4xx_hal_flash_ramfunc.c ****   * @note  This mode is only available for STM32F41xxx/STM32F446xx devices.
ARM GAS  C:\Users\Ebrahim\AppData\Local\Temp\ccFr6j4z.s 			page 3


  90:Drivers/STM32F4xx_HAL_Driver/Src/stm32f4xx_hal_flash_ramfunc.c ****   * @note  This mode couldn't be set while executing with the flash itself.
  91:Drivers/STM32F4xx_HAL_Driver/Src/stm32f4xx_hal_flash_ramfunc.c ****   *        It should be done with specific routine executed from RAM.
  92:Drivers/STM32F4xx_HAL_Driver/Src/stm32f4xx_hal_flash_ramfunc.c ****   * @retval HAL status
  93:Drivers/STM32F4xx_HAL_Driver/Src/stm32f4xx_hal_flash_ramfunc.c ****   */
  94:Drivers/STM32F4xx_HAL_Driver/Src/stm32f4xx_hal_flash_ramfunc.c **** __RAM_FUNC HAL_StatusTypeDef HAL_FLASHEx_StopFlashInterfaceClk(void)
  95:Drivers/STM32F4xx_HAL_Driver/Src/stm32f4xx_hal_flash_ramfunc.c **** {
  27              		.loc 1 95 1 view -0
  28              		.cfi_startproc
  29              		@ args = 0, pretend = 0, frame = 8
  30              		@ frame_needed = 0, uses_anonymous_args = 0
  31              		@ link register save eliminated.
  32 0000 82B0     		sub	sp, sp, #8
  33              	.LCFI0:
  34              		.cfi_def_cfa_offset 8
  96:Drivers/STM32F4xx_HAL_Driver/Src/stm32f4xx_hal_flash_ramfunc.c ****   /* Enable Power ctrl clock */
  97:Drivers/STM32F4xx_HAL_Driver/Src/stm32f4xx_hal_flash_ramfunc.c ****   __HAL_RCC_PWR_CLK_ENABLE();
  35              		.loc 1 97 3 view .LVU1
  36              	.LBB2:
  37              		.loc 1 97 3 view .LVU2
  38 0002 0020     		movs	r0, #0
  39 0004 0190     		str	r0, [sp, #4]
  40              		.loc 1 97 3 view .LVU3
  41 0006 084B     		ldr	r3, .L3
  42 0008 1A6C     		ldr	r2, [r3, #64]
  43 000a 42F08052 		orr	r2, r2, #268435456
  44 000e 1A64     		str	r2, [r3, #64]
  45              		.loc 1 97 3 view .LVU4
  46 0010 1B6C     		ldr	r3, [r3, #64]
  47 0012 03F08053 		and	r3, r3, #268435456
  48 0016 0193     		str	r3, [sp, #4]
  49              		.loc 1 97 3 view .LVU5
  50 0018 019B     		ldr	r3, [sp, #4]
  51              	.LBE2:
  52              		.loc 1 97 3 view .LVU6
  98:Drivers/STM32F4xx_HAL_Driver/Src/stm32f4xx_hal_flash_ramfunc.c ****   /* Stop the flash interface while System Run */
  99:Drivers/STM32F4xx_HAL_Driver/Src/stm32f4xx_hal_flash_ramfunc.c ****   SET_BIT(PWR->CR, PWR_CR_FISSR);
  53              		.loc 1 99 3 view .LVU7
  54 001a 044A     		ldr	r2, .L3+4
  55 001c 1368     		ldr	r3, [r2]
  56 001e 43F40013 		orr	r3, r3, #2097152
  57 0022 1360     		str	r3, [r2]
 100:Drivers/STM32F4xx_HAL_Driver/Src/stm32f4xx_hal_flash_ramfunc.c **** 
 101:Drivers/STM32F4xx_HAL_Driver/Src/stm32f4xx_hal_flash_ramfunc.c ****   return HAL_OK;
  58              		.loc 1 101 3 view .LVU8
 102:Drivers/STM32F4xx_HAL_Driver/Src/stm32f4xx_hal_flash_ramfunc.c **** }
  59              		.loc 1 102 1 is_stmt 0 view .LVU9
  60 0024 02B0     		add	sp, sp, #8
  61              	.LCFI1:
  62              		.cfi_def_cfa_offset 0
  63              		@ sp needed
  64 0026 7047     		bx	lr
  65              	.L4:
  66              		.align	2
  67              	.L3:
  68 0028 00380240 		.word	1073887232
  69 002c 00700040 		.word	1073770496
  70              		.cfi_endproc
ARM GAS  C:\Users\Ebrahim\AppData\Local\Temp\ccFr6j4z.s 			page 4


  71              	.LFE134:
  73              		.align	1
  74              		.global	HAL_FLASHEx_StartFlashInterfaceClk
  75              		.syntax unified
  76              		.thumb
  77              		.thumb_func
  79              	HAL_FLASHEx_StartFlashInterfaceClk:
  80              	.LFB135:
 103:Drivers/STM32F4xx_HAL_Driver/Src/stm32f4xx_hal_flash_ramfunc.c **** 
 104:Drivers/STM32F4xx_HAL_Driver/Src/stm32f4xx_hal_flash_ramfunc.c **** /**
 105:Drivers/STM32F4xx_HAL_Driver/Src/stm32f4xx_hal_flash_ramfunc.c ****   * @brief Start the flash interface while System Run
 106:Drivers/STM32F4xx_HAL_Driver/Src/stm32f4xx_hal_flash_ramfunc.c ****   * @note  This mode is only available for STM32F411xx/STM32F446xx devices.
 107:Drivers/STM32F4xx_HAL_Driver/Src/stm32f4xx_hal_flash_ramfunc.c ****   * @note  This mode couldn't be set while executing with the flash itself.
 108:Drivers/STM32F4xx_HAL_Driver/Src/stm32f4xx_hal_flash_ramfunc.c ****   *        It should be done with specific routine executed from RAM.
 109:Drivers/STM32F4xx_HAL_Driver/Src/stm32f4xx_hal_flash_ramfunc.c ****   * @retval HAL status
 110:Drivers/STM32F4xx_HAL_Driver/Src/stm32f4xx_hal_flash_ramfunc.c ****   */
 111:Drivers/STM32F4xx_HAL_Driver/Src/stm32f4xx_hal_flash_ramfunc.c **** __RAM_FUNC HAL_StatusTypeDef HAL_FLASHEx_StartFlashInterfaceClk(void)
 112:Drivers/STM32F4xx_HAL_Driver/Src/stm32f4xx_hal_flash_ramfunc.c **** {
  81              		.loc 1 112 1 is_stmt 1 view -0
  82              		.cfi_startproc
  83              		@ args = 0, pretend = 0, frame = 8
  84              		@ frame_needed = 0, uses_anonymous_args = 0
  85              		@ link register save eliminated.
  86 0030 82B0     		sub	sp, sp, #8
  87              	.LCFI2:
  88              		.cfi_def_cfa_offset 8
 113:Drivers/STM32F4xx_HAL_Driver/Src/stm32f4xx_hal_flash_ramfunc.c ****   /* Enable Power ctrl clock */
 114:Drivers/STM32F4xx_HAL_Driver/Src/stm32f4xx_hal_flash_ramfunc.c ****   __HAL_RCC_PWR_CLK_ENABLE();
  89              		.loc 1 114 3 view .LVU11
  90              	.LBB3:
  91              		.loc 1 114 3 view .LVU12
  92 0032 0020     		movs	r0, #0
  93 0034 0190     		str	r0, [sp, #4]
  94              		.loc 1 114 3 view .LVU13
  95 0036 084B     		ldr	r3, .L7
  96 0038 1A6C     		ldr	r2, [r3, #64]
  97 003a 42F08052 		orr	r2, r2, #268435456
  98 003e 1A64     		str	r2, [r3, #64]
  99              		.loc 1 114 3 view .LVU14
 100 0040 1B6C     		ldr	r3, [r3, #64]
 101 0042 03F08053 		and	r3, r3, #268435456
 102 0046 0193     		str	r3, [sp, #4]
 103              		.loc 1 114 3 view .LVU15
 104 0048 019B     		ldr	r3, [sp, #4]
 105              	.LBE3:
 106              		.loc 1 114 3 view .LVU16
 115:Drivers/STM32F4xx_HAL_Driver/Src/stm32f4xx_hal_flash_ramfunc.c ****   /* Start the flash interface while System Run */
 116:Drivers/STM32F4xx_HAL_Driver/Src/stm32f4xx_hal_flash_ramfunc.c ****   CLEAR_BIT(PWR->CR, PWR_CR_FISSR);
 107              		.loc 1 116 3 view .LVU17
 108 004a 044A     		ldr	r2, .L7+4
 109 004c 1368     		ldr	r3, [r2]
 110 004e 23F40013 		bic	r3, r3, #2097152
 111 0052 1360     		str	r3, [r2]
 117:Drivers/STM32F4xx_HAL_Driver/Src/stm32f4xx_hal_flash_ramfunc.c **** 
 118:Drivers/STM32F4xx_HAL_Driver/Src/stm32f4xx_hal_flash_ramfunc.c ****   return HAL_OK;
 112              		.loc 1 118 3 view .LVU18
 119:Drivers/STM32F4xx_HAL_Driver/Src/stm32f4xx_hal_flash_ramfunc.c **** }
ARM GAS  C:\Users\Ebrahim\AppData\Local\Temp\ccFr6j4z.s 			page 5


 113              		.loc 1 119 1 is_stmt 0 view .LVU19
 114 0054 02B0     		add	sp, sp, #8
 115              	.LCFI3:
 116              		.cfi_def_cfa_offset 0
 117              		@ sp needed
 118 0056 7047     		bx	lr
 119              	.L8:
 120              		.align	2
 121              	.L7:
 122 0058 00380240 		.word	1073887232
 123 005c 00700040 		.word	1073770496
 124              		.cfi_endproc
 125              	.LFE135:
 127              		.align	1
 128              		.global	HAL_FLASHEx_EnableFlashSleepMode
 129              		.syntax unified
 130              		.thumb
 131              		.thumb_func
 133              	HAL_FLASHEx_EnableFlashSleepMode:
 134              	.LFB136:
 120:Drivers/STM32F4xx_HAL_Driver/Src/stm32f4xx_hal_flash_ramfunc.c **** 
 121:Drivers/STM32F4xx_HAL_Driver/Src/stm32f4xx_hal_flash_ramfunc.c **** /**
 122:Drivers/STM32F4xx_HAL_Driver/Src/stm32f4xx_hal_flash_ramfunc.c ****   * @brief Enable the flash sleep while System Run
 123:Drivers/STM32F4xx_HAL_Driver/Src/stm32f4xx_hal_flash_ramfunc.c ****   * @note  This mode is only available for STM32F41xxx/STM32F446xx devices.
 124:Drivers/STM32F4xx_HAL_Driver/Src/stm32f4xx_hal_flash_ramfunc.c ****   * @note  This mode could n't be set while executing with the flash itself.
 125:Drivers/STM32F4xx_HAL_Driver/Src/stm32f4xx_hal_flash_ramfunc.c ****   *        It should be done with specific routine executed from RAM.
 126:Drivers/STM32F4xx_HAL_Driver/Src/stm32f4xx_hal_flash_ramfunc.c ****   * @retval HAL status
 127:Drivers/STM32F4xx_HAL_Driver/Src/stm32f4xx_hal_flash_ramfunc.c ****   */
 128:Drivers/STM32F4xx_HAL_Driver/Src/stm32f4xx_hal_flash_ramfunc.c **** __RAM_FUNC HAL_StatusTypeDef HAL_FLASHEx_EnableFlashSleepMode(void)
 129:Drivers/STM32F4xx_HAL_Driver/Src/stm32f4xx_hal_flash_ramfunc.c **** {
 135              		.loc 1 129 1 is_stmt 1 view -0
 136              		.cfi_startproc
 137              		@ args = 0, pretend = 0, frame = 8
 138              		@ frame_needed = 0, uses_anonymous_args = 0
 139              		@ link register save eliminated.
 140 0060 82B0     		sub	sp, sp, #8
 141              	.LCFI4:
 142              		.cfi_def_cfa_offset 8
 130:Drivers/STM32F4xx_HAL_Driver/Src/stm32f4xx_hal_flash_ramfunc.c ****   /* Enable Power ctrl clock */
 131:Drivers/STM32F4xx_HAL_Driver/Src/stm32f4xx_hal_flash_ramfunc.c ****   __HAL_RCC_PWR_CLK_ENABLE();
 143              		.loc 1 131 3 view .LVU21
 144              	.LBB4:
 145              		.loc 1 131 3 view .LVU22
 146 0062 0020     		movs	r0, #0
 147 0064 0190     		str	r0, [sp, #4]
 148              		.loc 1 131 3 view .LVU23
 149 0066 084B     		ldr	r3, .L11
 150 0068 1A6C     		ldr	r2, [r3, #64]
 151 006a 42F08052 		orr	r2, r2, #268435456
 152 006e 1A64     		str	r2, [r3, #64]
 153              		.loc 1 131 3 view .LVU24
 154 0070 1B6C     		ldr	r3, [r3, #64]
 155 0072 03F08053 		and	r3, r3, #268435456
 156 0076 0193     		str	r3, [sp, #4]
 157              		.loc 1 131 3 view .LVU25
 158 0078 019B     		ldr	r3, [sp, #4]
 159              	.LBE4:
ARM GAS  C:\Users\Ebrahim\AppData\Local\Temp\ccFr6j4z.s 			page 6


 160              		.loc 1 131 3 view .LVU26
 132:Drivers/STM32F4xx_HAL_Driver/Src/stm32f4xx_hal_flash_ramfunc.c ****   /* Enable the flash sleep while System Run */
 133:Drivers/STM32F4xx_HAL_Driver/Src/stm32f4xx_hal_flash_ramfunc.c ****   SET_BIT(PWR->CR, PWR_CR_FMSSR);
 161              		.loc 1 133 3 view .LVU27
 162 007a 044A     		ldr	r2, .L11+4
 163 007c 1368     		ldr	r3, [r2]
 164 007e 43F48013 		orr	r3, r3, #1048576
 165 0082 1360     		str	r3, [r2]
 134:Drivers/STM32F4xx_HAL_Driver/Src/stm32f4xx_hal_flash_ramfunc.c **** 
 135:Drivers/STM32F4xx_HAL_Driver/Src/stm32f4xx_hal_flash_ramfunc.c ****   return HAL_OK;
 166              		.loc 1 135 3 view .LVU28
 136:Drivers/STM32F4xx_HAL_Driver/Src/stm32f4xx_hal_flash_ramfunc.c **** }
 167              		.loc 1 136 1 is_stmt 0 view .LVU29
 168 0084 02B0     		add	sp, sp, #8
 169              	.LCFI5:
 170              		.cfi_def_cfa_offset 0
 171              		@ sp needed
 172 0086 7047     		bx	lr
 173              	.L12:
 174              		.align	2
 175              	.L11:
 176 0088 00380240 		.word	1073887232
 177 008c 00700040 		.word	1073770496
 178              		.cfi_endproc
 179              	.LFE136:
 181              		.align	1
 182              		.global	HAL_FLASHEx_DisableFlashSleepMode
 183              		.syntax unified
 184              		.thumb
 185              		.thumb_func
 187              	HAL_FLASHEx_DisableFlashSleepMode:
 188              	.LFB137:
 137:Drivers/STM32F4xx_HAL_Driver/Src/stm32f4xx_hal_flash_ramfunc.c **** 
 138:Drivers/STM32F4xx_HAL_Driver/Src/stm32f4xx_hal_flash_ramfunc.c **** /**
 139:Drivers/STM32F4xx_HAL_Driver/Src/stm32f4xx_hal_flash_ramfunc.c ****   * @brief Disable the flash sleep while System Run
 140:Drivers/STM32F4xx_HAL_Driver/Src/stm32f4xx_hal_flash_ramfunc.c ****   * @note  This mode is only available for STM32F41xxx/STM32F446xx devices.
 141:Drivers/STM32F4xx_HAL_Driver/Src/stm32f4xx_hal_flash_ramfunc.c ****   * @note  This mode couldn't be set while executing with the flash itself.
 142:Drivers/STM32F4xx_HAL_Driver/Src/stm32f4xx_hal_flash_ramfunc.c ****   *        It should be done with specific routine executed from RAM.
 143:Drivers/STM32F4xx_HAL_Driver/Src/stm32f4xx_hal_flash_ramfunc.c ****   * @retval HAL status
 144:Drivers/STM32F4xx_HAL_Driver/Src/stm32f4xx_hal_flash_ramfunc.c ****   */
 145:Drivers/STM32F4xx_HAL_Driver/Src/stm32f4xx_hal_flash_ramfunc.c **** __RAM_FUNC HAL_StatusTypeDef HAL_FLASHEx_DisableFlashSleepMode(void)
 146:Drivers/STM32F4xx_HAL_Driver/Src/stm32f4xx_hal_flash_ramfunc.c **** {
 189              		.loc 1 146 1 is_stmt 1 view -0
 190              		.cfi_startproc
 191              		@ args = 0, pretend = 0, frame = 8
 192              		@ frame_needed = 0, uses_anonymous_args = 0
 193              		@ link register save eliminated.
 194 0090 82B0     		sub	sp, sp, #8
 195              	.LCFI6:
 196              		.cfi_def_cfa_offset 8
 147:Drivers/STM32F4xx_HAL_Driver/Src/stm32f4xx_hal_flash_ramfunc.c ****   /* Enable Power ctrl clock */
 148:Drivers/STM32F4xx_HAL_Driver/Src/stm32f4xx_hal_flash_ramfunc.c ****   __HAL_RCC_PWR_CLK_ENABLE();
 197              		.loc 1 148 3 view .LVU31
 198              	.LBB5:
 199              		.loc 1 148 3 view .LVU32
 200 0092 0020     		movs	r0, #0
 201 0094 0190     		str	r0, [sp, #4]
ARM GAS  C:\Users\Ebrahim\AppData\Local\Temp\ccFr6j4z.s 			page 7


 202              		.loc 1 148 3 view .LVU33
 203 0096 084B     		ldr	r3, .L15
 204 0098 1A6C     		ldr	r2, [r3, #64]
 205 009a 42F08052 		orr	r2, r2, #268435456
 206 009e 1A64     		str	r2, [r3, #64]
 207              		.loc 1 148 3 view .LVU34
 208 00a0 1B6C     		ldr	r3, [r3, #64]
 209 00a2 03F08053 		and	r3, r3, #268435456
 210 00a6 0193     		str	r3, [sp, #4]
 211              		.loc 1 148 3 view .LVU35
 212 00a8 019B     		ldr	r3, [sp, #4]
 213              	.LBE5:
 214              		.loc 1 148 3 view .LVU36
 149:Drivers/STM32F4xx_HAL_Driver/Src/stm32f4xx_hal_flash_ramfunc.c ****   /* Disable the flash sleep while System Run */
 150:Drivers/STM32F4xx_HAL_Driver/Src/stm32f4xx_hal_flash_ramfunc.c ****   CLEAR_BIT(PWR->CR, PWR_CR_FMSSR);
 215              		.loc 1 150 3 view .LVU37
 216 00aa 044A     		ldr	r2, .L15+4
 217 00ac 1368     		ldr	r3, [r2]
 218 00ae 23F48013 		bic	r3, r3, #1048576
 219 00b2 1360     		str	r3, [r2]
 151:Drivers/STM32F4xx_HAL_Driver/Src/stm32f4xx_hal_flash_ramfunc.c **** 
 152:Drivers/STM32F4xx_HAL_Driver/Src/stm32f4xx_hal_flash_ramfunc.c ****   return HAL_OK;
 220              		.loc 1 152 3 view .LVU38
 153:Drivers/STM32F4xx_HAL_Driver/Src/stm32f4xx_hal_flash_ramfunc.c **** }
 221              		.loc 1 153 1 is_stmt 0 view .LVU39
 222 00b4 02B0     		add	sp, sp, #8
 223              	.LCFI7:
 224              		.cfi_def_cfa_offset 0
 225              		@ sp needed
 226 00b6 7047     		bx	lr
 227              	.L16:
 228              		.align	2
 229              	.L15:
 230 00b8 00380240 		.word	1073887232
 231 00bc 00700040 		.word	1073770496
 232              		.cfi_endproc
 233              	.LFE137:
 235              		.text
 236              	.Letext0:
 237              		.file 2 "C:\\ST\\STM32CubeIDE_1.19.0\\STM32CubeIDE\\plugins\\com.st.stm32cube.ide.mcu.externaltool
 238              		.file 3 "C:\\ST\\STM32CubeIDE_1.19.0\\STM32CubeIDE\\plugins\\com.st.stm32cube.ide.mcu.externaltool
 239              		.file 4 "Drivers/CMSIS/Device/ST/STM32F4xx/Include/stm32f446xx.h"
 240              		.file 5 "Drivers/STM32F4xx_HAL_Driver/Inc/stm32f4xx_hal_def.h"
ARM GAS  C:\Users\Ebrahim\AppData\Local\Temp\ccFr6j4z.s 			page 8


DEFINED SYMBOLS
                            *ABS*:00000000 stm32f4xx_hal_flash_ramfunc.c
C:\Users\Ebrahim\AppData\Local\Temp\ccFr6j4z.s:19     .RamFunc:00000000 $t
C:\Users\Ebrahim\AppData\Local\Temp\ccFr6j4z.s:25     .RamFunc:00000000 HAL_FLASHEx_StopFlashInterfaceClk
C:\Users\Ebrahim\AppData\Local\Temp\ccFr6j4z.s:68     .RamFunc:00000028 $d
C:\Users\Ebrahim\AppData\Local\Temp\ccFr6j4z.s:73     .RamFunc:00000030 $t
C:\Users\Ebrahim\AppData\Local\Temp\ccFr6j4z.s:79     .RamFunc:00000030 HAL_FLASHEx_StartFlashInterfaceClk
C:\Users\Ebrahim\AppData\Local\Temp\ccFr6j4z.s:122    .RamFunc:00000058 $d
C:\Users\Ebrahim\AppData\Local\Temp\ccFr6j4z.s:127    .RamFunc:00000060 $t
C:\Users\Ebrahim\AppData\Local\Temp\ccFr6j4z.s:133    .RamFunc:00000060 HAL_FLASHEx_EnableFlashSleepMode
C:\Users\Ebrahim\AppData\Local\Temp\ccFr6j4z.s:176    .RamFunc:00000088 $d
C:\Users\Ebrahim\AppData\Local\Temp\ccFr6j4z.s:181    .RamFunc:00000090 $t
C:\Users\Ebrahim\AppData\Local\Temp\ccFr6j4z.s:187    .RamFunc:00000090 HAL_FLASHEx_DisableFlashSleepMode
C:\Users\Ebrahim\AppData\Local\Temp\ccFr6j4z.s:230    .RamFunc:000000b8 $d

NO UNDEFINED SYMBOLS
