ARM GAS  C:\Users\joshr\AppData\Local\Temp\ccGArx6k.s 			page 1


   1              		.cpu cortex-m4
   2              		.arch armv7e-m
   3              		.fpu fpv4-sp-d16
   4              		.eabi_attribute 27, 1
   5              		.eabi_attribute 28, 1
   6              		.eabi_attribute 20, 1
   7              		.eabi_attribute 21, 1
   8              		.eabi_attribute 23, 3
   9              		.eabi_attribute 24, 1
  10              		.eabi_attribute 25, 1
  11              		.eabi_attribute 26, 1
  12              		.eabi_attribute 30, 2
  13              		.eabi_attribute 34, 1
  14              		.eabi_attribute 18, 4
  15              		.file	"syscalls.c"
  16              		.text
  17              	.Ltext0:
  18              		.cfi_sections	.debug_frame
  19              		.file 1 "Core/Src/syscalls.c"
  20              		.section	.text.initialise_monitor_handles,"ax",%progbits
  21              		.align	1
  22              		.p2align 2,,3
  23              		.global	initialise_monitor_handles
  24              		.syntax unified
  25              		.thumb
  26              		.thumb_func
  28              	initialise_monitor_handles:
  29              	.LFB25:
   1:Core/Src/syscalls.c **** /**
   2:Core/Src/syscalls.c ****  ******************************************************************************
   3:Core/Src/syscalls.c ****  * @file      syscalls.c
   4:Core/Src/syscalls.c ****  * @author    Auto-generated by STM32CubeMX
   5:Core/Src/syscalls.c ****  * @brief     Minimal System calls file
   6:Core/Src/syscalls.c ****  *
   7:Core/Src/syscalls.c ****  *            For more information about which c-functions
   8:Core/Src/syscalls.c ****  *            need which of these lowlevel functions
   9:Core/Src/syscalls.c ****  *            please consult the Newlib or Picolibc libc-manual
  10:Core/Src/syscalls.c ****  ******************************************************************************
  11:Core/Src/syscalls.c ****  * @attention
  12:Core/Src/syscalls.c ****  *
  13:Core/Src/syscalls.c ****  * Copyright (c) 2020-2025 STMicroelectronics.
  14:Core/Src/syscalls.c ****  * All rights reserved.
  15:Core/Src/syscalls.c ****  *
  16:Core/Src/syscalls.c ****  * This software is licensed under terms that can be found in the LICENSE file
  17:Core/Src/syscalls.c ****  * in the root directory of this software component.
  18:Core/Src/syscalls.c ****  * If no LICENSE file comes with this software, it is provided AS-IS.
  19:Core/Src/syscalls.c ****  *
  20:Core/Src/syscalls.c ****  ******************************************************************************
  21:Core/Src/syscalls.c ****  */
  22:Core/Src/syscalls.c **** 
  23:Core/Src/syscalls.c **** /* Includes */
  24:Core/Src/syscalls.c **** #include <sys/stat.h>
  25:Core/Src/syscalls.c **** #include <stdlib.h>
  26:Core/Src/syscalls.c **** #include <errno.h>
  27:Core/Src/syscalls.c **** #include <stdio.h>
  28:Core/Src/syscalls.c **** #include <signal.h>
  29:Core/Src/syscalls.c **** #include <time.h>
ARM GAS  C:\Users\joshr\AppData\Local\Temp\ccGArx6k.s 			page 2


  30:Core/Src/syscalls.c **** #include <sys/time.h>
  31:Core/Src/syscalls.c **** #include <sys/times.h>
  32:Core/Src/syscalls.c **** 
  33:Core/Src/syscalls.c **** 
  34:Core/Src/syscalls.c **** /* Variables */
  35:Core/Src/syscalls.c **** extern int __io_putchar(int ch) __attribute__((weak));
  36:Core/Src/syscalls.c **** extern int __io_getchar(void) __attribute__((weak));
  37:Core/Src/syscalls.c **** 
  38:Core/Src/syscalls.c **** 
  39:Core/Src/syscalls.c **** char *__env[1] = { 0 };
  40:Core/Src/syscalls.c **** char **environ = __env;
  41:Core/Src/syscalls.c **** 
  42:Core/Src/syscalls.c **** 
  43:Core/Src/syscalls.c **** /* Functions */
  44:Core/Src/syscalls.c **** void initialise_monitor_handles()
  45:Core/Src/syscalls.c **** {
  30              		.loc 1 45 1 view -0
  31              		.cfi_startproc
  32              		@ args = 0, pretend = 0, frame = 0
  33              		@ frame_needed = 0, uses_anonymous_args = 0
  34              		@ link register save eliminated.
  46:Core/Src/syscalls.c **** }
  35              		.loc 1 46 1 view .LVU1
  36 0000 7047     		bx	lr
  37              		.cfi_endproc
  38              	.LFE25:
  40 0002 00BF     		.section	.text._getpid,"ax",%progbits
  41              		.align	1
  42              		.p2align 2,,3
  43              		.global	_getpid
  44              		.syntax unified
  45              		.thumb
  46              		.thumb_func
  48              	_getpid:
  49              	.LFB26:
  47:Core/Src/syscalls.c **** 
  48:Core/Src/syscalls.c **** int _getpid(void)
  49:Core/Src/syscalls.c **** {
  50              		.loc 1 49 1 view -0
  51              		.cfi_startproc
  52              		@ args = 0, pretend = 0, frame = 0
  53              		@ frame_needed = 0, uses_anonymous_args = 0
  54              		@ link register save eliminated.
  50:Core/Src/syscalls.c ****   return 1;
  55              		.loc 1 50 3 view .LVU3
  51:Core/Src/syscalls.c **** }
  56              		.loc 1 51 1 is_stmt 0 view .LVU4
  57 0000 0120     		movs	r0, #1
  58 0002 7047     		bx	lr
  59              		.cfi_endproc
  60              	.LFE26:
  62              		.section	.text._kill,"ax",%progbits
  63              		.align	1
  64              		.p2align 2,,3
  65              		.global	_kill
  66              		.syntax unified
  67              		.thumb
ARM GAS  C:\Users\joshr\AppData\Local\Temp\ccGArx6k.s 			page 3


  68              		.thumb_func
  70              	_kill:
  71              	.LVL0:
  72              	.LFB27:
  52:Core/Src/syscalls.c **** 
  53:Core/Src/syscalls.c **** int _kill(int pid, int sig)
  54:Core/Src/syscalls.c **** {
  73              		.loc 1 54 1 is_stmt 1 view -0
  74              		.cfi_startproc
  75              		@ args = 0, pretend = 0, frame = 0
  76              		@ frame_needed = 0, uses_anonymous_args = 0
  55:Core/Src/syscalls.c ****   (void)pid;
  77              		.loc 1 55 3 view .LVU6
  56:Core/Src/syscalls.c ****   (void)sig;
  78              		.loc 1 56 3 view .LVU7
  57:Core/Src/syscalls.c ****   errno = EINVAL;
  79              		.loc 1 57 3 view .LVU8
  54:Core/Src/syscalls.c ****   (void)pid;
  80              		.loc 1 54 1 is_stmt 0 view .LVU9
  81 0000 08B5     		push	{r3, lr}
  82              	.LCFI0:
  83              		.cfi_def_cfa_offset 8
  84              		.cfi_offset 3, -8
  85              		.cfi_offset 14, -4
  86              		.loc 1 57 3 view .LVU10
  87 0002 FFF7FEFF 		bl	__errno
  88              	.LVL1:
  89              		.loc 1 57 9 discriminator 1 view .LVU11
  90 0006 1623     		movs	r3, #22
  91 0008 0360     		str	r3, [r0]
  58:Core/Src/syscalls.c ****   return -1;
  92              		.loc 1 58 3 is_stmt 1 view .LVU12
  59:Core/Src/syscalls.c **** }
  93              		.loc 1 59 1 is_stmt 0 view .LVU13
  94 000a 4FF0FF30 		mov	r0, #-1
  95 000e 08BD     		pop	{r3, pc}
  96              		.cfi_endproc
  97              	.LFE27:
  99              		.section	.text._exit,"ax",%progbits
 100              		.align	1
 101              		.p2align 2,,3
 102              		.global	_exit
 103              		.syntax unified
 104              		.thumb
 105              		.thumb_func
 107              	_exit:
 108              	.LVL2:
 109              	.LFB28:
  60:Core/Src/syscalls.c **** 
  61:Core/Src/syscalls.c **** void _exit (int status)
  62:Core/Src/syscalls.c **** {
 110              		.loc 1 62 1 is_stmt 1 view -0
 111              		.cfi_startproc
 112              		@ Volatile: function does not return.
 113              		@ args = 0, pretend = 0, frame = 0
 114              		@ frame_needed = 0, uses_anonymous_args = 0
  63:Core/Src/syscalls.c ****   _kill(status, -1);
ARM GAS  C:\Users\joshr\AppData\Local\Temp\ccGArx6k.s 			page 4


 115              		.loc 1 63 3 view .LVU15
 116              	.LBB4:
 117              	.LBI4:
  53:Core/Src/syscalls.c **** {
 118              		.loc 1 53 5 view .LVU16
 119              	.LBB5:
  55:Core/Src/syscalls.c ****   (void)sig;
 120              		.loc 1 55 3 view .LVU17
  56:Core/Src/syscalls.c ****   errno = EINVAL;
 121              		.loc 1 56 3 view .LVU18
  57:Core/Src/syscalls.c ****   return -1;
 122              		.loc 1 57 3 view .LVU19
 123              	.LBE5:
 124              	.LBE4:
  62:Core/Src/syscalls.c ****   _kill(status, -1);
 125              		.loc 1 62 1 is_stmt 0 view .LVU20
 126 0000 08B5     		push	{r3, lr}
 127              	.LCFI1:
 128              		.cfi_def_cfa_offset 8
 129              		.cfi_offset 3, -8
 130              		.cfi_offset 14, -4
 131              	.LBB7:
 132              	.LBB6:
  57:Core/Src/syscalls.c ****   return -1;
 133              		.loc 1 57 3 view .LVU21
 134 0002 FFF7FEFF 		bl	__errno
 135              	.LVL3:
  57:Core/Src/syscalls.c ****   return -1;
 136              		.loc 1 57 9 discriminator 1 view .LVU22
 137 0006 1623     		movs	r3, #22
 138 0008 0360     		str	r3, [r0]
  58:Core/Src/syscalls.c **** }
 139              		.loc 1 58 3 is_stmt 1 view .LVU23
 140              	.LVL4:
 141              	.L7:
  58:Core/Src/syscalls.c **** }
 142              		.loc 1 58 3 is_stmt 0 view .LVU24
 143              	.LBE6:
 144              	.LBE7:
  64:Core/Src/syscalls.c ****   while (1) {}    /* Make sure we hang here */
 145              		.loc 1 64 3 is_stmt 1 view .LVU25
 146              		.loc 1 64 14 view .LVU26
 147              		.loc 1 64 9 view .LVU27
 148              		.loc 1 64 3 view .LVU28
 149              		.loc 1 64 14 view .LVU29
 150              		.loc 1 64 9 view .LVU30
 151 000a FEE7     		b	.L7
 152              		.cfi_endproc
 153              	.LFE28:
 155              		.section	.text._read,"ax",%progbits
 156              		.align	1
 157              		.p2align 2,,3
 158              		.weak	_read
 159              		.syntax unified
 160              		.thumb
 161              		.thumb_func
 163              	_read:
ARM GAS  C:\Users\joshr\AppData\Local\Temp\ccGArx6k.s 			page 5


 164              	.LVL5:
 165              	.LFB29:
  65:Core/Src/syscalls.c **** }
  66:Core/Src/syscalls.c **** 
  67:Core/Src/syscalls.c **** __attribute__((weak)) int _read(int file, char *ptr, int len)
  68:Core/Src/syscalls.c **** {
 166              		.loc 1 68 1 view -0
 167              		.cfi_startproc
 168              		@ args = 0, pretend = 0, frame = 0
 169              		@ frame_needed = 0, uses_anonymous_args = 0
  69:Core/Src/syscalls.c ****   (void)file;
 170              		.loc 1 69 3 view .LVU32
  70:Core/Src/syscalls.c ****   int DataIdx;
 171              		.loc 1 70 3 view .LVU33
  71:Core/Src/syscalls.c **** 
  72:Core/Src/syscalls.c ****   for (DataIdx = 0; DataIdx < len; DataIdx++)
 172              		.loc 1 72 3 view .LVU34
 173              		.loc 1 72 29 discriminator 1 view .LVU35
  68:Core/Src/syscalls.c ****   (void)file;
 174              		.loc 1 68 1 is_stmt 0 view .LVU36
 175 0000 70B5     		push	{r4, r5, r6, lr}
 176              	.LCFI2:
 177              		.cfi_def_cfa_offset 16
 178              		.cfi_offset 4, -16
 179              		.cfi_offset 5, -12
 180              		.cfi_offset 6, -8
 181              		.cfi_offset 14, -4
 182              		.loc 1 72 29 discriminator 1 view .LVU37
 183 0002 161E     		subs	r6, r2, #0
 184 0004 07DD     		ble	.L10
 185 0006 0C46     		mov	r4, r1
 186 0008 8D19     		adds	r5, r1, r6
 187              	.LVL6:
 188              	.L11:
  73:Core/Src/syscalls.c ****   {
  74:Core/Src/syscalls.c ****     *ptr++ = __io_getchar();
 189              		.loc 1 74 5 is_stmt 1 view .LVU38
 190              		.loc 1 74 14 is_stmt 0 view .LVU39
 191 000a FFF7FEFF 		bl	__io_getchar
 192              	.LVL7:
 193              		.loc 1 74 12 discriminator 1 view .LVU40
 194 000e 04F8010B 		strb	r0, [r4], #1
 195              	.LVL8:
  72:Core/Src/syscalls.c ****   {
 196              		.loc 1 72 43 is_stmt 1 discriminator 3 view .LVU41
  72:Core/Src/syscalls.c ****   {
 197              		.loc 1 72 29 discriminator 1 view .LVU42
 198 0012 A542     		cmp	r5, r4
 199 0014 F9D1     		bne	.L11
 200              	.LVL9:
 201              	.L10:
  75:Core/Src/syscalls.c ****   }
  76:Core/Src/syscalls.c **** 
  77:Core/Src/syscalls.c ****   return len;
 202              		.loc 1 77 3 view .LVU43
  78:Core/Src/syscalls.c **** }
 203              		.loc 1 78 1 is_stmt 0 view .LVU44
ARM GAS  C:\Users\joshr\AppData\Local\Temp\ccGArx6k.s 			page 6


 204 0016 3046     		mov	r0, r6
 205 0018 70BD     		pop	{r4, r5, r6, pc}
 206              		.loc 1 78 1 view .LVU45
 207              		.cfi_endproc
 208              	.LFE29:
 210 001a 00BF     		.section	.text._write,"ax",%progbits
 211              		.align	1
 212              		.p2align 2,,3
 213              		.weak	_write
 214              		.syntax unified
 215              		.thumb
 216              		.thumb_func
 218              	_write:
 219              	.LVL10:
 220              	.LFB30:
  79:Core/Src/syscalls.c **** 
  80:Core/Src/syscalls.c **** __attribute__((weak)) int _write(int file, char *ptr, int len)
  81:Core/Src/syscalls.c **** {
 221              		.loc 1 81 1 is_stmt 1 view -0
 222              		.cfi_startproc
 223              		@ args = 0, pretend = 0, frame = 0
 224              		@ frame_needed = 0, uses_anonymous_args = 0
  82:Core/Src/syscalls.c ****   (void)file;
 225              		.loc 1 82 3 view .LVU47
  83:Core/Src/syscalls.c ****   int DataIdx;
 226              		.loc 1 83 3 view .LVU48
  84:Core/Src/syscalls.c **** 
  85:Core/Src/syscalls.c ****   for (DataIdx = 0; DataIdx < len; DataIdx++)
 227              		.loc 1 85 3 view .LVU49
 228              		.loc 1 85 29 discriminator 1 view .LVU50
  81:Core/Src/syscalls.c ****   (void)file;
 229              		.loc 1 81 1 is_stmt 0 view .LVU51
 230 0000 70B5     		push	{r4, r5, r6, lr}
 231              	.LCFI3:
 232              		.cfi_def_cfa_offset 16
 233              		.cfi_offset 4, -16
 234              		.cfi_offset 5, -12
 235              		.cfi_offset 6, -8
 236              		.cfi_offset 14, -4
 237              		.loc 1 85 29 discriminator 1 view .LVU52
 238 0002 161E     		subs	r6, r2, #0
 239 0004 07DD     		ble	.L15
 240 0006 0C46     		mov	r4, r1
 241 0008 8D19     		adds	r5, r1, r6
 242              	.LVL11:
 243              	.L16:
  86:Core/Src/syscalls.c ****   {
  87:Core/Src/syscalls.c ****     __io_putchar(*ptr++);
 244              		.loc 1 87 5 is_stmt 1 view .LVU53
 245              		.loc 1 87 5 is_stmt 0 view .LVU54
 246 000a 14F8010B 		ldrb	r0, [r4], #1	@ zero_extendqisi2
 247              	.LVL12:
 248              		.loc 1 87 5 view .LVU55
 249 000e FFF7FEFF 		bl	__io_putchar
 250              	.LVL13:
  85:Core/Src/syscalls.c ****   {
 251              		.loc 1 85 43 is_stmt 1 discriminator 3 view .LVU56
ARM GAS  C:\Users\joshr\AppData\Local\Temp\ccGArx6k.s 			page 7


  85:Core/Src/syscalls.c ****   {
 252              		.loc 1 85 29 discriminator 1 view .LVU57
 253 0012 A542     		cmp	r5, r4
 254 0014 F9D1     		bne	.L16
 255              	.LVL14:
 256              	.L15:
  88:Core/Src/syscalls.c ****   }
  89:Core/Src/syscalls.c ****   return len;
 257              		.loc 1 89 3 view .LVU58
  90:Core/Src/syscalls.c **** }
 258              		.loc 1 90 1 is_stmt 0 view .LVU59
 259 0016 3046     		mov	r0, r6
 260 0018 70BD     		pop	{r4, r5, r6, pc}
 261              		.loc 1 90 1 view .LVU60
 262              		.cfi_endproc
 263              	.LFE30:
 265 001a 00BF     		.section	.text._close,"ax",%progbits
 266              		.align	1
 267              		.p2align 2,,3
 268              		.global	_close
 269              		.syntax unified
 270              		.thumb
 271              		.thumb_func
 273              	_close:
 274              	.LVL15:
 275              	.LFB31:
  91:Core/Src/syscalls.c **** 
  92:Core/Src/syscalls.c **** int _close(int file)
  93:Core/Src/syscalls.c **** {
 276              		.loc 1 93 1 is_stmt 1 view -0
 277              		.cfi_startproc
 278              		@ args = 0, pretend = 0, frame = 0
 279              		@ frame_needed = 0, uses_anonymous_args = 0
 280              		@ link register save eliminated.
  94:Core/Src/syscalls.c ****   (void)file;
 281              		.loc 1 94 3 view .LVU62
  95:Core/Src/syscalls.c ****   return -1;
 282              		.loc 1 95 3 view .LVU63
  96:Core/Src/syscalls.c **** }
 283              		.loc 1 96 1 is_stmt 0 view .LVU64
 284 0000 4FF0FF30 		mov	r0, #-1
 285              	.LVL16:
 286              		.loc 1 96 1 view .LVU65
 287 0004 7047     		bx	lr
 288              		.cfi_endproc
 289              	.LFE31:
 291 0006 00BF     		.section	.text._fstat,"ax",%progbits
 292              		.align	1
 293              		.p2align 2,,3
 294              		.global	_fstat
 295              		.syntax unified
 296              		.thumb
 297              		.thumb_func
 299              	_fstat:
 300              	.LVL17:
 301              	.LFB32:
  97:Core/Src/syscalls.c **** 
ARM GAS  C:\Users\joshr\AppData\Local\Temp\ccGArx6k.s 			page 8


  98:Core/Src/syscalls.c **** 
  99:Core/Src/syscalls.c **** int _fstat(int file, struct stat *st)
 100:Core/Src/syscalls.c **** {
 302              		.loc 1 100 1 is_stmt 1 view -0
 303              		.cfi_startproc
 304              		@ args = 0, pretend = 0, frame = 0
 305              		@ frame_needed = 0, uses_anonymous_args = 0
 306              		@ link register save eliminated.
 101:Core/Src/syscalls.c ****   (void)file;
 307              		.loc 1 101 3 view .LVU67
 102:Core/Src/syscalls.c ****   st->st_mode = S_IFCHR;
 308              		.loc 1 102 3 view .LVU68
 309              		.loc 1 102 15 is_stmt 0 view .LVU69
 310 0000 4FF40053 		mov	r3, #8192
 311 0004 4B60     		str	r3, [r1, #4]
 103:Core/Src/syscalls.c ****   return 0;
 312              		.loc 1 103 3 is_stmt 1 view .LVU70
 104:Core/Src/syscalls.c **** }
 313              		.loc 1 104 1 is_stmt 0 view .LVU71
 314 0006 0020     		movs	r0, #0
 315              	.LVL18:
 316              		.loc 1 104 1 view .LVU72
 317 0008 7047     		bx	lr
 318              		.cfi_endproc
 319              	.LFE32:
 321 000a 00BF     		.section	.text._isatty,"ax",%progbits
 322              		.align	1
 323              		.p2align 2,,3
 324              		.global	_isatty
 325              		.syntax unified
 326              		.thumb
 327              		.thumb_func
 329              	_isatty:
 330              	.LVL19:
 331              	.LFB33:
 105:Core/Src/syscalls.c **** 
 106:Core/Src/syscalls.c **** int _isatty(int file)
 107:Core/Src/syscalls.c **** {
 332              		.loc 1 107 1 is_stmt 1 view -0
 333              		.cfi_startproc
 334              		@ args = 0, pretend = 0, frame = 0
 335              		@ frame_needed = 0, uses_anonymous_args = 0
 336              		@ link register save eliminated.
 108:Core/Src/syscalls.c ****   (void)file;
 337              		.loc 1 108 3 view .LVU74
 109:Core/Src/syscalls.c ****   return 1;
 338              		.loc 1 109 3 view .LVU75
 110:Core/Src/syscalls.c **** }
 339              		.loc 1 110 1 is_stmt 0 view .LVU76
 340 0000 0120     		movs	r0, #1
 341              	.LVL20:
 342              		.loc 1 110 1 view .LVU77
 343 0002 7047     		bx	lr
 344              		.cfi_endproc
 345              	.LFE33:
 347              		.section	.text._lseek,"ax",%progbits
 348              		.align	1
ARM GAS  C:\Users\joshr\AppData\Local\Temp\ccGArx6k.s 			page 9


 349              		.p2align 2,,3
 350              		.global	_lseek
 351              		.syntax unified
 352              		.thumb
 353              		.thumb_func
 355              	_lseek:
 356              	.LVL21:
 357              	.LFB34:
 111:Core/Src/syscalls.c **** 
 112:Core/Src/syscalls.c **** int _lseek(int file, int ptr, int dir)
 113:Core/Src/syscalls.c **** {
 358              		.loc 1 113 1 is_stmt 1 view -0
 359              		.cfi_startproc
 360              		@ args = 0, pretend = 0, frame = 0
 361              		@ frame_needed = 0, uses_anonymous_args = 0
 362              		@ link register save eliminated.
 114:Core/Src/syscalls.c ****   (void)file;
 363              		.loc 1 114 3 view .LVU79
 115:Core/Src/syscalls.c ****   (void)ptr;
 364              		.loc 1 115 3 view .LVU80
 116:Core/Src/syscalls.c ****   (void)dir;
 365              		.loc 1 116 3 view .LVU81
 117:Core/Src/syscalls.c ****   return 0;
 366              		.loc 1 117 3 view .LVU82
 118:Core/Src/syscalls.c **** }
 367              		.loc 1 118 1 is_stmt 0 view .LVU83
 368 0000 0020     		movs	r0, #0
 369              	.LVL22:
 370              		.loc 1 118 1 view .LVU84
 371 0002 7047     		bx	lr
 372              		.cfi_endproc
 373              	.LFE34:
 375              		.section	.text._open,"ax",%progbits
 376              		.align	1
 377              		.p2align 2,,3
 378              		.global	_open
 379              		.syntax unified
 380              		.thumb
 381              		.thumb_func
 383              	_open:
 384              	.LVL23:
 385              	.LFB35:
 119:Core/Src/syscalls.c **** 
 120:Core/Src/syscalls.c **** int _open(char *path, int flags, ...)
 121:Core/Src/syscalls.c **** {
 386              		.loc 1 121 1 is_stmt 1 view -0
 387              		.cfi_startproc
 388              		@ args = 4, pretend = 12, frame = 0
 389              		@ frame_needed = 0, uses_anonymous_args = 1
 390              		@ link register save eliminated.
 122:Core/Src/syscalls.c ****   (void)path;
 391              		.loc 1 122 3 view .LVU86
 123:Core/Src/syscalls.c ****   (void)flags;
 392              		.loc 1 123 3 view .LVU87
 124:Core/Src/syscalls.c ****   /* Pretend like we always fail */
 125:Core/Src/syscalls.c ****   return -1;
 393              		.loc 1 125 3 view .LVU88
ARM GAS  C:\Users\joshr\AppData\Local\Temp\ccGArx6k.s 			page 10


 121:Core/Src/syscalls.c ****   (void)path;
 394              		.loc 1 121 1 is_stmt 0 view .LVU89
 395 0000 0EB4     		push	{r1, r2, r3}
 396              	.LCFI4:
 397              		.cfi_def_cfa_offset 12
 398              		.cfi_offset 1, -12
 399              		.cfi_offset 2, -8
 400              		.cfi_offset 3, -4
 126:Core/Src/syscalls.c **** }
 401              		.loc 1 126 1 view .LVU90
 402 0002 4FF0FF30 		mov	r0, #-1
 403              	.LVL24:
 404              		.loc 1 126 1 view .LVU91
 405 0006 03B0     		add	sp, sp, #12
 406              	.LCFI5:
 407              		.cfi_restore 3
 408              		.cfi_restore 2
 409              		.cfi_restore 1
 410              		.cfi_def_cfa_offset 0
 411 0008 7047     		bx	lr
 412              		.cfi_endproc
 413              	.LFE35:
 415 000a 00BF     		.section	.text._wait,"ax",%progbits
 416              		.align	1
 417              		.p2align 2,,3
 418              		.global	_wait
 419              		.syntax unified
 420              		.thumb
 421              		.thumb_func
 423              	_wait:
 424              	.LVL25:
 425              	.LFB36:
 127:Core/Src/syscalls.c **** 
 128:Core/Src/syscalls.c **** int _wait(int *status)
 129:Core/Src/syscalls.c **** {
 426              		.loc 1 129 1 is_stmt 1 view -0
 427              		.cfi_startproc
 428              		@ args = 0, pretend = 0, frame = 0
 429              		@ frame_needed = 0, uses_anonymous_args = 0
 130:Core/Src/syscalls.c ****   (void)status;
 430              		.loc 1 130 3 view .LVU93
 131:Core/Src/syscalls.c ****   errno = ECHILD;
 431              		.loc 1 131 3 view .LVU94
 129:Core/Src/syscalls.c ****   (void)status;
 432              		.loc 1 129 1 is_stmt 0 view .LVU95
 433 0000 08B5     		push	{r3, lr}
 434              	.LCFI6:
 435              		.cfi_def_cfa_offset 8
 436              		.cfi_offset 3, -8
 437              		.cfi_offset 14, -4
 438              		.loc 1 131 3 view .LVU96
 439 0002 FFF7FEFF 		bl	__errno
 440              	.LVL26:
 441              		.loc 1 131 9 discriminator 1 view .LVU97
 442 0006 0A23     		movs	r3, #10
 443 0008 0360     		str	r3, [r0]
 132:Core/Src/syscalls.c ****   return -1;
ARM GAS  C:\Users\joshr\AppData\Local\Temp\ccGArx6k.s 			page 11


 444              		.loc 1 132 3 is_stmt 1 view .LVU98
 133:Core/Src/syscalls.c **** }
 445              		.loc 1 133 1 is_stmt 0 view .LVU99
 446 000a 4FF0FF30 		mov	r0, #-1
 447 000e 08BD     		pop	{r3, pc}
 448              		.cfi_endproc
 449              	.LFE36:
 451              		.section	.text._unlink,"ax",%progbits
 452              		.align	1
 453              		.p2align 2,,3
 454              		.global	_unlink
 455              		.syntax unified
 456              		.thumb
 457              		.thumb_func
 459              	_unlink:
 460              	.LVL27:
 461              	.LFB37:
 134:Core/Src/syscalls.c **** 
 135:Core/Src/syscalls.c **** int _unlink(char *name)
 136:Core/Src/syscalls.c **** {
 462              		.loc 1 136 1 is_stmt 1 view -0
 463              		.cfi_startproc
 464              		@ args = 0, pretend = 0, frame = 0
 465              		@ frame_needed = 0, uses_anonymous_args = 0
 137:Core/Src/syscalls.c ****   (void)name;
 466              		.loc 1 137 3 view .LVU101
 138:Core/Src/syscalls.c ****   errno = ENOENT;
 467              		.loc 1 138 3 view .LVU102
 136:Core/Src/syscalls.c ****   (void)name;
 468              		.loc 1 136 1 is_stmt 0 view .LVU103
 469 0000 08B5     		push	{r3, lr}
 470              	.LCFI7:
 471              		.cfi_def_cfa_offset 8
 472              		.cfi_offset 3, -8
 473              		.cfi_offset 14, -4
 474              		.loc 1 138 3 view .LVU104
 475 0002 FFF7FEFF 		bl	__errno
 476              	.LVL28:
 477              		.loc 1 138 9 discriminator 1 view .LVU105
 478 0006 0223     		movs	r3, #2
 479 0008 0360     		str	r3, [r0]
 139:Core/Src/syscalls.c ****   return -1;
 480              		.loc 1 139 3 is_stmt 1 view .LVU106
 140:Core/Src/syscalls.c **** }
 481              		.loc 1 140 1 is_stmt 0 view .LVU107
 482 000a 4FF0FF30 		mov	r0, #-1
 483 000e 08BD     		pop	{r3, pc}
 484              		.cfi_endproc
 485              	.LFE37:
 487              		.section	.text._times,"ax",%progbits
 488              		.align	1
 489              		.p2align 2,,3
 490              		.global	_times
 491              		.syntax unified
 492              		.thumb
 493              		.thumb_func
 495              	_times:
ARM GAS  C:\Users\joshr\AppData\Local\Temp\ccGArx6k.s 			page 12


 496              	.LVL29:
 497              	.LFB38:
 141:Core/Src/syscalls.c **** 
 142:Core/Src/syscalls.c **** clock_t _times(struct tms *buf)
 143:Core/Src/syscalls.c **** {
 498              		.loc 1 143 1 is_stmt 1 view -0
 499              		.cfi_startproc
 500              		@ args = 0, pretend = 0, frame = 0
 501              		@ frame_needed = 0, uses_anonymous_args = 0
 502              		@ link register save eliminated.
 144:Core/Src/syscalls.c ****   (void)buf;
 503              		.loc 1 144 3 view .LVU109
 145:Core/Src/syscalls.c ****   return -1;
 504              		.loc 1 145 3 view .LVU110
 146:Core/Src/syscalls.c **** }
 505              		.loc 1 146 1 is_stmt 0 view .LVU111
 506 0000 4FF0FF30 		mov	r0, #-1
 507              	.LVL30:
 508              		.loc 1 146 1 view .LVU112
 509 0004 7047     		bx	lr
 510              		.cfi_endproc
 511              	.LFE38:
 513 0006 00BF     		.section	.text._stat,"ax",%progbits
 514              		.align	1
 515              		.p2align 2,,3
 516              		.global	_stat
 517              		.syntax unified
 518              		.thumb
 519              		.thumb_func
 521              	_stat:
 522              	.LVL31:
 523              	.LFB39:
 147:Core/Src/syscalls.c **** 
 148:Core/Src/syscalls.c **** int _stat(const char *file, struct stat *st)
 149:Core/Src/syscalls.c **** {
 524              		.loc 1 149 1 is_stmt 1 view -0
 525              		.cfi_startproc
 526              		@ args = 0, pretend = 0, frame = 0
 527              		@ frame_needed = 0, uses_anonymous_args = 0
 528              		@ link register save eliminated.
 150:Core/Src/syscalls.c ****   (void)file;
 529              		.loc 1 150 3 view .LVU114
 151:Core/Src/syscalls.c ****   st->st_mode = S_IFCHR;
 530              		.loc 1 151 3 view .LVU115
 531              		.loc 1 151 15 is_stmt 0 view .LVU116
 532 0000 4FF40053 		mov	r3, #8192
 533 0004 4B60     		str	r3, [r1, #4]
 152:Core/Src/syscalls.c ****   return 0;
 534              		.loc 1 152 3 is_stmt 1 view .LVU117
 153:Core/Src/syscalls.c **** }
 535              		.loc 1 153 1 is_stmt 0 view .LVU118
 536 0006 0020     		movs	r0, #0
 537              	.LVL32:
 538              		.loc 1 153 1 view .LVU119
 539 0008 7047     		bx	lr
 540              		.cfi_endproc
 541              	.LFE39:
ARM GAS  C:\Users\joshr\AppData\Local\Temp\ccGArx6k.s 			page 13


 543 000a 00BF     		.section	.text._link,"ax",%progbits
 544              		.align	1
 545              		.p2align 2,,3
 546              		.global	_link
 547              		.syntax unified
 548              		.thumb
 549              		.thumb_func
 551              	_link:
 552              	.LVL33:
 553              	.LFB40:
 154:Core/Src/syscalls.c **** 
 155:Core/Src/syscalls.c **** int _link(char *old, char *new)
 156:Core/Src/syscalls.c **** {
 554              		.loc 1 156 1 is_stmt 1 view -0
 555              		.cfi_startproc
 556              		@ args = 0, pretend = 0, frame = 0
 557              		@ frame_needed = 0, uses_anonymous_args = 0
 157:Core/Src/syscalls.c ****   (void)old;
 558              		.loc 1 157 3 view .LVU121
 158:Core/Src/syscalls.c ****   (void)new;
 559              		.loc 1 158 3 view .LVU122
 159:Core/Src/syscalls.c ****   errno = EMLINK;
 560              		.loc 1 159 3 view .LVU123
 156:Core/Src/syscalls.c ****   (void)old;
 561              		.loc 1 156 1 is_stmt 0 view .LVU124
 562 0000 08B5     		push	{r3, lr}
 563              	.LCFI8:
 564              		.cfi_def_cfa_offset 8
 565              		.cfi_offset 3, -8
 566              		.cfi_offset 14, -4
 567              		.loc 1 159 3 view .LVU125
 568 0002 FFF7FEFF 		bl	__errno
 569              	.LVL34:
 570              		.loc 1 159 9 discriminator 1 view .LVU126
 571 0006 1F23     		movs	r3, #31
 572 0008 0360     		str	r3, [r0]
 160:Core/Src/syscalls.c ****   return -1;
 573              		.loc 1 160 3 is_stmt 1 view .LVU127
 161:Core/Src/syscalls.c **** }
 574              		.loc 1 161 1 is_stmt 0 view .LVU128
 575 000a 4FF0FF30 		mov	r0, #-1
 576 000e 08BD     		pop	{r3, pc}
 577              		.cfi_endproc
 578              	.LFE40:
 580              		.section	.text._fork,"ax",%progbits
 581              		.align	1
 582              		.p2align 2,,3
 583              		.global	_fork
 584              		.syntax unified
 585              		.thumb
 586              		.thumb_func
 588              	_fork:
 589              	.LFB41:
 162:Core/Src/syscalls.c **** 
 163:Core/Src/syscalls.c **** int _fork(void)
 164:Core/Src/syscalls.c **** {
 590              		.loc 1 164 1 is_stmt 1 view -0
ARM GAS  C:\Users\joshr\AppData\Local\Temp\ccGArx6k.s 			page 14


 591              		.cfi_startproc
 592              		@ args = 0, pretend = 0, frame = 0
 593              		@ frame_needed = 0, uses_anonymous_args = 0
 165:Core/Src/syscalls.c ****   errno = EAGAIN;
 594              		.loc 1 165 3 view .LVU130
 164:Core/Src/syscalls.c ****   errno = EAGAIN;
 595              		.loc 1 164 1 is_stmt 0 view .LVU131
 596 0000 08B5     		push	{r3, lr}
 597              	.LCFI9:
 598              		.cfi_def_cfa_offset 8
 599              		.cfi_offset 3, -8
 600              		.cfi_offset 14, -4
 601              		.loc 1 165 3 view .LVU132
 602 0002 FFF7FEFF 		bl	__errno
 603              	.LVL35:
 604              		.loc 1 165 9 discriminator 1 view .LVU133
 605 0006 0B23     		movs	r3, #11
 606 0008 0360     		str	r3, [r0]
 166:Core/Src/syscalls.c ****   return -1;
 607              		.loc 1 166 3 is_stmt 1 view .LVU134
 167:Core/Src/syscalls.c **** }
 608              		.loc 1 167 1 is_stmt 0 view .LVU135
 609 000a 4FF0FF30 		mov	r0, #-1
 610 000e 08BD     		pop	{r3, pc}
 611              		.cfi_endproc
 612              	.LFE41:
 614              		.section	.text._execve,"ax",%progbits
 615              		.align	1
 616              		.p2align 2,,3
 617              		.global	_execve
 618              		.syntax unified
 619              		.thumb
 620              		.thumb_func
 622              	_execve:
 623              	.LVL36:
 624              	.LFB42:
 168:Core/Src/syscalls.c **** 
 169:Core/Src/syscalls.c **** int _execve(char *name, char **argv, char **env)
 170:Core/Src/syscalls.c **** {
 625              		.loc 1 170 1 is_stmt 1 view -0
 626              		.cfi_startproc
 627              		@ args = 0, pretend = 0, frame = 0
 628              		@ frame_needed = 0, uses_anonymous_args = 0
 171:Core/Src/syscalls.c ****   (void)name;
 629              		.loc 1 171 3 view .LVU137
 172:Core/Src/syscalls.c ****   (void)argv;
 630              		.loc 1 172 3 view .LVU138
 173:Core/Src/syscalls.c ****   (void)env;
 631              		.loc 1 173 3 view .LVU139
 174:Core/Src/syscalls.c ****   errno = ENOMEM;
 632              		.loc 1 174 3 view .LVU140
 170:Core/Src/syscalls.c ****   (void)name;
 633              		.loc 1 170 1 is_stmt 0 view .LVU141
 634 0000 08B5     		push	{r3, lr}
 635              	.LCFI10:
 636              		.cfi_def_cfa_offset 8
 637              		.cfi_offset 3, -8
ARM GAS  C:\Users\joshr\AppData\Local\Temp\ccGArx6k.s 			page 15


 638              		.cfi_offset 14, -4
 639              		.loc 1 174 3 view .LVU142
 640 0002 FFF7FEFF 		bl	__errno
 641              	.LVL37:
 642              		.loc 1 174 9 discriminator 1 view .LVU143
 643 0006 0C23     		movs	r3, #12
 644 0008 0360     		str	r3, [r0]
 175:Core/Src/syscalls.c ****   return -1;
 645              		.loc 1 175 3 is_stmt 1 view .LVU144
 176:Core/Src/syscalls.c **** }
 646              		.loc 1 176 1 is_stmt 0 view .LVU145
 647 000a 4FF0FF30 		mov	r0, #-1
 648 000e 08BD     		pop	{r3, pc}
 649              		.cfi_endproc
 650              	.LFE42:
 652              		.global	environ
 653              		.section	.data.environ,"aw"
 654              		.align	2
 657              	environ:
 658 0000 00000000 		.word	__env
 659              		.global	__env
 660              		.section	.bss.__env,"aw",%nobits
 661              		.align	2
 664              	__env:
 665 0000 00000000 		.space	4
 666              		.weak	__io_putchar
 667              		.weak	__io_getchar
 668              		.text
 669              	.Letext0:
 670              		.file 2 "C:\\ST\\STM32CubeIDE_1.19.0\\STM32CubeIDE\\plugins\\com.st.stm32cube.ide.mcu.externaltool
 671              		.file 3 "C:\\ST\\STM32CubeIDE_1.19.0\\STM32CubeIDE\\plugins\\com.st.stm32cube.ide.mcu.externaltool
 672              		.file 4 "C:\\ST\\STM32CubeIDE_1.19.0\\STM32CubeIDE\\plugins\\com.st.stm32cube.ide.mcu.externaltool
 673              		.file 5 "C:\\ST\\STM32CubeIDE_1.19.0\\STM32CubeIDE\\plugins\\com.st.stm32cube.ide.mcu.externaltool
 674              		.file 6 "C:\\ST\\STM32CubeIDE_1.19.0\\STM32CubeIDE\\plugins\\com.st.stm32cube.ide.mcu.externaltool
 675              		.file 7 "C:\\ST\\STM32CubeIDE_1.19.0\\STM32CubeIDE\\plugins\\com.st.stm32cube.ide.mcu.externaltool
 676              		.file 8 "C:\\ST\\STM32CubeIDE_1.19.0\\STM32CubeIDE\\plugins\\com.st.stm32cube.ide.mcu.externaltool
 677              		.file 9 "C:\\ST\\STM32CubeIDE_1.19.0\\STM32CubeIDE\\plugins\\com.st.stm32cube.ide.mcu.externaltool
ARM GAS  C:\Users\joshr\AppData\Local\Temp\ccGArx6k.s 			page 16


DEFINED SYMBOLS
                            *ABS*:00000000 syscalls.c
C:\Users\joshr\AppData\Local\Temp\ccGArx6k.s:21     .text.initialise_monitor_handles:00000000 $t
C:\Users\joshr\AppData\Local\Temp\ccGArx6k.s:28     .text.initialise_monitor_handles:00000000 initialise_monitor_handles
C:\Users\joshr\AppData\Local\Temp\ccGArx6k.s:41     .text._getpid:00000000 $t
C:\Users\joshr\AppData\Local\Temp\ccGArx6k.s:48     .text._getpid:00000000 _getpid
C:\Users\joshr\AppData\Local\Temp\ccGArx6k.s:63     .text._kill:00000000 $t
C:\Users\joshr\AppData\Local\Temp\ccGArx6k.s:70     .text._kill:00000000 _kill
C:\Users\joshr\AppData\Local\Temp\ccGArx6k.s:100    .text._exit:00000000 $t
C:\Users\joshr\AppData\Local\Temp\ccGArx6k.s:107    .text._exit:00000000 _exit
C:\Users\joshr\AppData\Local\Temp\ccGArx6k.s:156    .text._read:00000000 $t
C:\Users\joshr\AppData\Local\Temp\ccGArx6k.s:163    .text._read:00000000 _read
C:\Users\joshr\AppData\Local\Temp\ccGArx6k.s:211    .text._write:00000000 $t
C:\Users\joshr\AppData\Local\Temp\ccGArx6k.s:218    .text._write:00000000 _write
C:\Users\joshr\AppData\Local\Temp\ccGArx6k.s:266    .text._close:00000000 $t
C:\Users\joshr\AppData\Local\Temp\ccGArx6k.s:273    .text._close:00000000 _close
C:\Users\joshr\AppData\Local\Temp\ccGArx6k.s:292    .text._fstat:00000000 $t
C:\Users\joshr\AppData\Local\Temp\ccGArx6k.s:299    .text._fstat:00000000 _fstat
C:\Users\joshr\AppData\Local\Temp\ccGArx6k.s:322    .text._isatty:00000000 $t
C:\Users\joshr\AppData\Local\Temp\ccGArx6k.s:329    .text._isatty:00000000 _isatty
C:\Users\joshr\AppData\Local\Temp\ccGArx6k.s:348    .text._lseek:00000000 $t
C:\Users\joshr\AppData\Local\Temp\ccGArx6k.s:355    .text._lseek:00000000 _lseek
C:\Users\joshr\AppData\Local\Temp\ccGArx6k.s:376    .text._open:00000000 $t
C:\Users\joshr\AppData\Local\Temp\ccGArx6k.s:383    .text._open:00000000 _open
C:\Users\joshr\AppData\Local\Temp\ccGArx6k.s:416    .text._wait:00000000 $t
C:\Users\joshr\AppData\Local\Temp\ccGArx6k.s:423    .text._wait:00000000 _wait
C:\Users\joshr\AppData\Local\Temp\ccGArx6k.s:452    .text._unlink:00000000 $t
C:\Users\joshr\AppData\Local\Temp\ccGArx6k.s:459    .text._unlink:00000000 _unlink
C:\Users\joshr\AppData\Local\Temp\ccGArx6k.s:488    .text._times:00000000 $t
C:\Users\joshr\AppData\Local\Temp\ccGArx6k.s:495    .text._times:00000000 _times
C:\Users\joshr\AppData\Local\Temp\ccGArx6k.s:514    .text._stat:00000000 $t
C:\Users\joshr\AppData\Local\Temp\ccGArx6k.s:521    .text._stat:00000000 _stat
C:\Users\joshr\AppData\Local\Temp\ccGArx6k.s:544    .text._link:00000000 $t
C:\Users\joshr\AppData\Local\Temp\ccGArx6k.s:551    .text._link:00000000 _link
C:\Users\joshr\AppData\Local\Temp\ccGArx6k.s:581    .text._fork:00000000 $t
C:\Users\joshr\AppData\Local\Temp\ccGArx6k.s:588    .text._fork:00000000 _fork
C:\Users\joshr\AppData\Local\Temp\ccGArx6k.s:615    .text._execve:00000000 $t
C:\Users\joshr\AppData\Local\Temp\ccGArx6k.s:622    .text._execve:00000000 _execve
C:\Users\joshr\AppData\Local\Temp\ccGArx6k.s:657    .data.environ:00000000 environ
C:\Users\joshr\AppData\Local\Temp\ccGArx6k.s:654    .data.environ:00000000 $d
C:\Users\joshr\AppData\Local\Temp\ccGArx6k.s:664    .bss.__env:00000000 __env
C:\Users\joshr\AppData\Local\Temp\ccGArx6k.s:661    .bss.__env:00000000 $d

UNDEFINED SYMBOLS
__errno
__io_getchar
__io_putchar
