ARM GAS  C:\Users\joshr\AppData\Local\Temp\cc2cgBOb.s 			page 1


   1              		.cpu cortex-m0
   2              		.arch armv6s-m
   3              		.fpu softvfp
   4              		.eabi_attribute 20, 1
   5              		.eabi_attribute 21, 1
   6              		.eabi_attribute 23, 3
   7              		.eabi_attribute 24, 1
   8              		.eabi_attribute 25, 1
   9              		.eabi_attribute 26, 1
  10              		.eabi_attribute 30, 6
  11              		.eabi_attribute 34, 0
  12              		.eabi_attribute 18, 4
  13              		.file	"stm32f0xx_hal_exti.c"
  14              		.text
  15              	.Ltext0:
  16              		.cfi_sections	.debug_frame
  17              		.file 1 "Drivers/STM32F0xx_HAL_Driver/Src/stm32f0xx_hal_exti.c"
  18              		.section	.text.HAL_EXTI_SetConfigLine,"ax",%progbits
  19              		.align	1
  20              		.global	HAL_EXTI_SetConfigLine
  21              		.syntax unified
  22              		.code	16
  23              		.thumb_func
  25              	HAL_EXTI_SetConfigLine:
  26              	.LFB40:
   1:Drivers/STM32F0xx_HAL_Driver/Src/stm32f0xx_hal_exti.c **** /**
   2:Drivers/STM32F0xx_HAL_Driver/Src/stm32f0xx_hal_exti.c ****   ******************************************************************************
   3:Drivers/STM32F0xx_HAL_Driver/Src/stm32f0xx_hal_exti.c ****   * @file    stm32f0xx_hal_exti.c
   4:Drivers/STM32F0xx_HAL_Driver/Src/stm32f0xx_hal_exti.c ****   * @author  MCD Application Team
   5:Drivers/STM32F0xx_HAL_Driver/Src/stm32f0xx_hal_exti.c ****   * @brief   EXTI HAL module driver.
   6:Drivers/STM32F0xx_HAL_Driver/Src/stm32f0xx_hal_exti.c ****   *          This file provides firmware functions to manage the following
   7:Drivers/STM32F0xx_HAL_Driver/Src/stm32f0xx_hal_exti.c ****   *          functionalities of the Extended Interrupts and events controller (EXTI) peripheral:
   8:Drivers/STM32F0xx_HAL_Driver/Src/stm32f0xx_hal_exti.c ****   *           + Initialization and de-initialization functions
   9:Drivers/STM32F0xx_HAL_Driver/Src/stm32f0xx_hal_exti.c ****   *           + IO operation functions
  10:Drivers/STM32F0xx_HAL_Driver/Src/stm32f0xx_hal_exti.c ****   *
  11:Drivers/STM32F0xx_HAL_Driver/Src/stm32f0xx_hal_exti.c ****   ******************************************************************************
  12:Drivers/STM32F0xx_HAL_Driver/Src/stm32f0xx_hal_exti.c ****   * @attention
  13:Drivers/STM32F0xx_HAL_Driver/Src/stm32f0xx_hal_exti.c ****   *
  14:Drivers/STM32F0xx_HAL_Driver/Src/stm32f0xx_hal_exti.c ****   * Copyright (c) 2019 STMicroelectronics.
  15:Drivers/STM32F0xx_HAL_Driver/Src/stm32f0xx_hal_exti.c ****   * All rights reserved.
  16:Drivers/STM32F0xx_HAL_Driver/Src/stm32f0xx_hal_exti.c ****   *
  17:Drivers/STM32F0xx_HAL_Driver/Src/stm32f0xx_hal_exti.c ****   * This software is licensed under terms that can be found in the LICENSE file
  18:Drivers/STM32F0xx_HAL_Driver/Src/stm32f0xx_hal_exti.c ****   * in the root directory of this software component.
  19:Drivers/STM32F0xx_HAL_Driver/Src/stm32f0xx_hal_exti.c ****   * If no LICENSE file comes with this software, it is provided AS-IS.
  20:Drivers/STM32F0xx_HAL_Driver/Src/stm32f0xx_hal_exti.c ****   *
  21:Drivers/STM32F0xx_HAL_Driver/Src/stm32f0xx_hal_exti.c ****   ******************************************************************************
  22:Drivers/STM32F0xx_HAL_Driver/Src/stm32f0xx_hal_exti.c ****   @verbatim
  23:Drivers/STM32F0xx_HAL_Driver/Src/stm32f0xx_hal_exti.c ****   ==============================================================================
  24:Drivers/STM32F0xx_HAL_Driver/Src/stm32f0xx_hal_exti.c ****                     ##### EXTI Peripheral features #####
  25:Drivers/STM32F0xx_HAL_Driver/Src/stm32f0xx_hal_exti.c ****   ==============================================================================
  26:Drivers/STM32F0xx_HAL_Driver/Src/stm32f0xx_hal_exti.c ****   [..]
  27:Drivers/STM32F0xx_HAL_Driver/Src/stm32f0xx_hal_exti.c ****     (+) Each Exti line can be configured within this driver.
  28:Drivers/STM32F0xx_HAL_Driver/Src/stm32f0xx_hal_exti.c **** 
  29:Drivers/STM32F0xx_HAL_Driver/Src/stm32f0xx_hal_exti.c ****     (+) Exti line can be configured in 3 different modes
  30:Drivers/STM32F0xx_HAL_Driver/Src/stm32f0xx_hal_exti.c ****         (++) Interrupt
  31:Drivers/STM32F0xx_HAL_Driver/Src/stm32f0xx_hal_exti.c ****         (++) Event
  32:Drivers/STM32F0xx_HAL_Driver/Src/stm32f0xx_hal_exti.c ****         (++) Both of them
ARM GAS  C:\Users\joshr\AppData\Local\Temp\cc2cgBOb.s 			page 2


  33:Drivers/STM32F0xx_HAL_Driver/Src/stm32f0xx_hal_exti.c **** 
  34:Drivers/STM32F0xx_HAL_Driver/Src/stm32f0xx_hal_exti.c ****     (+) Configurable Exti lines can be configured with 3 different triggers
  35:Drivers/STM32F0xx_HAL_Driver/Src/stm32f0xx_hal_exti.c ****         (++) Rising
  36:Drivers/STM32F0xx_HAL_Driver/Src/stm32f0xx_hal_exti.c ****         (++) Falling
  37:Drivers/STM32F0xx_HAL_Driver/Src/stm32f0xx_hal_exti.c ****         (++) Both of them
  38:Drivers/STM32F0xx_HAL_Driver/Src/stm32f0xx_hal_exti.c **** 
  39:Drivers/STM32F0xx_HAL_Driver/Src/stm32f0xx_hal_exti.c ****     (+) When set in interrupt mode, configurable Exti lines have two different
  40:Drivers/STM32F0xx_HAL_Driver/Src/stm32f0xx_hal_exti.c ****         interrupts pending registers which allow to distinguish which transition
  41:Drivers/STM32F0xx_HAL_Driver/Src/stm32f0xx_hal_exti.c ****         occurs:
  42:Drivers/STM32F0xx_HAL_Driver/Src/stm32f0xx_hal_exti.c ****         (++) Rising edge pending interrupt
  43:Drivers/STM32F0xx_HAL_Driver/Src/stm32f0xx_hal_exti.c ****         (++) Falling
  44:Drivers/STM32F0xx_HAL_Driver/Src/stm32f0xx_hal_exti.c **** 
  45:Drivers/STM32F0xx_HAL_Driver/Src/stm32f0xx_hal_exti.c ****     (+) Exti lines 0 to 15 are linked to gpio pin number 0 to 15. Gpio port can
  46:Drivers/STM32F0xx_HAL_Driver/Src/stm32f0xx_hal_exti.c ****         be selected through multiplexer.
  47:Drivers/STM32F0xx_HAL_Driver/Src/stm32f0xx_hal_exti.c **** 
  48:Drivers/STM32F0xx_HAL_Driver/Src/stm32f0xx_hal_exti.c ****                      ##### How to use this driver #####
  49:Drivers/STM32F0xx_HAL_Driver/Src/stm32f0xx_hal_exti.c ****   ==============================================================================
  50:Drivers/STM32F0xx_HAL_Driver/Src/stm32f0xx_hal_exti.c ****   [..]
  51:Drivers/STM32F0xx_HAL_Driver/Src/stm32f0xx_hal_exti.c **** 
  52:Drivers/STM32F0xx_HAL_Driver/Src/stm32f0xx_hal_exti.c ****     (#) Configure the EXTI line using HAL_EXTI_SetConfigLine().
  53:Drivers/STM32F0xx_HAL_Driver/Src/stm32f0xx_hal_exti.c ****         (++) Choose the interrupt line number by setting "Line" member from
  54:Drivers/STM32F0xx_HAL_Driver/Src/stm32f0xx_hal_exti.c ****              EXTI_ConfigTypeDef structure.
  55:Drivers/STM32F0xx_HAL_Driver/Src/stm32f0xx_hal_exti.c ****         (++) Configure the interrupt and/or event mode using "Mode" member from
  56:Drivers/STM32F0xx_HAL_Driver/Src/stm32f0xx_hal_exti.c ****              EXTI_ConfigTypeDef structure.
  57:Drivers/STM32F0xx_HAL_Driver/Src/stm32f0xx_hal_exti.c ****         (++) For configurable lines, configure rising and/or falling trigger
  58:Drivers/STM32F0xx_HAL_Driver/Src/stm32f0xx_hal_exti.c ****              "Trigger" member from EXTI_ConfigTypeDef structure.
  59:Drivers/STM32F0xx_HAL_Driver/Src/stm32f0xx_hal_exti.c ****         (++) For Exti lines linked to gpio, choose gpio port using "GPIOSel"
  60:Drivers/STM32F0xx_HAL_Driver/Src/stm32f0xx_hal_exti.c ****              member from GPIO_InitTypeDef structure.
  61:Drivers/STM32F0xx_HAL_Driver/Src/stm32f0xx_hal_exti.c **** 
  62:Drivers/STM32F0xx_HAL_Driver/Src/stm32f0xx_hal_exti.c ****     (#) Get current Exti configuration of a dedicated line using
  63:Drivers/STM32F0xx_HAL_Driver/Src/stm32f0xx_hal_exti.c ****         HAL_EXTI_GetConfigLine().
  64:Drivers/STM32F0xx_HAL_Driver/Src/stm32f0xx_hal_exti.c ****         (++) Provide exiting handle as parameter.
  65:Drivers/STM32F0xx_HAL_Driver/Src/stm32f0xx_hal_exti.c ****         (++) Provide pointer on EXTI_ConfigTypeDef structure as second parameter.
  66:Drivers/STM32F0xx_HAL_Driver/Src/stm32f0xx_hal_exti.c **** 
  67:Drivers/STM32F0xx_HAL_Driver/Src/stm32f0xx_hal_exti.c ****     (#) Clear Exti configuration of a dedicated line using HAL_EXTI_ClearConfigLine().
  68:Drivers/STM32F0xx_HAL_Driver/Src/stm32f0xx_hal_exti.c ****         (++) Provide exiting handle as parameter.
  69:Drivers/STM32F0xx_HAL_Driver/Src/stm32f0xx_hal_exti.c **** 
  70:Drivers/STM32F0xx_HAL_Driver/Src/stm32f0xx_hal_exti.c ****     (#) Register callback to treat Exti interrupts using HAL_EXTI_RegisterCallback().
  71:Drivers/STM32F0xx_HAL_Driver/Src/stm32f0xx_hal_exti.c ****         (++) Provide exiting handle as first parameter.
  72:Drivers/STM32F0xx_HAL_Driver/Src/stm32f0xx_hal_exti.c ****         (++) Provide which callback will be registered using one value from
  73:Drivers/STM32F0xx_HAL_Driver/Src/stm32f0xx_hal_exti.c ****              EXTI_CallbackIDTypeDef.
  74:Drivers/STM32F0xx_HAL_Driver/Src/stm32f0xx_hal_exti.c ****         (++) Provide callback function pointer.
  75:Drivers/STM32F0xx_HAL_Driver/Src/stm32f0xx_hal_exti.c **** 
  76:Drivers/STM32F0xx_HAL_Driver/Src/stm32f0xx_hal_exti.c ****     (#) Get interrupt pending bit using HAL_EXTI_GetPending().
  77:Drivers/STM32F0xx_HAL_Driver/Src/stm32f0xx_hal_exti.c **** 
  78:Drivers/STM32F0xx_HAL_Driver/Src/stm32f0xx_hal_exti.c ****     (#) Clear interrupt pending bit using HAL_EXTI_ClearPending().
  79:Drivers/STM32F0xx_HAL_Driver/Src/stm32f0xx_hal_exti.c **** 
  80:Drivers/STM32F0xx_HAL_Driver/Src/stm32f0xx_hal_exti.c ****     (#) Generate software interrupt using HAL_EXTI_GenerateSWI().
  81:Drivers/STM32F0xx_HAL_Driver/Src/stm32f0xx_hal_exti.c **** 
  82:Drivers/STM32F0xx_HAL_Driver/Src/stm32f0xx_hal_exti.c ****   @endverbatim
  83:Drivers/STM32F0xx_HAL_Driver/Src/stm32f0xx_hal_exti.c ****   */
  84:Drivers/STM32F0xx_HAL_Driver/Src/stm32f0xx_hal_exti.c **** 
  85:Drivers/STM32F0xx_HAL_Driver/Src/stm32f0xx_hal_exti.c **** /* Includes ------------------------------------------------------------------*/
  86:Drivers/STM32F0xx_HAL_Driver/Src/stm32f0xx_hal_exti.c **** #include "stm32f0xx_hal.h"
  87:Drivers/STM32F0xx_HAL_Driver/Src/stm32f0xx_hal_exti.c **** 
  88:Drivers/STM32F0xx_HAL_Driver/Src/stm32f0xx_hal_exti.c **** /** @addtogroup STM32F0xx_HAL_Driver
  89:Drivers/STM32F0xx_HAL_Driver/Src/stm32f0xx_hal_exti.c ****   * @{
ARM GAS  C:\Users\joshr\AppData\Local\Temp\cc2cgBOb.s 			page 3


  90:Drivers/STM32F0xx_HAL_Driver/Src/stm32f0xx_hal_exti.c ****   */
  91:Drivers/STM32F0xx_HAL_Driver/Src/stm32f0xx_hal_exti.c **** 
  92:Drivers/STM32F0xx_HAL_Driver/Src/stm32f0xx_hal_exti.c **** /** @addtogroup EXTI
  93:Drivers/STM32F0xx_HAL_Driver/Src/stm32f0xx_hal_exti.c ****   * @{
  94:Drivers/STM32F0xx_HAL_Driver/Src/stm32f0xx_hal_exti.c ****   */
  95:Drivers/STM32F0xx_HAL_Driver/Src/stm32f0xx_hal_exti.c **** /** MISRA C:2012 deviation rule has been granted for following rule:
  96:Drivers/STM32F0xx_HAL_Driver/Src/stm32f0xx_hal_exti.c ****   * Rule-18.1_b - Medium: Array `EXTICR' 1st subscript interval [0,7] may be out
  97:Drivers/STM32F0xx_HAL_Driver/Src/stm32f0xx_hal_exti.c ****   * of bounds [0,3] in following API :
  98:Drivers/STM32F0xx_HAL_Driver/Src/stm32f0xx_hal_exti.c ****   * HAL_EXTI_SetConfigLine
  99:Drivers/STM32F0xx_HAL_Driver/Src/stm32f0xx_hal_exti.c ****   * HAL_EXTI_GetConfigLine
 100:Drivers/STM32F0xx_HAL_Driver/Src/stm32f0xx_hal_exti.c ****   * HAL_EXTI_ClearConfigLine
 101:Drivers/STM32F0xx_HAL_Driver/Src/stm32f0xx_hal_exti.c ****   */
 102:Drivers/STM32F0xx_HAL_Driver/Src/stm32f0xx_hal_exti.c **** 
 103:Drivers/STM32F0xx_HAL_Driver/Src/stm32f0xx_hal_exti.c **** #ifdef HAL_EXTI_MODULE_ENABLED
 104:Drivers/STM32F0xx_HAL_Driver/Src/stm32f0xx_hal_exti.c **** 
 105:Drivers/STM32F0xx_HAL_Driver/Src/stm32f0xx_hal_exti.c **** /* Private typedef -----------------------------------------------------------*/
 106:Drivers/STM32F0xx_HAL_Driver/Src/stm32f0xx_hal_exti.c **** /* Private defines -----------------------------------------------------------*/
 107:Drivers/STM32F0xx_HAL_Driver/Src/stm32f0xx_hal_exti.c **** /** @defgroup EXTI_Private_Constants EXTI Private Constants
 108:Drivers/STM32F0xx_HAL_Driver/Src/stm32f0xx_hal_exti.c ****   * @{
 109:Drivers/STM32F0xx_HAL_Driver/Src/stm32f0xx_hal_exti.c ****   */
 110:Drivers/STM32F0xx_HAL_Driver/Src/stm32f0xx_hal_exti.c **** 
 111:Drivers/STM32F0xx_HAL_Driver/Src/stm32f0xx_hal_exti.c **** /**
 112:Drivers/STM32F0xx_HAL_Driver/Src/stm32f0xx_hal_exti.c ****   * @}
 113:Drivers/STM32F0xx_HAL_Driver/Src/stm32f0xx_hal_exti.c ****   */
 114:Drivers/STM32F0xx_HAL_Driver/Src/stm32f0xx_hal_exti.c **** 
 115:Drivers/STM32F0xx_HAL_Driver/Src/stm32f0xx_hal_exti.c **** /* Private macros ------------------------------------------------------------*/
 116:Drivers/STM32F0xx_HAL_Driver/Src/stm32f0xx_hal_exti.c **** /* Private variables ---------------------------------------------------------*/
 117:Drivers/STM32F0xx_HAL_Driver/Src/stm32f0xx_hal_exti.c **** /* Private function prototypes -----------------------------------------------*/
 118:Drivers/STM32F0xx_HAL_Driver/Src/stm32f0xx_hal_exti.c **** /* Exported functions --------------------------------------------------------*/
 119:Drivers/STM32F0xx_HAL_Driver/Src/stm32f0xx_hal_exti.c **** 
 120:Drivers/STM32F0xx_HAL_Driver/Src/stm32f0xx_hal_exti.c **** /** @addtogroup EXTI_Exported_Functions
 121:Drivers/STM32F0xx_HAL_Driver/Src/stm32f0xx_hal_exti.c ****   * @{
 122:Drivers/STM32F0xx_HAL_Driver/Src/stm32f0xx_hal_exti.c ****   */
 123:Drivers/STM32F0xx_HAL_Driver/Src/stm32f0xx_hal_exti.c **** 
 124:Drivers/STM32F0xx_HAL_Driver/Src/stm32f0xx_hal_exti.c **** /** @addtogroup EXTI_Exported_Functions_Group1
 125:Drivers/STM32F0xx_HAL_Driver/Src/stm32f0xx_hal_exti.c ****   *  @brief    Configuration functions
 126:Drivers/STM32F0xx_HAL_Driver/Src/stm32f0xx_hal_exti.c ****   *
 127:Drivers/STM32F0xx_HAL_Driver/Src/stm32f0xx_hal_exti.c **** @verbatim
 128:Drivers/STM32F0xx_HAL_Driver/Src/stm32f0xx_hal_exti.c ****  ===============================================================================
 129:Drivers/STM32F0xx_HAL_Driver/Src/stm32f0xx_hal_exti.c ****               ##### Configuration functions #####
 130:Drivers/STM32F0xx_HAL_Driver/Src/stm32f0xx_hal_exti.c ****  ===============================================================================
 131:Drivers/STM32F0xx_HAL_Driver/Src/stm32f0xx_hal_exti.c **** 
 132:Drivers/STM32F0xx_HAL_Driver/Src/stm32f0xx_hal_exti.c **** @endverbatim
 133:Drivers/STM32F0xx_HAL_Driver/Src/stm32f0xx_hal_exti.c ****   * @{
 134:Drivers/STM32F0xx_HAL_Driver/Src/stm32f0xx_hal_exti.c ****   */
 135:Drivers/STM32F0xx_HAL_Driver/Src/stm32f0xx_hal_exti.c **** 
 136:Drivers/STM32F0xx_HAL_Driver/Src/stm32f0xx_hal_exti.c **** /**
 137:Drivers/STM32F0xx_HAL_Driver/Src/stm32f0xx_hal_exti.c ****   * @brief  Set configuration of a dedicated Exti line.
 138:Drivers/STM32F0xx_HAL_Driver/Src/stm32f0xx_hal_exti.c ****   * @param  hexti Exti handle.
 139:Drivers/STM32F0xx_HAL_Driver/Src/stm32f0xx_hal_exti.c ****   * @param  pExtiConfig Pointer on EXTI configuration to be set.
 140:Drivers/STM32F0xx_HAL_Driver/Src/stm32f0xx_hal_exti.c ****   * @retval HAL Status.
 141:Drivers/STM32F0xx_HAL_Driver/Src/stm32f0xx_hal_exti.c ****   */
 142:Drivers/STM32F0xx_HAL_Driver/Src/stm32f0xx_hal_exti.c **** HAL_StatusTypeDef HAL_EXTI_SetConfigLine(EXTI_HandleTypeDef *hexti, EXTI_ConfigTypeDef *pExtiConfig
 143:Drivers/STM32F0xx_HAL_Driver/Src/stm32f0xx_hal_exti.c **** {
  27              		.loc 1 143 1
  28              		.cfi_startproc
  29              		@ args = 0, pretend = 0, frame = 24
ARM GAS  C:\Users\joshr\AppData\Local\Temp\cc2cgBOb.s 			page 4


  30              		@ frame_needed = 1, uses_anonymous_args = 0
  31 0000 80B5     		push	{r7, lr}
  32              	.LCFI0:
  33              		.cfi_def_cfa_offset 8
  34              		.cfi_offset 7, -8
  35              		.cfi_offset 14, -4
  36 0002 86B0     		sub	sp, sp, #24
  37              	.LCFI1:
  38              		.cfi_def_cfa_offset 32
  39 0004 00AF     		add	r7, sp, #0
  40              	.LCFI2:
  41              		.cfi_def_cfa_register 7
  42 0006 7860     		str	r0, [r7, #4]
  43 0008 3960     		str	r1, [r7]
 144:Drivers/STM32F0xx_HAL_Driver/Src/stm32f0xx_hal_exti.c ****   uint32_t regval;
 145:Drivers/STM32F0xx_HAL_Driver/Src/stm32f0xx_hal_exti.c ****   uint32_t linepos;
 146:Drivers/STM32F0xx_HAL_Driver/Src/stm32f0xx_hal_exti.c ****   uint32_t maskline;
 147:Drivers/STM32F0xx_HAL_Driver/Src/stm32f0xx_hal_exti.c **** 
 148:Drivers/STM32F0xx_HAL_Driver/Src/stm32f0xx_hal_exti.c ****   /* Check null pointer */
 149:Drivers/STM32F0xx_HAL_Driver/Src/stm32f0xx_hal_exti.c ****   if ((hexti == NULL) || (pExtiConfig == NULL))
  44              		.loc 1 149 6
  45 000a 7B68     		ldr	r3, [r7, #4]
  46 000c 002B     		cmp	r3, #0
  47 000e 02D0     		beq	.L2
  48              		.loc 1 149 23 discriminator 1
  49 0010 3B68     		ldr	r3, [r7]
  50 0012 002B     		cmp	r3, #0
  51 0014 01D1     		bne	.L3
  52              	.L2:
 150:Drivers/STM32F0xx_HAL_Driver/Src/stm32f0xx_hal_exti.c ****   {
 151:Drivers/STM32F0xx_HAL_Driver/Src/stm32f0xx_hal_exti.c ****     return HAL_ERROR;
  53              		.loc 1 151 12
  54 0016 0123     		movs	r3, #1
  55 0018 8DE0     		b	.L4
  56              	.L3:
 152:Drivers/STM32F0xx_HAL_Driver/Src/stm32f0xx_hal_exti.c ****   }
 153:Drivers/STM32F0xx_HAL_Driver/Src/stm32f0xx_hal_exti.c **** 
 154:Drivers/STM32F0xx_HAL_Driver/Src/stm32f0xx_hal_exti.c ****   /* Check parameters */
 155:Drivers/STM32F0xx_HAL_Driver/Src/stm32f0xx_hal_exti.c ****   assert_param(IS_EXTI_LINE(pExtiConfig->Line));
 156:Drivers/STM32F0xx_HAL_Driver/Src/stm32f0xx_hal_exti.c ****   assert_param(IS_EXTI_MODE(pExtiConfig->Mode));
 157:Drivers/STM32F0xx_HAL_Driver/Src/stm32f0xx_hal_exti.c **** 
 158:Drivers/STM32F0xx_HAL_Driver/Src/stm32f0xx_hal_exti.c ****   /* Assign line number to handle */
 159:Drivers/STM32F0xx_HAL_Driver/Src/stm32f0xx_hal_exti.c ****   hexti->Line = pExtiConfig->Line;
  57              		.loc 1 159 28
  58 001a 3B68     		ldr	r3, [r7]
  59 001c 1A68     		ldr	r2, [r3]
  60              		.loc 1 159 15
  61 001e 7B68     		ldr	r3, [r7, #4]
  62 0020 1A60     		str	r2, [r3]
 160:Drivers/STM32F0xx_HAL_Driver/Src/stm32f0xx_hal_exti.c **** 
 161:Drivers/STM32F0xx_HAL_Driver/Src/stm32f0xx_hal_exti.c ****   /* Compute line mask */
 162:Drivers/STM32F0xx_HAL_Driver/Src/stm32f0xx_hal_exti.c ****   linepos = (pExtiConfig->Line & EXTI_PIN_MASK);
  63              		.loc 1 162 25
  64 0022 3B68     		ldr	r3, [r7]
  65 0024 1B68     		ldr	r3, [r3]
  66              		.loc 1 162 11
  67 0026 1F22     		movs	r2, #31
ARM GAS  C:\Users\joshr\AppData\Local\Temp\cc2cgBOb.s 			page 5


  68 0028 1340     		ands	r3, r2
  69 002a 7B61     		str	r3, [r7, #20]
 163:Drivers/STM32F0xx_HAL_Driver/Src/stm32f0xx_hal_exti.c ****   maskline = (1uL << linepos);
  70              		.loc 1 163 12
  71 002c 0122     		movs	r2, #1
  72 002e 7B69     		ldr	r3, [r7, #20]
  73 0030 9A40     		lsls	r2, r2, r3
  74 0032 1300     		movs	r3, r2
  75 0034 3B61     		str	r3, [r7, #16]
 164:Drivers/STM32F0xx_HAL_Driver/Src/stm32f0xx_hal_exti.c **** 
 165:Drivers/STM32F0xx_HAL_Driver/Src/stm32f0xx_hal_exti.c ****   /* Configure triggers for configurable lines */
 166:Drivers/STM32F0xx_HAL_Driver/Src/stm32f0xx_hal_exti.c ****   if ((pExtiConfig->Line & EXTI_CONFIG) != 0x00u)
  76              		.loc 1 166 19
  77 0036 3B68     		ldr	r3, [r7]
  78 0038 1A68     		ldr	r2, [r3]
  79              		.loc 1 166 26
  80 003a 8023     		movs	r3, #128
  81 003c 9B04     		lsls	r3, r3, #18
  82 003e 1340     		ands	r3, r2
  83              		.loc 1 166 6
  84 0040 52D0     		beq	.L5
 167:Drivers/STM32F0xx_HAL_Driver/Src/stm32f0xx_hal_exti.c ****   {
 168:Drivers/STM32F0xx_HAL_Driver/Src/stm32f0xx_hal_exti.c ****     assert_param(IS_EXTI_TRIGGER(pExtiConfig->Trigger));
 169:Drivers/STM32F0xx_HAL_Driver/Src/stm32f0xx_hal_exti.c **** 
 170:Drivers/STM32F0xx_HAL_Driver/Src/stm32f0xx_hal_exti.c ****     /* Configure rising trigger */
 171:Drivers/STM32F0xx_HAL_Driver/Src/stm32f0xx_hal_exti.c ****     /* Mask or set line */
 172:Drivers/STM32F0xx_HAL_Driver/Src/stm32f0xx_hal_exti.c ****     if ((pExtiConfig->Trigger & EXTI_TRIGGER_RISING) != 0x00u)
  85              		.loc 1 172 21
  86 0042 3B68     		ldr	r3, [r7]
  87 0044 9B68     		ldr	r3, [r3, #8]
  88              		.loc 1 172 31
  89 0046 0122     		movs	r2, #1
  90 0048 1340     		ands	r3, r2
  91              		.loc 1 172 8
  92 004a 06D0     		beq	.L6
 173:Drivers/STM32F0xx_HAL_Driver/Src/stm32f0xx_hal_exti.c ****     {
 174:Drivers/STM32F0xx_HAL_Driver/Src/stm32f0xx_hal_exti.c ****       EXTI->RTSR |= maskline;
  93              		.loc 1 174 11
  94 004c 3C4B     		ldr	r3, .L14
  95 004e 9968     		ldr	r1, [r3, #8]
  96 0050 3B4B     		ldr	r3, .L14
  97              		.loc 1 174 18
  98 0052 3A69     		ldr	r2, [r7, #16]
  99 0054 0A43     		orrs	r2, r1
 100 0056 9A60     		str	r2, [r3, #8]
 101 0058 06E0     		b	.L7
 102              	.L6:
 175:Drivers/STM32F0xx_HAL_Driver/Src/stm32f0xx_hal_exti.c ****     }
 176:Drivers/STM32F0xx_HAL_Driver/Src/stm32f0xx_hal_exti.c ****     else
 177:Drivers/STM32F0xx_HAL_Driver/Src/stm32f0xx_hal_exti.c ****     {
 178:Drivers/STM32F0xx_HAL_Driver/Src/stm32f0xx_hal_exti.c ****       EXTI->RTSR &= ~maskline;
 103              		.loc 1 178 11
 104 005a 394B     		ldr	r3, .L14
 105 005c 9A68     		ldr	r2, [r3, #8]
 106              		.loc 1 178 21
 107 005e 3B69     		ldr	r3, [r7, #16]
 108 0060 D943     		mvns	r1, r3
ARM GAS  C:\Users\joshr\AppData\Local\Temp\cc2cgBOb.s 			page 6


 109              		.loc 1 178 11
 110 0062 374B     		ldr	r3, .L14
 111              		.loc 1 178 18
 112 0064 0A40     		ands	r2, r1
 113 0066 9A60     		str	r2, [r3, #8]
 114              	.L7:
 179:Drivers/STM32F0xx_HAL_Driver/Src/stm32f0xx_hal_exti.c ****     }
 180:Drivers/STM32F0xx_HAL_Driver/Src/stm32f0xx_hal_exti.c **** 
 181:Drivers/STM32F0xx_HAL_Driver/Src/stm32f0xx_hal_exti.c ****     /* Configure falling trigger */
 182:Drivers/STM32F0xx_HAL_Driver/Src/stm32f0xx_hal_exti.c ****     /* Mask or set line */
 183:Drivers/STM32F0xx_HAL_Driver/Src/stm32f0xx_hal_exti.c ****     if ((pExtiConfig->Trigger & EXTI_TRIGGER_FALLING) != 0x00u)
 115              		.loc 1 183 21
 116 0068 3B68     		ldr	r3, [r7]
 117 006a 9B68     		ldr	r3, [r3, #8]
 118              		.loc 1 183 31
 119 006c 0222     		movs	r2, #2
 120 006e 1340     		ands	r3, r2
 121              		.loc 1 183 8
 122 0070 06D0     		beq	.L8
 184:Drivers/STM32F0xx_HAL_Driver/Src/stm32f0xx_hal_exti.c ****     {
 185:Drivers/STM32F0xx_HAL_Driver/Src/stm32f0xx_hal_exti.c ****       EXTI->FTSR |= maskline;
 123              		.loc 1 185 11
 124 0072 334B     		ldr	r3, .L14
 125 0074 D968     		ldr	r1, [r3, #12]
 126 0076 324B     		ldr	r3, .L14
 127              		.loc 1 185 18
 128 0078 3A69     		ldr	r2, [r7, #16]
 129 007a 0A43     		orrs	r2, r1
 130 007c DA60     		str	r2, [r3, #12]
 131 007e 06E0     		b	.L9
 132              	.L8:
 186:Drivers/STM32F0xx_HAL_Driver/Src/stm32f0xx_hal_exti.c ****     }
 187:Drivers/STM32F0xx_HAL_Driver/Src/stm32f0xx_hal_exti.c ****     else
 188:Drivers/STM32F0xx_HAL_Driver/Src/stm32f0xx_hal_exti.c ****     {
 189:Drivers/STM32F0xx_HAL_Driver/Src/stm32f0xx_hal_exti.c ****       EXTI->FTSR &= ~maskline;
 133              		.loc 1 189 11
 134 0080 2F4B     		ldr	r3, .L14
 135 0082 DA68     		ldr	r2, [r3, #12]
 136              		.loc 1 189 21
 137 0084 3B69     		ldr	r3, [r7, #16]
 138 0086 D943     		mvns	r1, r3
 139              		.loc 1 189 11
 140 0088 2D4B     		ldr	r3, .L14
 141              		.loc 1 189 18
 142 008a 0A40     		ands	r2, r1
 143 008c DA60     		str	r2, [r3, #12]
 144              	.L9:
 190:Drivers/STM32F0xx_HAL_Driver/Src/stm32f0xx_hal_exti.c ****     }
 191:Drivers/STM32F0xx_HAL_Driver/Src/stm32f0xx_hal_exti.c **** 
 192:Drivers/STM32F0xx_HAL_Driver/Src/stm32f0xx_hal_exti.c **** 
 193:Drivers/STM32F0xx_HAL_Driver/Src/stm32f0xx_hal_exti.c ****     /* Configure gpio port selection in case of gpio exti line */
 194:Drivers/STM32F0xx_HAL_Driver/Src/stm32f0xx_hal_exti.c ****     if ((pExtiConfig->Line & EXTI_GPIO) == EXTI_GPIO)
 145              		.loc 1 194 21
 146 008e 3B68     		ldr	r3, [r7]
 147 0090 1A68     		ldr	r2, [r3]
 148              		.loc 1 194 28
 149 0092 C023     		movs	r3, #192
ARM GAS  C:\Users\joshr\AppData\Local\Temp\cc2cgBOb.s 			page 7


 150 0094 DB04     		lsls	r3, r3, #19
 151 0096 1A40     		ands	r2, r3
 152              		.loc 1 194 8
 153 0098 C023     		movs	r3, #192
 154 009a DB04     		lsls	r3, r3, #19
 155 009c 9A42     		cmp	r2, r3
 156 009e 23D1     		bne	.L5
 195:Drivers/STM32F0xx_HAL_Driver/Src/stm32f0xx_hal_exti.c ****     {
 196:Drivers/STM32F0xx_HAL_Driver/Src/stm32f0xx_hal_exti.c ****       assert_param(IS_EXTI_GPIO_PORT(pExtiConfig->GPIOSel));
 197:Drivers/STM32F0xx_HAL_Driver/Src/stm32f0xx_hal_exti.c ****       assert_param(IS_EXTI_GPIO_PIN(linepos));
 198:Drivers/STM32F0xx_HAL_Driver/Src/stm32f0xx_hal_exti.c **** 
 199:Drivers/STM32F0xx_HAL_Driver/Src/stm32f0xx_hal_exti.c ****       regval = SYSCFG->EXTICR[linepos >> 2u];
 157              		.loc 1 199 22
 158 00a0 284A     		ldr	r2, .L14+4
 159              		.loc 1 199 39
 160 00a2 7B69     		ldr	r3, [r7, #20]
 161 00a4 9B08     		lsrs	r3, r3, #2
 162              		.loc 1 199 14
 163 00a6 0233     		adds	r3, r3, #2
 164 00a8 9B00     		lsls	r3, r3, #2
 165 00aa 9B58     		ldr	r3, [r3, r2]
 166 00ac FB60     		str	r3, [r7, #12]
 200:Drivers/STM32F0xx_HAL_Driver/Src/stm32f0xx_hal_exti.c ****       regval &= ~(SYSCFG_EXTICR1_EXTI0 << (SYSCFG_EXTICR1_EXTI1_Pos * (linepos & 0x03u)));
 167              		.loc 1 200 80
 168 00ae 7B69     		ldr	r3, [r7, #20]
 169 00b0 0322     		movs	r2, #3
 170 00b2 1340     		ands	r3, r2
 171              		.loc 1 200 69
 172 00b4 9B00     		lsls	r3, r3, #2
 173              		.loc 1 200 40
 174 00b6 0F22     		movs	r2, #15
 175 00b8 9A40     		lsls	r2, r2, r3
 176 00ba 1300     		movs	r3, r2
 177              		.loc 1 200 17
 178 00bc DA43     		mvns	r2, r3
 179              		.loc 1 200 14
 180 00be FB68     		ldr	r3, [r7, #12]
 181 00c0 1340     		ands	r3, r2
 182 00c2 FB60     		str	r3, [r7, #12]
 201:Drivers/STM32F0xx_HAL_Driver/Src/stm32f0xx_hal_exti.c ****       regval |= (pExtiConfig->GPIOSel << (SYSCFG_EXTICR1_EXTI1_Pos * (linepos & 0x03u)));
 183              		.loc 1 201 29
 184 00c4 3B68     		ldr	r3, [r7]
 185 00c6 DA68     		ldr	r2, [r3, #12]
 186              		.loc 1 201 79
 187 00c8 7B69     		ldr	r3, [r7, #20]
 188 00ca 0321     		movs	r1, #3
 189 00cc 0B40     		ands	r3, r1
 190              		.loc 1 201 68
 191 00ce 9B00     		lsls	r3, r3, #2
 192              		.loc 1 201 39
 193 00d0 9A40     		lsls	r2, r2, r3
 194 00d2 1300     		movs	r3, r2
 195              		.loc 1 201 14
 196 00d4 FA68     		ldr	r2, [r7, #12]
 197 00d6 1343     		orrs	r3, r2
 198 00d8 FB60     		str	r3, [r7, #12]
 202:Drivers/STM32F0xx_HAL_Driver/Src/stm32f0xx_hal_exti.c ****       SYSCFG->EXTICR[linepos >> 2u] = regval;
ARM GAS  C:\Users\joshr\AppData\Local\Temp\cc2cgBOb.s 			page 8


 199              		.loc 1 202 13
 200 00da 1A49     		ldr	r1, .L14+4
 201              		.loc 1 202 30
 202 00dc 7B69     		ldr	r3, [r7, #20]
 203 00de 9B08     		lsrs	r3, r3, #2
 204              		.loc 1 202 37
 205 00e0 0233     		adds	r3, r3, #2
 206 00e2 9B00     		lsls	r3, r3, #2
 207 00e4 FA68     		ldr	r2, [r7, #12]
 208 00e6 5A50     		str	r2, [r3, r1]
 209              	.L5:
 203:Drivers/STM32F0xx_HAL_Driver/Src/stm32f0xx_hal_exti.c ****     }
 204:Drivers/STM32F0xx_HAL_Driver/Src/stm32f0xx_hal_exti.c ****   }
 205:Drivers/STM32F0xx_HAL_Driver/Src/stm32f0xx_hal_exti.c **** 
 206:Drivers/STM32F0xx_HAL_Driver/Src/stm32f0xx_hal_exti.c ****   /* Configure interrupt mode : read current mode */
 207:Drivers/STM32F0xx_HAL_Driver/Src/stm32f0xx_hal_exti.c ****   /* Mask or set line */
 208:Drivers/STM32F0xx_HAL_Driver/Src/stm32f0xx_hal_exti.c ****   if ((pExtiConfig->Mode & EXTI_MODE_INTERRUPT) != 0x00u)
 210              		.loc 1 208 19
 211 00e8 3B68     		ldr	r3, [r7]
 212 00ea 5B68     		ldr	r3, [r3, #4]
 213              		.loc 1 208 26
 214 00ec 0122     		movs	r2, #1
 215 00ee 1340     		ands	r3, r2
 216              		.loc 1 208 6
 217 00f0 06D0     		beq	.L10
 209:Drivers/STM32F0xx_HAL_Driver/Src/stm32f0xx_hal_exti.c ****   {
 210:Drivers/STM32F0xx_HAL_Driver/Src/stm32f0xx_hal_exti.c ****     EXTI->IMR |= maskline;
 218              		.loc 1 210 9
 219 00f2 134B     		ldr	r3, .L14
 220 00f4 1968     		ldr	r1, [r3]
 221 00f6 124B     		ldr	r3, .L14
 222              		.loc 1 210 15
 223 00f8 3A69     		ldr	r2, [r7, #16]
 224 00fa 0A43     		orrs	r2, r1
 225 00fc 1A60     		str	r2, [r3]
 226 00fe 06E0     		b	.L11
 227              	.L10:
 211:Drivers/STM32F0xx_HAL_Driver/Src/stm32f0xx_hal_exti.c ****   }
 212:Drivers/STM32F0xx_HAL_Driver/Src/stm32f0xx_hal_exti.c ****   else
 213:Drivers/STM32F0xx_HAL_Driver/Src/stm32f0xx_hal_exti.c ****   {
 214:Drivers/STM32F0xx_HAL_Driver/Src/stm32f0xx_hal_exti.c ****     EXTI->IMR &= ~maskline;
 228              		.loc 1 214 9
 229 0100 0F4B     		ldr	r3, .L14
 230 0102 1A68     		ldr	r2, [r3]
 231              		.loc 1 214 18
 232 0104 3B69     		ldr	r3, [r7, #16]
 233 0106 D943     		mvns	r1, r3
 234              		.loc 1 214 9
 235 0108 0D4B     		ldr	r3, .L14
 236              		.loc 1 214 15
 237 010a 0A40     		ands	r2, r1
 238 010c 1A60     		str	r2, [r3]
 239              	.L11:
 215:Drivers/STM32F0xx_HAL_Driver/Src/stm32f0xx_hal_exti.c ****   }
 216:Drivers/STM32F0xx_HAL_Driver/Src/stm32f0xx_hal_exti.c **** 
 217:Drivers/STM32F0xx_HAL_Driver/Src/stm32f0xx_hal_exti.c ****   /* Configure event mode : read current mode */
 218:Drivers/STM32F0xx_HAL_Driver/Src/stm32f0xx_hal_exti.c ****   /* Mask or set line */
ARM GAS  C:\Users\joshr\AppData\Local\Temp\cc2cgBOb.s 			page 9


 219:Drivers/STM32F0xx_HAL_Driver/Src/stm32f0xx_hal_exti.c ****   if ((pExtiConfig->Mode & EXTI_MODE_EVENT) != 0x00u)
 240              		.loc 1 219 19
 241 010e 3B68     		ldr	r3, [r7]
 242 0110 5B68     		ldr	r3, [r3, #4]
 243              		.loc 1 219 26
 244 0112 0222     		movs	r2, #2
 245 0114 1340     		ands	r3, r2
 246              		.loc 1 219 6
 247 0116 06D0     		beq	.L12
 220:Drivers/STM32F0xx_HAL_Driver/Src/stm32f0xx_hal_exti.c ****   {
 221:Drivers/STM32F0xx_HAL_Driver/Src/stm32f0xx_hal_exti.c ****     EXTI->EMR |= maskline;
 248              		.loc 1 221 9
 249 0118 094B     		ldr	r3, .L14
 250 011a 5968     		ldr	r1, [r3, #4]
 251 011c 084B     		ldr	r3, .L14
 252              		.loc 1 221 15
 253 011e 3A69     		ldr	r2, [r7, #16]
 254 0120 0A43     		orrs	r2, r1
 255 0122 5A60     		str	r2, [r3, #4]
 256 0124 06E0     		b	.L13
 257              	.L12:
 222:Drivers/STM32F0xx_HAL_Driver/Src/stm32f0xx_hal_exti.c ****   }
 223:Drivers/STM32F0xx_HAL_Driver/Src/stm32f0xx_hal_exti.c ****   else
 224:Drivers/STM32F0xx_HAL_Driver/Src/stm32f0xx_hal_exti.c ****   {
 225:Drivers/STM32F0xx_HAL_Driver/Src/stm32f0xx_hal_exti.c ****     EXTI->EMR &= ~maskline;
 258              		.loc 1 225 9
 259 0126 064B     		ldr	r3, .L14
 260 0128 5A68     		ldr	r2, [r3, #4]
 261              		.loc 1 225 18
 262 012a 3B69     		ldr	r3, [r7, #16]
 263 012c D943     		mvns	r1, r3
 264              		.loc 1 225 9
 265 012e 044B     		ldr	r3, .L14
 266              		.loc 1 225 15
 267 0130 0A40     		ands	r2, r1
 268 0132 5A60     		str	r2, [r3, #4]
 269              	.L13:
 226:Drivers/STM32F0xx_HAL_Driver/Src/stm32f0xx_hal_exti.c ****   }
 227:Drivers/STM32F0xx_HAL_Driver/Src/stm32f0xx_hal_exti.c **** 
 228:Drivers/STM32F0xx_HAL_Driver/Src/stm32f0xx_hal_exti.c ****   return HAL_OK;
 270              		.loc 1 228 10
 271 0134 0023     		movs	r3, #0
 272              	.L4:
 229:Drivers/STM32F0xx_HAL_Driver/Src/stm32f0xx_hal_exti.c **** }
 273              		.loc 1 229 1
 274 0136 1800     		movs	r0, r3
 275 0138 BD46     		mov	sp, r7
 276 013a 06B0     		add	sp, sp, #24
 277              		@ sp needed
 278 013c 80BD     		pop	{r7, pc}
 279              	.L15:
 280 013e C046     		.align	2
 281              	.L14:
 282 0140 00040140 		.word	1073808384
 283 0144 00000140 		.word	1073807360
 284              		.cfi_endproc
 285              	.LFE40:
ARM GAS  C:\Users\joshr\AppData\Local\Temp\cc2cgBOb.s 			page 10


 287              		.section	.text.HAL_EXTI_GetConfigLine,"ax",%progbits
 288              		.align	1
 289              		.global	HAL_EXTI_GetConfigLine
 290              		.syntax unified
 291              		.code	16
 292              		.thumb_func
 294              	HAL_EXTI_GetConfigLine:
 295              	.LFB41:
 230:Drivers/STM32F0xx_HAL_Driver/Src/stm32f0xx_hal_exti.c **** 
 231:Drivers/STM32F0xx_HAL_Driver/Src/stm32f0xx_hal_exti.c **** /**
 232:Drivers/STM32F0xx_HAL_Driver/Src/stm32f0xx_hal_exti.c ****   * @brief  Get configuration of a dedicated Exti line.
 233:Drivers/STM32F0xx_HAL_Driver/Src/stm32f0xx_hal_exti.c ****   * @param  hexti Exti handle.
 234:Drivers/STM32F0xx_HAL_Driver/Src/stm32f0xx_hal_exti.c ****   * @param  pExtiConfig Pointer on structure to store Exti configuration.
 235:Drivers/STM32F0xx_HAL_Driver/Src/stm32f0xx_hal_exti.c ****   * @retval HAL Status.
 236:Drivers/STM32F0xx_HAL_Driver/Src/stm32f0xx_hal_exti.c ****   */
 237:Drivers/STM32F0xx_HAL_Driver/Src/stm32f0xx_hal_exti.c **** HAL_StatusTypeDef HAL_EXTI_GetConfigLine(EXTI_HandleTypeDef *hexti, EXTI_ConfigTypeDef *pExtiConfig
 238:Drivers/STM32F0xx_HAL_Driver/Src/stm32f0xx_hal_exti.c **** {
 296              		.loc 1 238 1
 297              		.cfi_startproc
 298              		@ args = 0, pretend = 0, frame = 24
 299              		@ frame_needed = 1, uses_anonymous_args = 0
 300 0000 80B5     		push	{r7, lr}
 301              	.LCFI3:
 302              		.cfi_def_cfa_offset 8
 303              		.cfi_offset 7, -8
 304              		.cfi_offset 14, -4
 305 0002 86B0     		sub	sp, sp, #24
 306              	.LCFI4:
 307              		.cfi_def_cfa_offset 32
 308 0004 00AF     		add	r7, sp, #0
 309              	.LCFI5:
 310              		.cfi_def_cfa_register 7
 311 0006 7860     		str	r0, [r7, #4]
 312 0008 3960     		str	r1, [r7]
 239:Drivers/STM32F0xx_HAL_Driver/Src/stm32f0xx_hal_exti.c ****   uint32_t regval;
 240:Drivers/STM32F0xx_HAL_Driver/Src/stm32f0xx_hal_exti.c ****   uint32_t linepos;
 241:Drivers/STM32F0xx_HAL_Driver/Src/stm32f0xx_hal_exti.c ****   uint32_t maskline;
 242:Drivers/STM32F0xx_HAL_Driver/Src/stm32f0xx_hal_exti.c **** 
 243:Drivers/STM32F0xx_HAL_Driver/Src/stm32f0xx_hal_exti.c ****   /* Check null pointer */
 244:Drivers/STM32F0xx_HAL_Driver/Src/stm32f0xx_hal_exti.c ****   if ((hexti == NULL) || (pExtiConfig == NULL))
 313              		.loc 1 244 6
 314 000a 7B68     		ldr	r3, [r7, #4]
 315 000c 002B     		cmp	r3, #0
 316 000e 02D0     		beq	.L17
 317              		.loc 1 244 23 discriminator 1
 318 0010 3B68     		ldr	r3, [r7]
 319 0012 002B     		cmp	r3, #0
 320 0014 01D1     		bne	.L18
 321              	.L17:
 245:Drivers/STM32F0xx_HAL_Driver/Src/stm32f0xx_hal_exti.c ****   {
 246:Drivers/STM32F0xx_HAL_Driver/Src/stm32f0xx_hal_exti.c ****     return HAL_ERROR;
 322              		.loc 1 246 12
 323 0016 0123     		movs	r3, #1
 324 0018 5FE0     		b	.L19
 325              	.L18:
 247:Drivers/STM32F0xx_HAL_Driver/Src/stm32f0xx_hal_exti.c ****   }
 248:Drivers/STM32F0xx_HAL_Driver/Src/stm32f0xx_hal_exti.c **** 
ARM GAS  C:\Users\joshr\AppData\Local\Temp\cc2cgBOb.s 			page 11


 249:Drivers/STM32F0xx_HAL_Driver/Src/stm32f0xx_hal_exti.c ****   /* Check the parameter */
 250:Drivers/STM32F0xx_HAL_Driver/Src/stm32f0xx_hal_exti.c ****   assert_param(IS_EXTI_LINE(hexti->Line));
 251:Drivers/STM32F0xx_HAL_Driver/Src/stm32f0xx_hal_exti.c **** 
 252:Drivers/STM32F0xx_HAL_Driver/Src/stm32f0xx_hal_exti.c ****   /* Store handle line number to configuration structure */
 253:Drivers/STM32F0xx_HAL_Driver/Src/stm32f0xx_hal_exti.c ****   pExtiConfig->Line = hexti->Line;
 326              		.loc 1 253 28
 327 001a 7B68     		ldr	r3, [r7, #4]
 328 001c 1A68     		ldr	r2, [r3]
 329              		.loc 1 253 21
 330 001e 3B68     		ldr	r3, [r7]
 331 0020 1A60     		str	r2, [r3]
 254:Drivers/STM32F0xx_HAL_Driver/Src/stm32f0xx_hal_exti.c **** 
 255:Drivers/STM32F0xx_HAL_Driver/Src/stm32f0xx_hal_exti.c ****   /* Compute line mask */
 256:Drivers/STM32F0xx_HAL_Driver/Src/stm32f0xx_hal_exti.c ****   linepos = (pExtiConfig->Line & EXTI_PIN_MASK);
 332              		.loc 1 256 25
 333 0022 3B68     		ldr	r3, [r7]
 334 0024 1B68     		ldr	r3, [r3]
 335              		.loc 1 256 11
 336 0026 1F22     		movs	r2, #31
 337 0028 1340     		ands	r3, r2
 338 002a 7B61     		str	r3, [r7, #20]
 257:Drivers/STM32F0xx_HAL_Driver/Src/stm32f0xx_hal_exti.c ****   maskline = (1uL << linepos);
 339              		.loc 1 257 12
 340 002c 0122     		movs	r2, #1
 341 002e 7B69     		ldr	r3, [r7, #20]
 342 0030 9A40     		lsls	r2, r2, r3
 343 0032 1300     		movs	r3, r2
 344 0034 3B61     		str	r3, [r7, #16]
 258:Drivers/STM32F0xx_HAL_Driver/Src/stm32f0xx_hal_exti.c **** 
 259:Drivers/STM32F0xx_HAL_Driver/Src/stm32f0xx_hal_exti.c ****   /* 1] Get core mode : interrupt */
 260:Drivers/STM32F0xx_HAL_Driver/Src/stm32f0xx_hal_exti.c **** 
 261:Drivers/STM32F0xx_HAL_Driver/Src/stm32f0xx_hal_exti.c ****   /* Check if selected line is enable */
 262:Drivers/STM32F0xx_HAL_Driver/Src/stm32f0xx_hal_exti.c ****   if ((EXTI->IMR & maskline) != 0x00u)
 345              		.loc 1 262 12
 346 0036 2B4B     		ldr	r3, .L26
 347 0038 1B68     		ldr	r3, [r3]
 348              		.loc 1 262 18
 349 003a 3A69     		ldr	r2, [r7, #16]
 350 003c 1340     		ands	r3, r2
 351              		.loc 1 262 6
 352 003e 03D0     		beq	.L20
 263:Drivers/STM32F0xx_HAL_Driver/Src/stm32f0xx_hal_exti.c ****   {
 264:Drivers/STM32F0xx_HAL_Driver/Src/stm32f0xx_hal_exti.c ****     pExtiConfig->Mode = EXTI_MODE_INTERRUPT;
 353              		.loc 1 264 23
 354 0040 3B68     		ldr	r3, [r7]
 355 0042 0122     		movs	r2, #1
 356 0044 5A60     		str	r2, [r3, #4]
 357 0046 02E0     		b	.L21
 358              	.L20:
 265:Drivers/STM32F0xx_HAL_Driver/Src/stm32f0xx_hal_exti.c ****   }
 266:Drivers/STM32F0xx_HAL_Driver/Src/stm32f0xx_hal_exti.c ****   else
 267:Drivers/STM32F0xx_HAL_Driver/Src/stm32f0xx_hal_exti.c ****   {
 268:Drivers/STM32F0xx_HAL_Driver/Src/stm32f0xx_hal_exti.c ****     pExtiConfig->Mode = EXTI_MODE_NONE;
 359              		.loc 1 268 23
 360 0048 3B68     		ldr	r3, [r7]
 361 004a 0022     		movs	r2, #0
 362 004c 5A60     		str	r2, [r3, #4]
ARM GAS  C:\Users\joshr\AppData\Local\Temp\cc2cgBOb.s 			page 12


 363              	.L21:
 269:Drivers/STM32F0xx_HAL_Driver/Src/stm32f0xx_hal_exti.c ****   }
 270:Drivers/STM32F0xx_HAL_Driver/Src/stm32f0xx_hal_exti.c **** 
 271:Drivers/STM32F0xx_HAL_Driver/Src/stm32f0xx_hal_exti.c ****   /* Get event mode */
 272:Drivers/STM32F0xx_HAL_Driver/Src/stm32f0xx_hal_exti.c ****   /* Check if selected line is enable */
 273:Drivers/STM32F0xx_HAL_Driver/Src/stm32f0xx_hal_exti.c ****   if ((EXTI->EMR & maskline) != 0x00u)
 364              		.loc 1 273 12
 365 004e 254B     		ldr	r3, .L26
 366 0050 5B68     		ldr	r3, [r3, #4]
 367              		.loc 1 273 18
 368 0052 3A69     		ldr	r2, [r7, #16]
 369 0054 1340     		ands	r3, r2
 370              		.loc 1 273 6
 371 0056 05D0     		beq	.L22
 274:Drivers/STM32F0xx_HAL_Driver/Src/stm32f0xx_hal_exti.c ****   {
 275:Drivers/STM32F0xx_HAL_Driver/Src/stm32f0xx_hal_exti.c ****     pExtiConfig->Mode |= EXTI_MODE_EVENT;
 372              		.loc 1 275 16
 373 0058 3B68     		ldr	r3, [r7]
 374 005a 5B68     		ldr	r3, [r3, #4]
 375              		.loc 1 275 23
 376 005c 0222     		movs	r2, #2
 377 005e 1A43     		orrs	r2, r3
 378 0060 3B68     		ldr	r3, [r7]
 379 0062 5A60     		str	r2, [r3, #4]
 380              	.L22:
 276:Drivers/STM32F0xx_HAL_Driver/Src/stm32f0xx_hal_exti.c ****   }
 277:Drivers/STM32F0xx_HAL_Driver/Src/stm32f0xx_hal_exti.c **** 
 278:Drivers/STM32F0xx_HAL_Driver/Src/stm32f0xx_hal_exti.c ****   /* Get default Trigger and GPIOSel configuration */
 279:Drivers/STM32F0xx_HAL_Driver/Src/stm32f0xx_hal_exti.c ****   pExtiConfig->Trigger = EXTI_TRIGGER_NONE;
 381              		.loc 1 279 24
 382 0064 3B68     		ldr	r3, [r7]
 383 0066 0022     		movs	r2, #0
 384 0068 9A60     		str	r2, [r3, #8]
 280:Drivers/STM32F0xx_HAL_Driver/Src/stm32f0xx_hal_exti.c ****   pExtiConfig->GPIOSel = 0x00u;
 385              		.loc 1 280 24
 386 006a 3B68     		ldr	r3, [r7]
 387 006c 0022     		movs	r2, #0
 388 006e DA60     		str	r2, [r3, #12]
 281:Drivers/STM32F0xx_HAL_Driver/Src/stm32f0xx_hal_exti.c **** 
 282:Drivers/STM32F0xx_HAL_Driver/Src/stm32f0xx_hal_exti.c ****   /* 2] Get trigger for configurable lines : rising */
 283:Drivers/STM32F0xx_HAL_Driver/Src/stm32f0xx_hal_exti.c ****   if ((pExtiConfig->Line & EXTI_CONFIG) != 0x00u)
 389              		.loc 1 283 19
 390 0070 3B68     		ldr	r3, [r7]
 391 0072 1A68     		ldr	r2, [r3]
 392              		.loc 1 283 26
 393 0074 8023     		movs	r3, #128
 394 0076 9B04     		lsls	r3, r3, #18
 395 0078 1340     		ands	r3, r2
 396              		.loc 1 283 6
 397 007a 2DD0     		beq	.L23
 284:Drivers/STM32F0xx_HAL_Driver/Src/stm32f0xx_hal_exti.c ****   {
 285:Drivers/STM32F0xx_HAL_Driver/Src/stm32f0xx_hal_exti.c ****     /* Check if configuration of selected line is enable */
 286:Drivers/STM32F0xx_HAL_Driver/Src/stm32f0xx_hal_exti.c ****     if ((EXTI->RTSR & maskline) != 0x00u)
 398              		.loc 1 286 14
 399 007c 194B     		ldr	r3, .L26
 400 007e 9B68     		ldr	r3, [r3, #8]
 401              		.loc 1 286 21
ARM GAS  C:\Users\joshr\AppData\Local\Temp\cc2cgBOb.s 			page 13


 402 0080 3A69     		ldr	r2, [r7, #16]
 403 0082 1340     		ands	r3, r2
 404              		.loc 1 286 8
 405 0084 02D0     		beq	.L24
 287:Drivers/STM32F0xx_HAL_Driver/Src/stm32f0xx_hal_exti.c ****     {
 288:Drivers/STM32F0xx_HAL_Driver/Src/stm32f0xx_hal_exti.c ****       pExtiConfig->Trigger = EXTI_TRIGGER_RISING;
 406              		.loc 1 288 28
 407 0086 3B68     		ldr	r3, [r7]
 408 0088 0122     		movs	r2, #1
 409 008a 9A60     		str	r2, [r3, #8]
 410              	.L24:
 289:Drivers/STM32F0xx_HAL_Driver/Src/stm32f0xx_hal_exti.c ****     }
 290:Drivers/STM32F0xx_HAL_Driver/Src/stm32f0xx_hal_exti.c **** 
 291:Drivers/STM32F0xx_HAL_Driver/Src/stm32f0xx_hal_exti.c ****     /* Get falling configuration */
 292:Drivers/STM32F0xx_HAL_Driver/Src/stm32f0xx_hal_exti.c ****     /* Check if configuration of selected line is enable */
 293:Drivers/STM32F0xx_HAL_Driver/Src/stm32f0xx_hal_exti.c ****     if ((EXTI->FTSR & maskline) != 0x00u)
 411              		.loc 1 293 14
 412 008c 154B     		ldr	r3, .L26
 413 008e DB68     		ldr	r3, [r3, #12]
 414              		.loc 1 293 21
 415 0090 3A69     		ldr	r2, [r7, #16]
 416 0092 1340     		ands	r3, r2
 417              		.loc 1 293 8
 418 0094 05D0     		beq	.L25
 294:Drivers/STM32F0xx_HAL_Driver/Src/stm32f0xx_hal_exti.c ****     {
 295:Drivers/STM32F0xx_HAL_Driver/Src/stm32f0xx_hal_exti.c ****       pExtiConfig->Trigger |= EXTI_TRIGGER_FALLING;
 419              		.loc 1 295 18
 420 0096 3B68     		ldr	r3, [r7]
 421 0098 9B68     		ldr	r3, [r3, #8]
 422              		.loc 1 295 28
 423 009a 0222     		movs	r2, #2
 424 009c 1A43     		orrs	r2, r3
 425 009e 3B68     		ldr	r3, [r7]
 426 00a0 9A60     		str	r2, [r3, #8]
 427              	.L25:
 296:Drivers/STM32F0xx_HAL_Driver/Src/stm32f0xx_hal_exti.c ****     }
 297:Drivers/STM32F0xx_HAL_Driver/Src/stm32f0xx_hal_exti.c **** 
 298:Drivers/STM32F0xx_HAL_Driver/Src/stm32f0xx_hal_exti.c ****     /* Get Gpio port selection for gpio lines */
 299:Drivers/STM32F0xx_HAL_Driver/Src/stm32f0xx_hal_exti.c ****     if ((pExtiConfig->Line & EXTI_GPIO) == EXTI_GPIO)
 428              		.loc 1 299 21
 429 00a2 3B68     		ldr	r3, [r7]
 430 00a4 1A68     		ldr	r2, [r3]
 431              		.loc 1 299 28
 432 00a6 C023     		movs	r3, #192
 433 00a8 DB04     		lsls	r3, r3, #19
 434 00aa 1A40     		ands	r2, r3
 435              		.loc 1 299 8
 436 00ac C023     		movs	r3, #192
 437 00ae DB04     		lsls	r3, r3, #19
 438 00b0 9A42     		cmp	r2, r3
 439 00b2 11D1     		bne	.L23
 300:Drivers/STM32F0xx_HAL_Driver/Src/stm32f0xx_hal_exti.c ****     {
 301:Drivers/STM32F0xx_HAL_Driver/Src/stm32f0xx_hal_exti.c ****       assert_param(IS_EXTI_GPIO_PIN(linepos));
 302:Drivers/STM32F0xx_HAL_Driver/Src/stm32f0xx_hal_exti.c **** 
 303:Drivers/STM32F0xx_HAL_Driver/Src/stm32f0xx_hal_exti.c ****       regval = SYSCFG->EXTICR[linepos >> 2u];
 440              		.loc 1 303 22
 441 00b4 0C4A     		ldr	r2, .L26+4
ARM GAS  C:\Users\joshr\AppData\Local\Temp\cc2cgBOb.s 			page 14


 442              		.loc 1 303 39
 443 00b6 7B69     		ldr	r3, [r7, #20]
 444 00b8 9B08     		lsrs	r3, r3, #2
 445              		.loc 1 303 14
 446 00ba 0233     		adds	r3, r3, #2
 447 00bc 9B00     		lsls	r3, r3, #2
 448 00be 9B58     		ldr	r3, [r3, r2]
 449 00c0 FB60     		str	r3, [r7, #12]
 304:Drivers/STM32F0xx_HAL_Driver/Src/stm32f0xx_hal_exti.c ****       pExtiConfig->GPIOSel = (regval >> (SYSCFG_EXTICR1_EXTI1_Pos * (linepos & 0x03u))) & SYSCFG_EX
 450              		.loc 1 304 78
 451 00c2 7B69     		ldr	r3, [r7, #20]
 452 00c4 0322     		movs	r2, #3
 453 00c6 1340     		ands	r3, r2
 454              		.loc 1 304 67
 455 00c8 9B00     		lsls	r3, r3, #2
 456              		.loc 1 304 38
 457 00ca FA68     		ldr	r2, [r7, #12]
 458 00cc DA40     		lsrs	r2, r2, r3
 459 00ce 1300     		movs	r3, r2
 460              		.loc 1 304 89
 461 00d0 0F22     		movs	r2, #15
 462 00d2 1A40     		ands	r2, r3
 463              		.loc 1 304 28
 464 00d4 3B68     		ldr	r3, [r7]
 465 00d6 DA60     		str	r2, [r3, #12]
 466              	.L23:
 305:Drivers/STM32F0xx_HAL_Driver/Src/stm32f0xx_hal_exti.c ****     }
 306:Drivers/STM32F0xx_HAL_Driver/Src/stm32f0xx_hal_exti.c ****   }
 307:Drivers/STM32F0xx_HAL_Driver/Src/stm32f0xx_hal_exti.c **** 
 308:Drivers/STM32F0xx_HAL_Driver/Src/stm32f0xx_hal_exti.c ****   return HAL_OK;
 467              		.loc 1 308 10
 468 00d8 0023     		movs	r3, #0
 469              	.L19:
 309:Drivers/STM32F0xx_HAL_Driver/Src/stm32f0xx_hal_exti.c **** }
 470              		.loc 1 309 1
 471 00da 1800     		movs	r0, r3
 472 00dc BD46     		mov	sp, r7
 473 00de 06B0     		add	sp, sp, #24
 474              		@ sp needed
 475 00e0 80BD     		pop	{r7, pc}
 476              	.L27:
 477 00e2 C046     		.align	2
 478              	.L26:
 479 00e4 00040140 		.word	1073808384
 480 00e8 00000140 		.word	1073807360
 481              		.cfi_endproc
 482              	.LFE41:
 484              		.section	.text.HAL_EXTI_ClearConfigLine,"ax",%progbits
 485              		.align	1
 486              		.global	HAL_EXTI_ClearConfigLine
 487              		.syntax unified
 488              		.code	16
 489              		.thumb_func
 491              	HAL_EXTI_ClearConfigLine:
 492              	.LFB42:
 310:Drivers/STM32F0xx_HAL_Driver/Src/stm32f0xx_hal_exti.c **** 
 311:Drivers/STM32F0xx_HAL_Driver/Src/stm32f0xx_hal_exti.c **** /**
ARM GAS  C:\Users\joshr\AppData\Local\Temp\cc2cgBOb.s 			page 15


 312:Drivers/STM32F0xx_HAL_Driver/Src/stm32f0xx_hal_exti.c ****   * @brief  Clear whole configuration of a dedicated Exti line.
 313:Drivers/STM32F0xx_HAL_Driver/Src/stm32f0xx_hal_exti.c ****   * @param  hexti Exti handle.
 314:Drivers/STM32F0xx_HAL_Driver/Src/stm32f0xx_hal_exti.c ****   * @retval HAL Status.
 315:Drivers/STM32F0xx_HAL_Driver/Src/stm32f0xx_hal_exti.c ****   */
 316:Drivers/STM32F0xx_HAL_Driver/Src/stm32f0xx_hal_exti.c **** HAL_StatusTypeDef HAL_EXTI_ClearConfigLine(EXTI_HandleTypeDef *hexti)
 317:Drivers/STM32F0xx_HAL_Driver/Src/stm32f0xx_hal_exti.c **** {
 493              		.loc 1 317 1
 494              		.cfi_startproc
 495              		@ args = 0, pretend = 0, frame = 24
 496              		@ frame_needed = 1, uses_anonymous_args = 0
 497 0000 80B5     		push	{r7, lr}
 498              	.LCFI6:
 499              		.cfi_def_cfa_offset 8
 500              		.cfi_offset 7, -8
 501              		.cfi_offset 14, -4
 502 0002 86B0     		sub	sp, sp, #24
 503              	.LCFI7:
 504              		.cfi_def_cfa_offset 32
 505 0004 00AF     		add	r7, sp, #0
 506              	.LCFI8:
 507              		.cfi_def_cfa_register 7
 508 0006 7860     		str	r0, [r7, #4]
 318:Drivers/STM32F0xx_HAL_Driver/Src/stm32f0xx_hal_exti.c ****   uint32_t regval;
 319:Drivers/STM32F0xx_HAL_Driver/Src/stm32f0xx_hal_exti.c ****   uint32_t linepos;
 320:Drivers/STM32F0xx_HAL_Driver/Src/stm32f0xx_hal_exti.c ****   uint32_t maskline;
 321:Drivers/STM32F0xx_HAL_Driver/Src/stm32f0xx_hal_exti.c **** 
 322:Drivers/STM32F0xx_HAL_Driver/Src/stm32f0xx_hal_exti.c ****   /* Check null pointer */
 323:Drivers/STM32F0xx_HAL_Driver/Src/stm32f0xx_hal_exti.c ****   if (hexti == NULL)
 509              		.loc 1 323 6
 510 0008 7B68     		ldr	r3, [r7, #4]
 511 000a 002B     		cmp	r3, #0
 512 000c 01D1     		bne	.L29
 324:Drivers/STM32F0xx_HAL_Driver/Src/stm32f0xx_hal_exti.c ****   {
 325:Drivers/STM32F0xx_HAL_Driver/Src/stm32f0xx_hal_exti.c ****     return HAL_ERROR;
 513              		.loc 1 325 12
 514 000e 0123     		movs	r3, #1
 515 0010 4EE0     		b	.L30
 516              	.L29:
 326:Drivers/STM32F0xx_HAL_Driver/Src/stm32f0xx_hal_exti.c ****   }
 327:Drivers/STM32F0xx_HAL_Driver/Src/stm32f0xx_hal_exti.c **** 
 328:Drivers/STM32F0xx_HAL_Driver/Src/stm32f0xx_hal_exti.c ****   /* Check the parameter */
 329:Drivers/STM32F0xx_HAL_Driver/Src/stm32f0xx_hal_exti.c ****   assert_param(IS_EXTI_LINE(hexti->Line));
 330:Drivers/STM32F0xx_HAL_Driver/Src/stm32f0xx_hal_exti.c **** 
 331:Drivers/STM32F0xx_HAL_Driver/Src/stm32f0xx_hal_exti.c ****   /* compute line mask */
 332:Drivers/STM32F0xx_HAL_Driver/Src/stm32f0xx_hal_exti.c ****   linepos = (hexti->Line & EXTI_PIN_MASK);
 517              		.loc 1 332 19
 518 0012 7B68     		ldr	r3, [r7, #4]
 519 0014 1B68     		ldr	r3, [r3]
 520              		.loc 1 332 11
 521 0016 1F22     		movs	r2, #31
 522 0018 1340     		ands	r3, r2
 523 001a 7B61     		str	r3, [r7, #20]
 333:Drivers/STM32F0xx_HAL_Driver/Src/stm32f0xx_hal_exti.c ****   maskline = (1uL << linepos);
 524              		.loc 1 333 12
 525 001c 0122     		movs	r2, #1
 526 001e 7B69     		ldr	r3, [r7, #20]
 527 0020 9A40     		lsls	r2, r2, r3
ARM GAS  C:\Users\joshr\AppData\Local\Temp\cc2cgBOb.s 			page 16


 528 0022 1300     		movs	r3, r2
 529 0024 3B61     		str	r3, [r7, #16]
 334:Drivers/STM32F0xx_HAL_Driver/Src/stm32f0xx_hal_exti.c **** 
 335:Drivers/STM32F0xx_HAL_Driver/Src/stm32f0xx_hal_exti.c ****   /* 1] Clear interrupt mode */
 336:Drivers/STM32F0xx_HAL_Driver/Src/stm32f0xx_hal_exti.c ****   EXTI->IMR = (EXTI->IMR & ~maskline);
 530              		.loc 1 336 20
 531 0026 244B     		ldr	r3, .L32
 532 0028 1A68     		ldr	r2, [r3]
 533              		.loc 1 336 28
 534 002a 3B69     		ldr	r3, [r7, #16]
 535 002c D943     		mvns	r1, r3
 536              		.loc 1 336 7
 537 002e 224B     		ldr	r3, .L32
 538              		.loc 1 336 26
 539 0030 0A40     		ands	r2, r1
 540              		.loc 1 336 13
 541 0032 1A60     		str	r2, [r3]
 337:Drivers/STM32F0xx_HAL_Driver/Src/stm32f0xx_hal_exti.c **** 
 338:Drivers/STM32F0xx_HAL_Driver/Src/stm32f0xx_hal_exti.c ****   /* 2] Clear event mode */
 339:Drivers/STM32F0xx_HAL_Driver/Src/stm32f0xx_hal_exti.c ****   EXTI->EMR = (EXTI->EMR & ~maskline);
 542              		.loc 1 339 20
 543 0034 204B     		ldr	r3, .L32
 544 0036 5A68     		ldr	r2, [r3, #4]
 545              		.loc 1 339 28
 546 0038 3B69     		ldr	r3, [r7, #16]
 547 003a D943     		mvns	r1, r3
 548              		.loc 1 339 7
 549 003c 1E4B     		ldr	r3, .L32
 550              		.loc 1 339 26
 551 003e 0A40     		ands	r2, r1
 552              		.loc 1 339 13
 553 0040 5A60     		str	r2, [r3, #4]
 340:Drivers/STM32F0xx_HAL_Driver/Src/stm32f0xx_hal_exti.c **** 
 341:Drivers/STM32F0xx_HAL_Driver/Src/stm32f0xx_hal_exti.c ****   /* 3] Clear triggers in case of configurable lines */
 342:Drivers/STM32F0xx_HAL_Driver/Src/stm32f0xx_hal_exti.c ****   if ((hexti->Line & EXTI_CONFIG) != 0x00u)
 554              		.loc 1 342 13
 555 0042 7B68     		ldr	r3, [r7, #4]
 556 0044 1A68     		ldr	r2, [r3]
 557              		.loc 1 342 20
 558 0046 8023     		movs	r3, #128
 559 0048 9B04     		lsls	r3, r3, #18
 560 004a 1340     		ands	r3, r2
 561              		.loc 1 342 6
 562 004c 2FD0     		beq	.L31
 343:Drivers/STM32F0xx_HAL_Driver/Src/stm32f0xx_hal_exti.c ****   {
 344:Drivers/STM32F0xx_HAL_Driver/Src/stm32f0xx_hal_exti.c ****     EXTI->RTSR = (EXTI->RTSR & ~maskline);
 563              		.loc 1 344 23
 564 004e 1A4B     		ldr	r3, .L32
 565 0050 9A68     		ldr	r2, [r3, #8]
 566              		.loc 1 344 32
 567 0052 3B69     		ldr	r3, [r7, #16]
 568 0054 D943     		mvns	r1, r3
 569              		.loc 1 344 9
 570 0056 184B     		ldr	r3, .L32
 571              		.loc 1 344 30
 572 0058 0A40     		ands	r2, r1
 573              		.loc 1 344 16
ARM GAS  C:\Users\joshr\AppData\Local\Temp\cc2cgBOb.s 			page 17


 574 005a 9A60     		str	r2, [r3, #8]
 345:Drivers/STM32F0xx_HAL_Driver/Src/stm32f0xx_hal_exti.c ****     EXTI->FTSR = (EXTI->FTSR & ~maskline);
 575              		.loc 1 345 23
 576 005c 164B     		ldr	r3, .L32
 577 005e DA68     		ldr	r2, [r3, #12]
 578              		.loc 1 345 32
 579 0060 3B69     		ldr	r3, [r7, #16]
 580 0062 D943     		mvns	r1, r3
 581              		.loc 1 345 9
 582 0064 144B     		ldr	r3, .L32
 583              		.loc 1 345 30
 584 0066 0A40     		ands	r2, r1
 585              		.loc 1 345 16
 586 0068 DA60     		str	r2, [r3, #12]
 346:Drivers/STM32F0xx_HAL_Driver/Src/stm32f0xx_hal_exti.c **** 
 347:Drivers/STM32F0xx_HAL_Driver/Src/stm32f0xx_hal_exti.c ****     /* Get Gpio port selection for gpio lines */
 348:Drivers/STM32F0xx_HAL_Driver/Src/stm32f0xx_hal_exti.c ****     if ((hexti->Line & EXTI_GPIO) == EXTI_GPIO)
 587              		.loc 1 348 15
 588 006a 7B68     		ldr	r3, [r7, #4]
 589 006c 1A68     		ldr	r2, [r3]
 590              		.loc 1 348 22
 591 006e C023     		movs	r3, #192
 592 0070 DB04     		lsls	r3, r3, #19
 593 0072 1A40     		ands	r2, r3
 594              		.loc 1 348 8
 595 0074 C023     		movs	r3, #192
 596 0076 DB04     		lsls	r3, r3, #19
 597 0078 9A42     		cmp	r2, r3
 598 007a 18D1     		bne	.L31
 349:Drivers/STM32F0xx_HAL_Driver/Src/stm32f0xx_hal_exti.c ****     {
 350:Drivers/STM32F0xx_HAL_Driver/Src/stm32f0xx_hal_exti.c ****       assert_param(IS_EXTI_GPIO_PIN(linepos));
 351:Drivers/STM32F0xx_HAL_Driver/Src/stm32f0xx_hal_exti.c **** 
 352:Drivers/STM32F0xx_HAL_Driver/Src/stm32f0xx_hal_exti.c ****       regval = SYSCFG->EXTICR[linepos >> 2u];
 599              		.loc 1 352 22
 600 007c 0F4A     		ldr	r2, .L32+4
 601              		.loc 1 352 39
 602 007e 7B69     		ldr	r3, [r7, #20]
 603 0080 9B08     		lsrs	r3, r3, #2
 604              		.loc 1 352 14
 605 0082 0233     		adds	r3, r3, #2
 606 0084 9B00     		lsls	r3, r3, #2
 607 0086 9B58     		ldr	r3, [r3, r2]
 608 0088 FB60     		str	r3, [r7, #12]
 353:Drivers/STM32F0xx_HAL_Driver/Src/stm32f0xx_hal_exti.c ****       regval &= ~(SYSCFG_EXTICR1_EXTI0 << (SYSCFG_EXTICR1_EXTI1_Pos * (linepos & 0x03u)));
 609              		.loc 1 353 80
 610 008a 7B69     		ldr	r3, [r7, #20]
 611 008c 0322     		movs	r2, #3
 612 008e 1340     		ands	r3, r2
 613              		.loc 1 353 69
 614 0090 9B00     		lsls	r3, r3, #2
 615              		.loc 1 353 40
 616 0092 0F22     		movs	r2, #15
 617 0094 9A40     		lsls	r2, r2, r3
 618 0096 1300     		movs	r3, r2
 619              		.loc 1 353 17
 620 0098 DA43     		mvns	r2, r3
 621              		.loc 1 353 14
ARM GAS  C:\Users\joshr\AppData\Local\Temp\cc2cgBOb.s 			page 18


 622 009a FB68     		ldr	r3, [r7, #12]
 623 009c 1340     		ands	r3, r2
 624 009e FB60     		str	r3, [r7, #12]
 354:Drivers/STM32F0xx_HAL_Driver/Src/stm32f0xx_hal_exti.c ****       SYSCFG->EXTICR[linepos >> 2u] = regval;
 625              		.loc 1 354 13
 626 00a0 0649     		ldr	r1, .L32+4
 627              		.loc 1 354 30
 628 00a2 7B69     		ldr	r3, [r7, #20]
 629 00a4 9B08     		lsrs	r3, r3, #2
 630              		.loc 1 354 37
 631 00a6 0233     		adds	r3, r3, #2
 632 00a8 9B00     		lsls	r3, r3, #2
 633 00aa FA68     		ldr	r2, [r7, #12]
 634 00ac 5A50     		str	r2, [r3, r1]
 635              	.L31:
 355:Drivers/STM32F0xx_HAL_Driver/Src/stm32f0xx_hal_exti.c ****     }
 356:Drivers/STM32F0xx_HAL_Driver/Src/stm32f0xx_hal_exti.c ****   }
 357:Drivers/STM32F0xx_HAL_Driver/Src/stm32f0xx_hal_exti.c **** 
 358:Drivers/STM32F0xx_HAL_Driver/Src/stm32f0xx_hal_exti.c ****   return HAL_OK;
 636              		.loc 1 358 10
 637 00ae 0023     		movs	r3, #0
 638              	.L30:
 359:Drivers/STM32F0xx_HAL_Driver/Src/stm32f0xx_hal_exti.c **** }
 639              		.loc 1 359 1
 640 00b0 1800     		movs	r0, r3
 641 00b2 BD46     		mov	sp, r7
 642 00b4 06B0     		add	sp, sp, #24
 643              		@ sp needed
 644 00b6 80BD     		pop	{r7, pc}
 645              	.L33:
 646              		.align	2
 647              	.L32:
 648 00b8 00040140 		.word	1073808384
 649 00bc 00000140 		.word	1073807360
 650              		.cfi_endproc
 651              	.LFE42:
 653              		.section	.text.HAL_EXTI_RegisterCallback,"ax",%progbits
 654              		.align	1
 655              		.global	HAL_EXTI_RegisterCallback
 656              		.syntax unified
 657              		.code	16
 658              		.thumb_func
 660              	HAL_EXTI_RegisterCallback:
 661              	.LFB43:
 360:Drivers/STM32F0xx_HAL_Driver/Src/stm32f0xx_hal_exti.c **** 
 361:Drivers/STM32F0xx_HAL_Driver/Src/stm32f0xx_hal_exti.c **** /**
 362:Drivers/STM32F0xx_HAL_Driver/Src/stm32f0xx_hal_exti.c ****   * @brief  Register callback for a dedicated Exti line.
 363:Drivers/STM32F0xx_HAL_Driver/Src/stm32f0xx_hal_exti.c ****   * @param  hexti Exti handle.
 364:Drivers/STM32F0xx_HAL_Driver/Src/stm32f0xx_hal_exti.c ****   * @param  CallbackID User callback identifier.
 365:Drivers/STM32F0xx_HAL_Driver/Src/stm32f0xx_hal_exti.c ****   *         This parameter can be one of @arg @ref EXTI_CallbackIDTypeDef values.
 366:Drivers/STM32F0xx_HAL_Driver/Src/stm32f0xx_hal_exti.c ****   * @param  pPendingCbfn function pointer to be stored as callback.
 367:Drivers/STM32F0xx_HAL_Driver/Src/stm32f0xx_hal_exti.c ****   * @retval HAL Status.
 368:Drivers/STM32F0xx_HAL_Driver/Src/stm32f0xx_hal_exti.c ****   */
 369:Drivers/STM32F0xx_HAL_Driver/Src/stm32f0xx_hal_exti.c **** HAL_StatusTypeDef HAL_EXTI_RegisterCallback(EXTI_HandleTypeDef *hexti, EXTI_CallbackIDTypeDef Callb
 370:Drivers/STM32F0xx_HAL_Driver/Src/stm32f0xx_hal_exti.c **** {
 662              		.loc 1 370 1
 663              		.cfi_startproc
ARM GAS  C:\Users\joshr\AppData\Local\Temp\cc2cgBOb.s 			page 19


 664              		@ args = 0, pretend = 0, frame = 24
 665              		@ frame_needed = 1, uses_anonymous_args = 0
 666 0000 80B5     		push	{r7, lr}
 667              	.LCFI9:
 668              		.cfi_def_cfa_offset 8
 669              		.cfi_offset 7, -8
 670              		.cfi_offset 14, -4
 671 0002 86B0     		sub	sp, sp, #24
 672              	.LCFI10:
 673              		.cfi_def_cfa_offset 32
 674 0004 00AF     		add	r7, sp, #0
 675              	.LCFI11:
 676              		.cfi_def_cfa_register 7
 677 0006 F860     		str	r0, [r7, #12]
 678 0008 7A60     		str	r2, [r7, #4]
 679 000a 0B20     		movs	r0, #11
 680 000c 3B18     		adds	r3, r7, r0
 681 000e 0A1C     		adds	r2, r1, #0
 682 0010 1A70     		strb	r2, [r3]
 371:Drivers/STM32F0xx_HAL_Driver/Src/stm32f0xx_hal_exti.c ****   HAL_StatusTypeDef status = HAL_OK;
 683              		.loc 1 371 21
 684 0012 1723     		movs	r3, #23
 685 0014 FB18     		adds	r3, r7, r3
 686 0016 0022     		movs	r2, #0
 687 0018 1A70     		strb	r2, [r3]
 372:Drivers/STM32F0xx_HAL_Driver/Src/stm32f0xx_hal_exti.c **** 
 373:Drivers/STM32F0xx_HAL_Driver/Src/stm32f0xx_hal_exti.c ****   switch (CallbackID)
 688              		.loc 1 373 3
 689 001a 3B18     		adds	r3, r7, r0
 690 001c 1B78     		ldrb	r3, [r3]
 691 001e 002B     		cmp	r3, #0
 692 0020 03D1     		bne	.L35
 374:Drivers/STM32F0xx_HAL_Driver/Src/stm32f0xx_hal_exti.c ****   {
 375:Drivers/STM32F0xx_HAL_Driver/Src/stm32f0xx_hal_exti.c ****     case  HAL_EXTI_COMMON_CB_ID:
 376:Drivers/STM32F0xx_HAL_Driver/Src/stm32f0xx_hal_exti.c ****       hexti->PendingCallback = pPendingCbfn;
 693              		.loc 1 376 30
 694 0022 FB68     		ldr	r3, [r7, #12]
 695 0024 7A68     		ldr	r2, [r7, #4]
 696 0026 5A60     		str	r2, [r3, #4]
 377:Drivers/STM32F0xx_HAL_Driver/Src/stm32f0xx_hal_exti.c ****       break;
 697              		.loc 1 377 7
 698 0028 04E0     		b	.L36
 699              	.L35:
 378:Drivers/STM32F0xx_HAL_Driver/Src/stm32f0xx_hal_exti.c **** 
 379:Drivers/STM32F0xx_HAL_Driver/Src/stm32f0xx_hal_exti.c ****     default:
 380:Drivers/STM32F0xx_HAL_Driver/Src/stm32f0xx_hal_exti.c ****       status = HAL_ERROR;
 700              		.loc 1 380 14
 701 002a 1723     		movs	r3, #23
 702 002c FB18     		adds	r3, r7, r3
 703 002e 0122     		movs	r2, #1
 704 0030 1A70     		strb	r2, [r3]
 381:Drivers/STM32F0xx_HAL_Driver/Src/stm32f0xx_hal_exti.c ****       break;
 705              		.loc 1 381 7
 706 0032 C046     		nop
 707              	.L36:
 382:Drivers/STM32F0xx_HAL_Driver/Src/stm32f0xx_hal_exti.c ****   }
 383:Drivers/STM32F0xx_HAL_Driver/Src/stm32f0xx_hal_exti.c **** 
ARM GAS  C:\Users\joshr\AppData\Local\Temp\cc2cgBOb.s 			page 20


 384:Drivers/STM32F0xx_HAL_Driver/Src/stm32f0xx_hal_exti.c ****   return status;
 708              		.loc 1 384 10
 709 0034 1723     		movs	r3, #23
 710 0036 FB18     		adds	r3, r7, r3
 711 0038 1B78     		ldrb	r3, [r3]
 385:Drivers/STM32F0xx_HAL_Driver/Src/stm32f0xx_hal_exti.c **** }
 712              		.loc 1 385 1
 713 003a 1800     		movs	r0, r3
 714 003c BD46     		mov	sp, r7
 715 003e 06B0     		add	sp, sp, #24
 716              		@ sp needed
 717 0040 80BD     		pop	{r7, pc}
 718              		.cfi_endproc
 719              	.LFE43:
 721              		.section	.text.HAL_EXTI_GetHandle,"ax",%progbits
 722              		.align	1
 723              		.global	HAL_EXTI_GetHandle
 724              		.syntax unified
 725              		.code	16
 726              		.thumb_func
 728              	HAL_EXTI_GetHandle:
 729              	.LFB44:
 386:Drivers/STM32F0xx_HAL_Driver/Src/stm32f0xx_hal_exti.c **** 
 387:Drivers/STM32F0xx_HAL_Driver/Src/stm32f0xx_hal_exti.c **** /**
 388:Drivers/STM32F0xx_HAL_Driver/Src/stm32f0xx_hal_exti.c ****   * @brief  Store line number as handle private field.
 389:Drivers/STM32F0xx_HAL_Driver/Src/stm32f0xx_hal_exti.c ****   * @param  hexti Exti handle.
 390:Drivers/STM32F0xx_HAL_Driver/Src/stm32f0xx_hal_exti.c ****   * @param  ExtiLine Exti line number.
 391:Drivers/STM32F0xx_HAL_Driver/Src/stm32f0xx_hal_exti.c ****   *         This parameter can be from 0 to @ref EXTI_LINE_NB.
 392:Drivers/STM32F0xx_HAL_Driver/Src/stm32f0xx_hal_exti.c ****   * @retval HAL Status.
 393:Drivers/STM32F0xx_HAL_Driver/Src/stm32f0xx_hal_exti.c ****   */
 394:Drivers/STM32F0xx_HAL_Driver/Src/stm32f0xx_hal_exti.c **** HAL_StatusTypeDef HAL_EXTI_GetHandle(EXTI_HandleTypeDef *hexti, uint32_t ExtiLine)
 395:Drivers/STM32F0xx_HAL_Driver/Src/stm32f0xx_hal_exti.c **** {
 730              		.loc 1 395 1
 731              		.cfi_startproc
 732              		@ args = 0, pretend = 0, frame = 8
 733              		@ frame_needed = 1, uses_anonymous_args = 0
 734 0000 80B5     		push	{r7, lr}
 735              	.LCFI12:
 736              		.cfi_def_cfa_offset 8
 737              		.cfi_offset 7, -8
 738              		.cfi_offset 14, -4
 739 0002 82B0     		sub	sp, sp, #8
 740              	.LCFI13:
 741              		.cfi_def_cfa_offset 16
 742 0004 00AF     		add	r7, sp, #0
 743              	.LCFI14:
 744              		.cfi_def_cfa_register 7
 745 0006 7860     		str	r0, [r7, #4]
 746 0008 3960     		str	r1, [r7]
 396:Drivers/STM32F0xx_HAL_Driver/Src/stm32f0xx_hal_exti.c ****   /* Check the parameters */
 397:Drivers/STM32F0xx_HAL_Driver/Src/stm32f0xx_hal_exti.c ****   assert_param(IS_EXTI_LINE(ExtiLine));
 398:Drivers/STM32F0xx_HAL_Driver/Src/stm32f0xx_hal_exti.c **** 
 399:Drivers/STM32F0xx_HAL_Driver/Src/stm32f0xx_hal_exti.c ****   /* Check null pointer */
 400:Drivers/STM32F0xx_HAL_Driver/Src/stm32f0xx_hal_exti.c ****   if (hexti == NULL)
 747              		.loc 1 400 6
 748 000a 7B68     		ldr	r3, [r7, #4]
 749 000c 002B     		cmp	r3, #0
ARM GAS  C:\Users\joshr\AppData\Local\Temp\cc2cgBOb.s 			page 21


 750 000e 01D1     		bne	.L39
 401:Drivers/STM32F0xx_HAL_Driver/Src/stm32f0xx_hal_exti.c ****   {
 402:Drivers/STM32F0xx_HAL_Driver/Src/stm32f0xx_hal_exti.c ****     return HAL_ERROR;
 751              		.loc 1 402 12
 752 0010 0123     		movs	r3, #1
 753 0012 03E0     		b	.L40
 754              	.L39:
 403:Drivers/STM32F0xx_HAL_Driver/Src/stm32f0xx_hal_exti.c ****   }
 404:Drivers/STM32F0xx_HAL_Driver/Src/stm32f0xx_hal_exti.c ****   else
 405:Drivers/STM32F0xx_HAL_Driver/Src/stm32f0xx_hal_exti.c ****   {
 406:Drivers/STM32F0xx_HAL_Driver/Src/stm32f0xx_hal_exti.c ****     /* Store line number as handle private field */
 407:Drivers/STM32F0xx_HAL_Driver/Src/stm32f0xx_hal_exti.c ****     hexti->Line = ExtiLine;
 755              		.loc 1 407 17
 756 0014 7B68     		ldr	r3, [r7, #4]
 757 0016 3A68     		ldr	r2, [r7]
 758 0018 1A60     		str	r2, [r3]
 408:Drivers/STM32F0xx_HAL_Driver/Src/stm32f0xx_hal_exti.c **** 
 409:Drivers/STM32F0xx_HAL_Driver/Src/stm32f0xx_hal_exti.c ****     return HAL_OK;
 759              		.loc 1 409 12
 760 001a 0023     		movs	r3, #0
 761              	.L40:
 410:Drivers/STM32F0xx_HAL_Driver/Src/stm32f0xx_hal_exti.c ****   }
 411:Drivers/STM32F0xx_HAL_Driver/Src/stm32f0xx_hal_exti.c **** }
 762              		.loc 1 411 1
 763 001c 1800     		movs	r0, r3
 764 001e BD46     		mov	sp, r7
 765 0020 02B0     		add	sp, sp, #8
 766              		@ sp needed
 767 0022 80BD     		pop	{r7, pc}
 768              		.cfi_endproc
 769              	.LFE44:
 771              		.section	.text.HAL_EXTI_IRQHandler,"ax",%progbits
 772              		.align	1
 773              		.global	HAL_EXTI_IRQHandler
 774              		.syntax unified
 775              		.code	16
 776              		.thumb_func
 778              	HAL_EXTI_IRQHandler:
 779              	.LFB45:
 412:Drivers/STM32F0xx_HAL_Driver/Src/stm32f0xx_hal_exti.c **** 
 413:Drivers/STM32F0xx_HAL_Driver/Src/stm32f0xx_hal_exti.c **** /**
 414:Drivers/STM32F0xx_HAL_Driver/Src/stm32f0xx_hal_exti.c ****   * @}
 415:Drivers/STM32F0xx_HAL_Driver/Src/stm32f0xx_hal_exti.c ****   */
 416:Drivers/STM32F0xx_HAL_Driver/Src/stm32f0xx_hal_exti.c **** 
 417:Drivers/STM32F0xx_HAL_Driver/Src/stm32f0xx_hal_exti.c **** /** @addtogroup EXTI_Exported_Functions_Group2
 418:Drivers/STM32F0xx_HAL_Driver/Src/stm32f0xx_hal_exti.c ****   *  @brief EXTI IO functions.
 419:Drivers/STM32F0xx_HAL_Driver/Src/stm32f0xx_hal_exti.c ****   *
 420:Drivers/STM32F0xx_HAL_Driver/Src/stm32f0xx_hal_exti.c **** @verbatim
 421:Drivers/STM32F0xx_HAL_Driver/Src/stm32f0xx_hal_exti.c ****  ===============================================================================
 422:Drivers/STM32F0xx_HAL_Driver/Src/stm32f0xx_hal_exti.c ****                        ##### IO operation functions #####
 423:Drivers/STM32F0xx_HAL_Driver/Src/stm32f0xx_hal_exti.c ****  ===============================================================================
 424:Drivers/STM32F0xx_HAL_Driver/Src/stm32f0xx_hal_exti.c **** 
 425:Drivers/STM32F0xx_HAL_Driver/Src/stm32f0xx_hal_exti.c **** @endverbatim
 426:Drivers/STM32F0xx_HAL_Driver/Src/stm32f0xx_hal_exti.c ****   * @{
 427:Drivers/STM32F0xx_HAL_Driver/Src/stm32f0xx_hal_exti.c ****   */
 428:Drivers/STM32F0xx_HAL_Driver/Src/stm32f0xx_hal_exti.c **** 
 429:Drivers/STM32F0xx_HAL_Driver/Src/stm32f0xx_hal_exti.c **** /**
ARM GAS  C:\Users\joshr\AppData\Local\Temp\cc2cgBOb.s 			page 22


 430:Drivers/STM32F0xx_HAL_Driver/Src/stm32f0xx_hal_exti.c ****   * @brief  Handle EXTI interrupt request.
 431:Drivers/STM32F0xx_HAL_Driver/Src/stm32f0xx_hal_exti.c ****   * @param  hexti Exti handle.
 432:Drivers/STM32F0xx_HAL_Driver/Src/stm32f0xx_hal_exti.c ****   * @retval none.
 433:Drivers/STM32F0xx_HAL_Driver/Src/stm32f0xx_hal_exti.c ****   */
 434:Drivers/STM32F0xx_HAL_Driver/Src/stm32f0xx_hal_exti.c **** void HAL_EXTI_IRQHandler(EXTI_HandleTypeDef *hexti)
 435:Drivers/STM32F0xx_HAL_Driver/Src/stm32f0xx_hal_exti.c **** {
 780              		.loc 1 435 1
 781              		.cfi_startproc
 782              		@ args = 0, pretend = 0, frame = 16
 783              		@ frame_needed = 1, uses_anonymous_args = 0
 784 0000 80B5     		push	{r7, lr}
 785              	.LCFI15:
 786              		.cfi_def_cfa_offset 8
 787              		.cfi_offset 7, -8
 788              		.cfi_offset 14, -4
 789 0002 84B0     		sub	sp, sp, #16
 790              	.LCFI16:
 791              		.cfi_def_cfa_offset 24
 792 0004 00AF     		add	r7, sp, #0
 793              	.LCFI17:
 794              		.cfi_def_cfa_register 7
 795 0006 7860     		str	r0, [r7, #4]
 436:Drivers/STM32F0xx_HAL_Driver/Src/stm32f0xx_hal_exti.c ****   uint32_t regval;
 437:Drivers/STM32F0xx_HAL_Driver/Src/stm32f0xx_hal_exti.c ****   uint32_t maskline;
 438:Drivers/STM32F0xx_HAL_Driver/Src/stm32f0xx_hal_exti.c **** 
 439:Drivers/STM32F0xx_HAL_Driver/Src/stm32f0xx_hal_exti.c ****   /* Compute line mask */
 440:Drivers/STM32F0xx_HAL_Driver/Src/stm32f0xx_hal_exti.c ****   maskline = (1uL << (hexti->Line & EXTI_PIN_MASK));
 796              		.loc 1 440 28
 797 0008 7B68     		ldr	r3, [r7, #4]
 798 000a 1B68     		ldr	r3, [r3]
 799              		.loc 1 440 35
 800 000c 1F22     		movs	r2, #31
 801 000e 1340     		ands	r3, r2
 802              		.loc 1 440 12
 803 0010 0122     		movs	r2, #1
 804 0012 9A40     		lsls	r2, r2, r3
 805 0014 1300     		movs	r3, r2
 806 0016 FB60     		str	r3, [r7, #12]
 441:Drivers/STM32F0xx_HAL_Driver/Src/stm32f0xx_hal_exti.c **** 
 442:Drivers/STM32F0xx_HAL_Driver/Src/stm32f0xx_hal_exti.c ****   /* Get pending bit  */
 443:Drivers/STM32F0xx_HAL_Driver/Src/stm32f0xx_hal_exti.c ****   regval = (EXTI->PR & maskline);
 807              		.loc 1 443 17
 808 0018 0A4B     		ldr	r3, .L44
 809 001a 5A69     		ldr	r2, [r3, #20]
 810              		.loc 1 443 10
 811 001c FB68     		ldr	r3, [r7, #12]
 812 001e 1340     		ands	r3, r2
 813 0020 BB60     		str	r3, [r7, #8]
 444:Drivers/STM32F0xx_HAL_Driver/Src/stm32f0xx_hal_exti.c ****   if (regval != 0x00u)
 814              		.loc 1 444 6
 815 0022 BB68     		ldr	r3, [r7, #8]
 816 0024 002B     		cmp	r3, #0
 817 0026 09D0     		beq	.L43
 445:Drivers/STM32F0xx_HAL_Driver/Src/stm32f0xx_hal_exti.c ****   {
 446:Drivers/STM32F0xx_HAL_Driver/Src/stm32f0xx_hal_exti.c ****     /* Clear pending bit */
 447:Drivers/STM32F0xx_HAL_Driver/Src/stm32f0xx_hal_exti.c ****     EXTI->PR = maskline;
 818              		.loc 1 447 9
ARM GAS  C:\Users\joshr\AppData\Local\Temp\cc2cgBOb.s 			page 23


 819 0028 064B     		ldr	r3, .L44
 820              		.loc 1 447 14
 821 002a FA68     		ldr	r2, [r7, #12]
 822 002c 5A61     		str	r2, [r3, #20]
 448:Drivers/STM32F0xx_HAL_Driver/Src/stm32f0xx_hal_exti.c **** 
 449:Drivers/STM32F0xx_HAL_Driver/Src/stm32f0xx_hal_exti.c ****     /* Call callback */
 450:Drivers/STM32F0xx_HAL_Driver/Src/stm32f0xx_hal_exti.c ****     if (hexti->PendingCallback != NULL)
 823              		.loc 1 450 14
 824 002e 7B68     		ldr	r3, [r7, #4]
 825 0030 5B68     		ldr	r3, [r3, #4]
 826              		.loc 1 450 8
 827 0032 002B     		cmp	r3, #0
 828 0034 02D0     		beq	.L43
 451:Drivers/STM32F0xx_HAL_Driver/Src/stm32f0xx_hal_exti.c ****     {
 452:Drivers/STM32F0xx_HAL_Driver/Src/stm32f0xx_hal_exti.c ****       hexti->PendingCallback();
 829              		.loc 1 452 12
 830 0036 7B68     		ldr	r3, [r7, #4]
 831 0038 5B68     		ldr	r3, [r3, #4]
 832              		.loc 1 452 7
 833 003a 9847     		blx	r3
 834              	.LVL0:
 835              	.L43:
 453:Drivers/STM32F0xx_HAL_Driver/Src/stm32f0xx_hal_exti.c ****     }
 454:Drivers/STM32F0xx_HAL_Driver/Src/stm32f0xx_hal_exti.c ****   }
 455:Drivers/STM32F0xx_HAL_Driver/Src/stm32f0xx_hal_exti.c **** }
 836              		.loc 1 455 1
 837 003c C046     		nop
 838 003e BD46     		mov	sp, r7
 839 0040 04B0     		add	sp, sp, #16
 840              		@ sp needed
 841 0042 80BD     		pop	{r7, pc}
 842              	.L45:
 843              		.align	2
 844              	.L44:
 845 0044 00040140 		.word	1073808384
 846              		.cfi_endproc
 847              	.LFE45:
 849              		.section	.text.HAL_EXTI_GetPending,"ax",%progbits
 850              		.align	1
 851              		.global	HAL_EXTI_GetPending
 852              		.syntax unified
 853              		.code	16
 854              		.thumb_func
 856              	HAL_EXTI_GetPending:
 857              	.LFB46:
 456:Drivers/STM32F0xx_HAL_Driver/Src/stm32f0xx_hal_exti.c **** 
 457:Drivers/STM32F0xx_HAL_Driver/Src/stm32f0xx_hal_exti.c **** /**
 458:Drivers/STM32F0xx_HAL_Driver/Src/stm32f0xx_hal_exti.c ****   * @brief  Get interrupt pending bit of a dedicated line.
 459:Drivers/STM32F0xx_HAL_Driver/Src/stm32f0xx_hal_exti.c ****   * @param  hexti Exti handle.
 460:Drivers/STM32F0xx_HAL_Driver/Src/stm32f0xx_hal_exti.c ****   * @param  Edge Specify which pending edge as to be checked.
 461:Drivers/STM32F0xx_HAL_Driver/Src/stm32f0xx_hal_exti.c ****   *         This parameter can be one of the following values:
 462:Drivers/STM32F0xx_HAL_Driver/Src/stm32f0xx_hal_exti.c ****   *           @arg @ref EXTI_TRIGGER_RISING_FALLING
 463:Drivers/STM32F0xx_HAL_Driver/Src/stm32f0xx_hal_exti.c ****   *         This parameter is kept for compatibility with other series.
 464:Drivers/STM32F0xx_HAL_Driver/Src/stm32f0xx_hal_exti.c ****   * @retval 1 if interrupt is pending else 0.
 465:Drivers/STM32F0xx_HAL_Driver/Src/stm32f0xx_hal_exti.c ****   */
 466:Drivers/STM32F0xx_HAL_Driver/Src/stm32f0xx_hal_exti.c **** uint32_t HAL_EXTI_GetPending(EXTI_HandleTypeDef *hexti, uint32_t Edge)
 467:Drivers/STM32F0xx_HAL_Driver/Src/stm32f0xx_hal_exti.c **** {
ARM GAS  C:\Users\joshr\AppData\Local\Temp\cc2cgBOb.s 			page 24


 858              		.loc 1 467 1
 859              		.cfi_startproc
 860              		@ args = 0, pretend = 0, frame = 24
 861              		@ frame_needed = 1, uses_anonymous_args = 0
 862 0000 80B5     		push	{r7, lr}
 863              	.LCFI18:
 864              		.cfi_def_cfa_offset 8
 865              		.cfi_offset 7, -8
 866              		.cfi_offset 14, -4
 867 0002 86B0     		sub	sp, sp, #24
 868              	.LCFI19:
 869              		.cfi_def_cfa_offset 32
 870 0004 00AF     		add	r7, sp, #0
 871              	.LCFI20:
 872              		.cfi_def_cfa_register 7
 873 0006 7860     		str	r0, [r7, #4]
 874 0008 3960     		str	r1, [r7]
 468:Drivers/STM32F0xx_HAL_Driver/Src/stm32f0xx_hal_exti.c ****   uint32_t regval;
 469:Drivers/STM32F0xx_HAL_Driver/Src/stm32f0xx_hal_exti.c ****   uint32_t linepos;
 470:Drivers/STM32F0xx_HAL_Driver/Src/stm32f0xx_hal_exti.c ****   uint32_t maskline;
 471:Drivers/STM32F0xx_HAL_Driver/Src/stm32f0xx_hal_exti.c **** 
 472:Drivers/STM32F0xx_HAL_Driver/Src/stm32f0xx_hal_exti.c ****   /* Check parameters */
 473:Drivers/STM32F0xx_HAL_Driver/Src/stm32f0xx_hal_exti.c ****   assert_param(IS_EXTI_LINE(hexti->Line));
 474:Drivers/STM32F0xx_HAL_Driver/Src/stm32f0xx_hal_exti.c ****   assert_param(IS_EXTI_CONFIG_LINE(hexti->Line));
 475:Drivers/STM32F0xx_HAL_Driver/Src/stm32f0xx_hal_exti.c ****   assert_param(IS_EXTI_PENDING_EDGE(Edge));
 476:Drivers/STM32F0xx_HAL_Driver/Src/stm32f0xx_hal_exti.c **** 
 477:Drivers/STM32F0xx_HAL_Driver/Src/stm32f0xx_hal_exti.c ****   /* Compute line mask */
 478:Drivers/STM32F0xx_HAL_Driver/Src/stm32f0xx_hal_exti.c ****   linepos = (hexti->Line & EXTI_PIN_MASK);
 875              		.loc 1 478 19
 876 000a 7B68     		ldr	r3, [r7, #4]
 877 000c 1B68     		ldr	r3, [r3]
 878              		.loc 1 478 11
 879 000e 1F22     		movs	r2, #31
 880 0010 1340     		ands	r3, r2
 881 0012 7B61     		str	r3, [r7, #20]
 479:Drivers/STM32F0xx_HAL_Driver/Src/stm32f0xx_hal_exti.c ****   maskline = (1uL << linepos);
 882              		.loc 1 479 12
 883 0014 0122     		movs	r2, #1
 884 0016 7B69     		ldr	r3, [r7, #20]
 885 0018 9A40     		lsls	r2, r2, r3
 886 001a 1300     		movs	r3, r2
 887 001c 3B61     		str	r3, [r7, #16]
 480:Drivers/STM32F0xx_HAL_Driver/Src/stm32f0xx_hal_exti.c **** 
 481:Drivers/STM32F0xx_HAL_Driver/Src/stm32f0xx_hal_exti.c ****   /* return 1 if bit is set else 0 */
 482:Drivers/STM32F0xx_HAL_Driver/Src/stm32f0xx_hal_exti.c ****   regval = ((EXTI->PR & maskline) >> linepos);
 888              		.loc 1 482 18
 889 001e 064B     		ldr	r3, .L48
 890 0020 5B69     		ldr	r3, [r3, #20]
 891              		.loc 1 482 23
 892 0022 3A69     		ldr	r2, [r7, #16]
 893 0024 1A40     		ands	r2, r3
 894              		.loc 1 482 10
 895 0026 7B69     		ldr	r3, [r7, #20]
 896 0028 DA40     		lsrs	r2, r2, r3
 897 002a 1300     		movs	r3, r2
 898 002c FB60     		str	r3, [r7, #12]
 483:Drivers/STM32F0xx_HAL_Driver/Src/stm32f0xx_hal_exti.c ****   return regval;
ARM GAS  C:\Users\joshr\AppData\Local\Temp\cc2cgBOb.s 			page 25


 899              		.loc 1 483 10
 900 002e FB68     		ldr	r3, [r7, #12]
 484:Drivers/STM32F0xx_HAL_Driver/Src/stm32f0xx_hal_exti.c **** }
 901              		.loc 1 484 1
 902 0030 1800     		movs	r0, r3
 903 0032 BD46     		mov	sp, r7
 904 0034 06B0     		add	sp, sp, #24
 905              		@ sp needed
 906 0036 80BD     		pop	{r7, pc}
 907              	.L49:
 908              		.align	2
 909              	.L48:
 910 0038 00040140 		.word	1073808384
 911              		.cfi_endproc
 912              	.LFE46:
 914              		.section	.text.HAL_EXTI_ClearPending,"ax",%progbits
 915              		.align	1
 916              		.global	HAL_EXTI_ClearPending
 917              		.syntax unified
 918              		.code	16
 919              		.thumb_func
 921              	HAL_EXTI_ClearPending:
 922              	.LFB47:
 485:Drivers/STM32F0xx_HAL_Driver/Src/stm32f0xx_hal_exti.c **** 
 486:Drivers/STM32F0xx_HAL_Driver/Src/stm32f0xx_hal_exti.c **** /**
 487:Drivers/STM32F0xx_HAL_Driver/Src/stm32f0xx_hal_exti.c ****   * @brief  Clear interrupt pending bit of a dedicated line.
 488:Drivers/STM32F0xx_HAL_Driver/Src/stm32f0xx_hal_exti.c ****   * @param  hexti Exti handle.
 489:Drivers/STM32F0xx_HAL_Driver/Src/stm32f0xx_hal_exti.c ****   * @param  Edge Specify which pending edge as to be clear.
 490:Drivers/STM32F0xx_HAL_Driver/Src/stm32f0xx_hal_exti.c ****   *         This parameter can be one of the following values:
 491:Drivers/STM32F0xx_HAL_Driver/Src/stm32f0xx_hal_exti.c ****   *           @arg @ref EXTI_TRIGGER_RISING_FALLING
 492:Drivers/STM32F0xx_HAL_Driver/Src/stm32f0xx_hal_exti.c ****   *         This parameter is kept for compatibility with other series.
 493:Drivers/STM32F0xx_HAL_Driver/Src/stm32f0xx_hal_exti.c ****   * @retval None.
 494:Drivers/STM32F0xx_HAL_Driver/Src/stm32f0xx_hal_exti.c ****   */
 495:Drivers/STM32F0xx_HAL_Driver/Src/stm32f0xx_hal_exti.c **** void HAL_EXTI_ClearPending(EXTI_HandleTypeDef *hexti, uint32_t Edge)
 496:Drivers/STM32F0xx_HAL_Driver/Src/stm32f0xx_hal_exti.c **** {
 923              		.loc 1 496 1
 924              		.cfi_startproc
 925              		@ args = 0, pretend = 0, frame = 16
 926              		@ frame_needed = 1, uses_anonymous_args = 0
 927 0000 80B5     		push	{r7, lr}
 928              	.LCFI21:
 929              		.cfi_def_cfa_offset 8
 930              		.cfi_offset 7, -8
 931              		.cfi_offset 14, -4
 932 0002 84B0     		sub	sp, sp, #16
 933              	.LCFI22:
 934              		.cfi_def_cfa_offset 24
 935 0004 00AF     		add	r7, sp, #0
 936              	.LCFI23:
 937              		.cfi_def_cfa_register 7
 938 0006 7860     		str	r0, [r7, #4]
 939 0008 3960     		str	r1, [r7]
 497:Drivers/STM32F0xx_HAL_Driver/Src/stm32f0xx_hal_exti.c ****   uint32_t maskline;
 498:Drivers/STM32F0xx_HAL_Driver/Src/stm32f0xx_hal_exti.c **** 
 499:Drivers/STM32F0xx_HAL_Driver/Src/stm32f0xx_hal_exti.c ****   /* Check parameters */
 500:Drivers/STM32F0xx_HAL_Driver/Src/stm32f0xx_hal_exti.c ****   assert_param(IS_EXTI_LINE(hexti->Line));
 501:Drivers/STM32F0xx_HAL_Driver/Src/stm32f0xx_hal_exti.c ****   assert_param(IS_EXTI_CONFIG_LINE(hexti->Line));
ARM GAS  C:\Users\joshr\AppData\Local\Temp\cc2cgBOb.s 			page 26


 502:Drivers/STM32F0xx_HAL_Driver/Src/stm32f0xx_hal_exti.c ****   assert_param(IS_EXTI_PENDING_EDGE(Edge));
 503:Drivers/STM32F0xx_HAL_Driver/Src/stm32f0xx_hal_exti.c **** 
 504:Drivers/STM32F0xx_HAL_Driver/Src/stm32f0xx_hal_exti.c ****   /* Compute line mask */
 505:Drivers/STM32F0xx_HAL_Driver/Src/stm32f0xx_hal_exti.c ****   maskline = (1uL << (hexti->Line & EXTI_PIN_MASK));
 940              		.loc 1 505 28
 941 000a 7B68     		ldr	r3, [r7, #4]
 942 000c 1B68     		ldr	r3, [r3]
 943              		.loc 1 505 35
 944 000e 1F22     		movs	r2, #31
 945 0010 1340     		ands	r3, r2
 946              		.loc 1 505 12
 947 0012 0122     		movs	r2, #1
 948 0014 9A40     		lsls	r2, r2, r3
 949 0016 1300     		movs	r3, r2
 950 0018 FB60     		str	r3, [r7, #12]
 506:Drivers/STM32F0xx_HAL_Driver/Src/stm32f0xx_hal_exti.c **** 
 507:Drivers/STM32F0xx_HAL_Driver/Src/stm32f0xx_hal_exti.c ****   /* Clear Pending bit */
 508:Drivers/STM32F0xx_HAL_Driver/Src/stm32f0xx_hal_exti.c ****   EXTI->PR =  maskline;
 951              		.loc 1 508 7
 952 001a 034B     		ldr	r3, .L51
 953              		.loc 1 508 12
 954 001c FA68     		ldr	r2, [r7, #12]
 955 001e 5A61     		str	r2, [r3, #20]
 509:Drivers/STM32F0xx_HAL_Driver/Src/stm32f0xx_hal_exti.c **** }
 956              		.loc 1 509 1
 957 0020 C046     		nop
 958 0022 BD46     		mov	sp, r7
 959 0024 04B0     		add	sp, sp, #16
 960              		@ sp needed
 961 0026 80BD     		pop	{r7, pc}
 962              	.L52:
 963              		.align	2
 964              	.L51:
 965 0028 00040140 		.word	1073808384
 966              		.cfi_endproc
 967              	.LFE47:
 969              		.section	.text.HAL_EXTI_GenerateSWI,"ax",%progbits
 970              		.align	1
 971              		.global	HAL_EXTI_GenerateSWI
 972              		.syntax unified
 973              		.code	16
 974              		.thumb_func
 976              	HAL_EXTI_GenerateSWI:
 977              	.LFB48:
 510:Drivers/STM32F0xx_HAL_Driver/Src/stm32f0xx_hal_exti.c **** 
 511:Drivers/STM32F0xx_HAL_Driver/Src/stm32f0xx_hal_exti.c **** /**
 512:Drivers/STM32F0xx_HAL_Driver/Src/stm32f0xx_hal_exti.c ****   * @brief  Generate a software interrupt for a dedicated line.
 513:Drivers/STM32F0xx_HAL_Driver/Src/stm32f0xx_hal_exti.c ****   * @param  hexti Exti handle.
 514:Drivers/STM32F0xx_HAL_Driver/Src/stm32f0xx_hal_exti.c ****   * @retval None.
 515:Drivers/STM32F0xx_HAL_Driver/Src/stm32f0xx_hal_exti.c ****   */
 516:Drivers/STM32F0xx_HAL_Driver/Src/stm32f0xx_hal_exti.c **** void HAL_EXTI_GenerateSWI(EXTI_HandleTypeDef *hexti)
 517:Drivers/STM32F0xx_HAL_Driver/Src/stm32f0xx_hal_exti.c **** {
 978              		.loc 1 517 1
 979              		.cfi_startproc
 980              		@ args = 0, pretend = 0, frame = 16
 981              		@ frame_needed = 1, uses_anonymous_args = 0
 982 0000 80B5     		push	{r7, lr}
ARM GAS  C:\Users\joshr\AppData\Local\Temp\cc2cgBOb.s 			page 27


 983              	.LCFI24:
 984              		.cfi_def_cfa_offset 8
 985              		.cfi_offset 7, -8
 986              		.cfi_offset 14, -4
 987 0002 84B0     		sub	sp, sp, #16
 988              	.LCFI25:
 989              		.cfi_def_cfa_offset 24
 990 0004 00AF     		add	r7, sp, #0
 991              	.LCFI26:
 992              		.cfi_def_cfa_register 7
 993 0006 7860     		str	r0, [r7, #4]
 518:Drivers/STM32F0xx_HAL_Driver/Src/stm32f0xx_hal_exti.c ****   uint32_t maskline;
 519:Drivers/STM32F0xx_HAL_Driver/Src/stm32f0xx_hal_exti.c **** 
 520:Drivers/STM32F0xx_HAL_Driver/Src/stm32f0xx_hal_exti.c ****   /* Check parameters */
 521:Drivers/STM32F0xx_HAL_Driver/Src/stm32f0xx_hal_exti.c ****   assert_param(IS_EXTI_LINE(hexti->Line));
 522:Drivers/STM32F0xx_HAL_Driver/Src/stm32f0xx_hal_exti.c ****   assert_param(IS_EXTI_CONFIG_LINE(hexti->Line));
 523:Drivers/STM32F0xx_HAL_Driver/Src/stm32f0xx_hal_exti.c **** 
 524:Drivers/STM32F0xx_HAL_Driver/Src/stm32f0xx_hal_exti.c ****   /* Compute line mask */
 525:Drivers/STM32F0xx_HAL_Driver/Src/stm32f0xx_hal_exti.c ****   maskline = (1uL << (hexti->Line & EXTI_PIN_MASK));
 994              		.loc 1 525 28
 995 0008 7B68     		ldr	r3, [r7, #4]
 996 000a 1B68     		ldr	r3, [r3]
 997              		.loc 1 525 35
 998 000c 1F22     		movs	r2, #31
 999 000e 1340     		ands	r3, r2
 1000              		.loc 1 525 12
 1001 0010 0122     		movs	r2, #1
 1002 0012 9A40     		lsls	r2, r2, r3
 1003 0014 1300     		movs	r3, r2
 1004 0016 FB60     		str	r3, [r7, #12]
 526:Drivers/STM32F0xx_HAL_Driver/Src/stm32f0xx_hal_exti.c **** 
 527:Drivers/STM32F0xx_HAL_Driver/Src/stm32f0xx_hal_exti.c ****   /* Generate Software interrupt */
 528:Drivers/STM32F0xx_HAL_Driver/Src/stm32f0xx_hal_exti.c ****   EXTI->SWIER = maskline;
 1005              		.loc 1 528 7
 1006 0018 034B     		ldr	r3, .L54
 1007              		.loc 1 528 15
 1008 001a FA68     		ldr	r2, [r7, #12]
 1009 001c 1A61     		str	r2, [r3, #16]
 529:Drivers/STM32F0xx_HAL_Driver/Src/stm32f0xx_hal_exti.c **** }
 1010              		.loc 1 529 1
 1011 001e C046     		nop
 1012 0020 BD46     		mov	sp, r7
 1013 0022 04B0     		add	sp, sp, #16
 1014              		@ sp needed
 1015 0024 80BD     		pop	{r7, pc}
 1016              	.L55:
 1017 0026 C046     		.align	2
 1018              	.L54:
 1019 0028 00040140 		.word	1073808384
 1020              		.cfi_endproc
 1021              	.LFE48:
 1023              		.text
 1024              	.Letext0:
 1025              		.file 2 "C:\\ST\\STM32CubeIDE_1.19.0\\STM32CubeIDE\\plugins\\com.st.stm32cube.ide.mcu.externaltool
 1026              		.file 3 "C:\\ST\\STM32CubeIDE_1.19.0\\STM32CubeIDE\\plugins\\com.st.stm32cube.ide.mcu.externaltool
 1027              		.file 4 "Drivers/CMSIS/Device/ST/STM32F0xx/Include/stm32f051x8.h"
 1028              		.file 5 "Drivers/STM32F0xx_HAL_Driver/Inc/stm32f0xx_hal_def.h"
ARM GAS  C:\Users\joshr\AppData\Local\Temp\cc2cgBOb.s 			page 28


 1029              		.file 6 "Drivers/STM32F0xx_HAL_Driver/Inc/stm32f0xx_hal_exti.h"
ARM GAS  C:\Users\joshr\AppData\Local\Temp\cc2cgBOb.s 			page 29


DEFINED SYMBOLS
                            *ABS*:00000000 stm32f0xx_hal_exti.c
C:\Users\joshr\AppData\Local\Temp\cc2cgBOb.s:19     .text.HAL_EXTI_SetConfigLine:00000000 $t
C:\Users\joshr\AppData\Local\Temp\cc2cgBOb.s:25     .text.HAL_EXTI_SetConfigLine:00000000 HAL_EXTI_SetConfigLine
C:\Users\joshr\AppData\Local\Temp\cc2cgBOb.s:282    .text.HAL_EXTI_SetConfigLine:00000140 $d
C:\Users\joshr\AppData\Local\Temp\cc2cgBOb.s:288    .text.HAL_EXTI_GetConfigLine:00000000 $t
C:\Users\joshr\AppData\Local\Temp\cc2cgBOb.s:294    .text.HAL_EXTI_GetConfigLine:00000000 HAL_EXTI_GetConfigLine
C:\Users\joshr\AppData\Local\Temp\cc2cgBOb.s:479    .text.HAL_EXTI_GetConfigLine:000000e4 $d
C:\Users\joshr\AppData\Local\Temp\cc2cgBOb.s:485    .text.HAL_EXTI_ClearConfigLine:00000000 $t
C:\Users\joshr\AppData\Local\Temp\cc2cgBOb.s:491    .text.HAL_EXTI_ClearConfigLine:00000000 HAL_EXTI_ClearConfigLine
C:\Users\joshr\AppData\Local\Temp\cc2cgBOb.s:648    .text.HAL_EXTI_ClearConfigLine:000000b8 $d
C:\Users\joshr\AppData\Local\Temp\cc2cgBOb.s:654    .text.HAL_EXTI_RegisterCallback:00000000 $t
C:\Users\joshr\AppData\Local\Temp\cc2cgBOb.s:660    .text.HAL_EXTI_RegisterCallback:00000000 HAL_EXTI_RegisterCallback
C:\Users\joshr\AppData\Local\Temp\cc2cgBOb.s:722    .text.HAL_EXTI_GetHandle:00000000 $t
C:\Users\joshr\AppData\Local\Temp\cc2cgBOb.s:728    .text.HAL_EXTI_GetHandle:00000000 HAL_EXTI_GetHandle
C:\Users\joshr\AppData\Local\Temp\cc2cgBOb.s:772    .text.HAL_EXTI_IRQHandler:00000000 $t
C:\Users\joshr\AppData\Local\Temp\cc2cgBOb.s:778    .text.HAL_EXTI_IRQHandler:00000000 HAL_EXTI_IRQHandler
C:\Users\joshr\AppData\Local\Temp\cc2cgBOb.s:845    .text.HAL_EXTI_IRQHandler:00000044 $d
C:\Users\joshr\AppData\Local\Temp\cc2cgBOb.s:850    .text.HAL_EXTI_GetPending:00000000 $t
C:\Users\joshr\AppData\Local\Temp\cc2cgBOb.s:856    .text.HAL_EXTI_GetPending:00000000 HAL_EXTI_GetPending
C:\Users\joshr\AppData\Local\Temp\cc2cgBOb.s:910    .text.HAL_EXTI_GetPending:00000038 $d
C:\Users\joshr\AppData\Local\Temp\cc2cgBOb.s:915    .text.HAL_EXTI_ClearPending:00000000 $t
C:\Users\joshr\AppData\Local\Temp\cc2cgBOb.s:921    .text.HAL_EXTI_ClearPending:00000000 HAL_EXTI_ClearPending
C:\Users\joshr\AppData\Local\Temp\cc2cgBOb.s:965    .text.HAL_EXTI_ClearPending:00000028 $d
C:\Users\joshr\AppData\Local\Temp\cc2cgBOb.s:970    .text.HAL_EXTI_GenerateSWI:00000000 $t
C:\Users\joshr\AppData\Local\Temp\cc2cgBOb.s:976    .text.HAL_EXTI_GenerateSWI:00000000 HAL_EXTI_GenerateSWI
C:\Users\joshr\AppData\Local\Temp\cc2cgBOb.s:1019   .text.HAL_EXTI_GenerateSWI:00000028 $d

NO UNDEFINED SYMBOLS
