ARM GAS  C:\Users\joshr\AppData\Local\Temp\ccde83pz.s 			page 1


   1              		.cpu cortex-m0
   2              		.arch armv6s-m
   3              		.fpu softvfp
   4              		.eabi_attribute 20, 1
   5              		.eabi_attribute 21, 1
   6              		.eabi_attribute 23, 3
   7              		.eabi_attribute 24, 1
   8              		.eabi_attribute 25, 1
   9              		.eabi_attribute 26, 1
  10              		.eabi_attribute 30, 2
  11              		.eabi_attribute 34, 0
  12              		.eabi_attribute 18, 4
  13              		.file	"stm32f0xx_hal.c"
  14              		.text
  15              	.Ltext0:
  16              		.cfi_sections	.debug_frame
  17              		.file 1 "Drivers/STM32F0xx_HAL_Driver/Src/stm32f0xx_hal.c"
  18              		.section	.text.HAL_MspInit,"ax",%progbits
  19              		.align	1
  20              		.p2align 2,,3
  21              		.weak	HAL_MspInit
  22              		.syntax unified
  23              		.code	16
  24              		.thumb_func
  26              	HAL_MspInit:
  27              	.LFB42:
   1:Drivers/STM32F0xx_HAL_Driver/Src/stm32f0xx_hal.c **** /**
   2:Drivers/STM32F0xx_HAL_Driver/Src/stm32f0xx_hal.c ****   ******************************************************************************
   3:Drivers/STM32F0xx_HAL_Driver/Src/stm32f0xx_hal.c ****   * @file    stm32f0xx_hal.c
   4:Drivers/STM32F0xx_HAL_Driver/Src/stm32f0xx_hal.c ****   * @author  MCD Application Team
   5:Drivers/STM32F0xx_HAL_Driver/Src/stm32f0xx_hal.c ****   * @brief   HAL module driver.
   6:Drivers/STM32F0xx_HAL_Driver/Src/stm32f0xx_hal.c ****   *          This is the common part of the HAL initialization
   7:Drivers/STM32F0xx_HAL_Driver/Src/stm32f0xx_hal.c ****   *
   8:Drivers/STM32F0xx_HAL_Driver/Src/stm32f0xx_hal.c ****   ******************************************************************************
   9:Drivers/STM32F0xx_HAL_Driver/Src/stm32f0xx_hal.c ****   * @attention
  10:Drivers/STM32F0xx_HAL_Driver/Src/stm32f0xx_hal.c ****   *
  11:Drivers/STM32F0xx_HAL_Driver/Src/stm32f0xx_hal.c ****   * Copyright (c) 2016 STMicroelectronics.
  12:Drivers/STM32F0xx_HAL_Driver/Src/stm32f0xx_hal.c ****   * All rights reserved.
  13:Drivers/STM32F0xx_HAL_Driver/Src/stm32f0xx_hal.c ****   *
  14:Drivers/STM32F0xx_HAL_Driver/Src/stm32f0xx_hal.c ****   * This software is licensed under terms that can be found in the LICENSE file
  15:Drivers/STM32F0xx_HAL_Driver/Src/stm32f0xx_hal.c ****   * in the root directory of this software component.
  16:Drivers/STM32F0xx_HAL_Driver/Src/stm32f0xx_hal.c ****   * If no LICENSE file comes with this software, it is provided AS-IS.
  17:Drivers/STM32F0xx_HAL_Driver/Src/stm32f0xx_hal.c ****   *
  18:Drivers/STM32F0xx_HAL_Driver/Src/stm32f0xx_hal.c ****   ******************************************************************************
  19:Drivers/STM32F0xx_HAL_Driver/Src/stm32f0xx_hal.c ****   @verbatim
  20:Drivers/STM32F0xx_HAL_Driver/Src/stm32f0xx_hal.c ****   ==============================================================================
  21:Drivers/STM32F0xx_HAL_Driver/Src/stm32f0xx_hal.c ****                      ##### How to use this driver #####
  22:Drivers/STM32F0xx_HAL_Driver/Src/stm32f0xx_hal.c ****   ==============================================================================
  23:Drivers/STM32F0xx_HAL_Driver/Src/stm32f0xx_hal.c ****     [..]
  24:Drivers/STM32F0xx_HAL_Driver/Src/stm32f0xx_hal.c ****     The common HAL driver contains a set of generic and common APIs that can be
  25:Drivers/STM32F0xx_HAL_Driver/Src/stm32f0xx_hal.c ****     used by the PPP peripheral drivers and the user to start using the HAL. 
  26:Drivers/STM32F0xx_HAL_Driver/Src/stm32f0xx_hal.c ****     [..]
  27:Drivers/STM32F0xx_HAL_Driver/Src/stm32f0xx_hal.c ****     The HAL contains two APIs categories:
  28:Drivers/STM32F0xx_HAL_Driver/Src/stm32f0xx_hal.c ****          (+) HAL Initialization and de-initialization functions
  29:Drivers/STM32F0xx_HAL_Driver/Src/stm32f0xx_hal.c ****          (+) HAL Control functions
  30:Drivers/STM32F0xx_HAL_Driver/Src/stm32f0xx_hal.c **** 
  31:Drivers/STM32F0xx_HAL_Driver/Src/stm32f0xx_hal.c ****   @endverbatim
ARM GAS  C:\Users\joshr\AppData\Local\Temp\ccde83pz.s 			page 2


  32:Drivers/STM32F0xx_HAL_Driver/Src/stm32f0xx_hal.c ****   ******************************************************************************
  33:Drivers/STM32F0xx_HAL_Driver/Src/stm32f0xx_hal.c ****   */
  34:Drivers/STM32F0xx_HAL_Driver/Src/stm32f0xx_hal.c **** 
  35:Drivers/STM32F0xx_HAL_Driver/Src/stm32f0xx_hal.c **** /* Includes ------------------------------------------------------------------*/
  36:Drivers/STM32F0xx_HAL_Driver/Src/stm32f0xx_hal.c **** #include "stm32f0xx_hal.h"
  37:Drivers/STM32F0xx_HAL_Driver/Src/stm32f0xx_hal.c **** 
  38:Drivers/STM32F0xx_HAL_Driver/Src/stm32f0xx_hal.c **** /** @addtogroup STM32F0xx_HAL_Driver
  39:Drivers/STM32F0xx_HAL_Driver/Src/stm32f0xx_hal.c ****   * @{
  40:Drivers/STM32F0xx_HAL_Driver/Src/stm32f0xx_hal.c ****   */
  41:Drivers/STM32F0xx_HAL_Driver/Src/stm32f0xx_hal.c **** 
  42:Drivers/STM32F0xx_HAL_Driver/Src/stm32f0xx_hal.c **** /** @defgroup HAL HAL
  43:Drivers/STM32F0xx_HAL_Driver/Src/stm32f0xx_hal.c ****   * @brief HAL module driver.
  44:Drivers/STM32F0xx_HAL_Driver/Src/stm32f0xx_hal.c ****   * @{
  45:Drivers/STM32F0xx_HAL_Driver/Src/stm32f0xx_hal.c ****   */
  46:Drivers/STM32F0xx_HAL_Driver/Src/stm32f0xx_hal.c **** 
  47:Drivers/STM32F0xx_HAL_Driver/Src/stm32f0xx_hal.c **** #ifdef HAL_MODULE_ENABLED
  48:Drivers/STM32F0xx_HAL_Driver/Src/stm32f0xx_hal.c **** 
  49:Drivers/STM32F0xx_HAL_Driver/Src/stm32f0xx_hal.c **** /* Private typedef -----------------------------------------------------------*/
  50:Drivers/STM32F0xx_HAL_Driver/Src/stm32f0xx_hal.c **** /* Private define ------------------------------------------------------------*/
  51:Drivers/STM32F0xx_HAL_Driver/Src/stm32f0xx_hal.c **** /** @defgroup HAL_Private_Constants HAL Private Constants
  52:Drivers/STM32F0xx_HAL_Driver/Src/stm32f0xx_hal.c ****   * @{
  53:Drivers/STM32F0xx_HAL_Driver/Src/stm32f0xx_hal.c ****   */
  54:Drivers/STM32F0xx_HAL_Driver/Src/stm32f0xx_hal.c **** /** 
  55:Drivers/STM32F0xx_HAL_Driver/Src/stm32f0xx_hal.c ****   * @brief STM32F0xx HAL Driver version number
  56:Drivers/STM32F0xx_HAL_Driver/Src/stm32f0xx_hal.c ****   */
  57:Drivers/STM32F0xx_HAL_Driver/Src/stm32f0xx_hal.c **** #define __STM32F0xx_HAL_VERSION_MAIN   (0x01U) /*!< [31:24] main version */
  58:Drivers/STM32F0xx_HAL_Driver/Src/stm32f0xx_hal.c **** #define __STM32F0xx_HAL_VERSION_SUB1   (0x07U) /*!< [23:16] sub1 version */
  59:Drivers/STM32F0xx_HAL_Driver/Src/stm32f0xx_hal.c **** #define __STM32F0xx_HAL_VERSION_SUB2   (0x08U) /*!< [15:8]  sub2 version */
  60:Drivers/STM32F0xx_HAL_Driver/Src/stm32f0xx_hal.c **** #define __STM32F0xx_HAL_VERSION_RC     (0x00U) /*!< [7:0]  release candidate */ 
  61:Drivers/STM32F0xx_HAL_Driver/Src/stm32f0xx_hal.c **** #define __STM32F0xx_HAL_VERSION         ((__STM32F0xx_HAL_VERSION_MAIN << 24U)\
  62:Drivers/STM32F0xx_HAL_Driver/Src/stm32f0xx_hal.c ****                                         |(__STM32F0xx_HAL_VERSION_SUB1 << 16U)\
  63:Drivers/STM32F0xx_HAL_Driver/Src/stm32f0xx_hal.c ****                                         |(__STM32F0xx_HAL_VERSION_SUB2 << 8U )\
  64:Drivers/STM32F0xx_HAL_Driver/Src/stm32f0xx_hal.c ****                                         |(__STM32F0xx_HAL_VERSION_RC))
  65:Drivers/STM32F0xx_HAL_Driver/Src/stm32f0xx_hal.c **** 
  66:Drivers/STM32F0xx_HAL_Driver/Src/stm32f0xx_hal.c **** #define IDCODE_DEVID_MASK    (0x00000FFFU)
  67:Drivers/STM32F0xx_HAL_Driver/Src/stm32f0xx_hal.c **** /**
  68:Drivers/STM32F0xx_HAL_Driver/Src/stm32f0xx_hal.c ****   * @}
  69:Drivers/STM32F0xx_HAL_Driver/Src/stm32f0xx_hal.c ****   */
  70:Drivers/STM32F0xx_HAL_Driver/Src/stm32f0xx_hal.c **** 
  71:Drivers/STM32F0xx_HAL_Driver/Src/stm32f0xx_hal.c **** /* Private macro -------------------------------------------------------------*/
  72:Drivers/STM32F0xx_HAL_Driver/Src/stm32f0xx_hal.c **** /** @defgroup HAL_Private_Macros HAL Private Macros
  73:Drivers/STM32F0xx_HAL_Driver/Src/stm32f0xx_hal.c ****   * @{
  74:Drivers/STM32F0xx_HAL_Driver/Src/stm32f0xx_hal.c ****   */
  75:Drivers/STM32F0xx_HAL_Driver/Src/stm32f0xx_hal.c **** /**
  76:Drivers/STM32F0xx_HAL_Driver/Src/stm32f0xx_hal.c ****   * @}
  77:Drivers/STM32F0xx_HAL_Driver/Src/stm32f0xx_hal.c ****   */
  78:Drivers/STM32F0xx_HAL_Driver/Src/stm32f0xx_hal.c **** 
  79:Drivers/STM32F0xx_HAL_Driver/Src/stm32f0xx_hal.c **** /* Exported variables ---------------------------------------------------------*/
  80:Drivers/STM32F0xx_HAL_Driver/Src/stm32f0xx_hal.c **** /** @defgroup HAL_Private_Variables HAL Exported Variables
  81:Drivers/STM32F0xx_HAL_Driver/Src/stm32f0xx_hal.c ****   * @{
  82:Drivers/STM32F0xx_HAL_Driver/Src/stm32f0xx_hal.c ****   */
  83:Drivers/STM32F0xx_HAL_Driver/Src/stm32f0xx_hal.c **** __IO uint32_t uwTick;
  84:Drivers/STM32F0xx_HAL_Driver/Src/stm32f0xx_hal.c **** uint32_t uwTickPrio   = (1UL << __NVIC_PRIO_BITS); /* Invalid PRIO */
  85:Drivers/STM32F0xx_HAL_Driver/Src/stm32f0xx_hal.c **** HAL_TickFreqTypeDef uwTickFreq = HAL_TICK_FREQ_DEFAULT;  /* 1KHz */
  86:Drivers/STM32F0xx_HAL_Driver/Src/stm32f0xx_hal.c **** /**
  87:Drivers/STM32F0xx_HAL_Driver/Src/stm32f0xx_hal.c ****   * @}
  88:Drivers/STM32F0xx_HAL_Driver/Src/stm32f0xx_hal.c ****   */
ARM GAS  C:\Users\joshr\AppData\Local\Temp\ccde83pz.s 			page 3


  89:Drivers/STM32F0xx_HAL_Driver/Src/stm32f0xx_hal.c **** /* Private function prototypes -----------------------------------------------*/
  90:Drivers/STM32F0xx_HAL_Driver/Src/stm32f0xx_hal.c **** /* Exported functions ---------------------------------------------------------*/
  91:Drivers/STM32F0xx_HAL_Driver/Src/stm32f0xx_hal.c **** 
  92:Drivers/STM32F0xx_HAL_Driver/Src/stm32f0xx_hal.c **** /** @defgroup HAL_Exported_Functions HAL Exported Functions
  93:Drivers/STM32F0xx_HAL_Driver/Src/stm32f0xx_hal.c ****   * @{
  94:Drivers/STM32F0xx_HAL_Driver/Src/stm32f0xx_hal.c ****   */
  95:Drivers/STM32F0xx_HAL_Driver/Src/stm32f0xx_hal.c **** 
  96:Drivers/STM32F0xx_HAL_Driver/Src/stm32f0xx_hal.c **** /** @defgroup HAL_Exported_Functions_Group1 Initialization and de-initialization Functions 
  97:Drivers/STM32F0xx_HAL_Driver/Src/stm32f0xx_hal.c ****   * @brief    Initialization and de-initialization functions
  98:Drivers/STM32F0xx_HAL_Driver/Src/stm32f0xx_hal.c ****   *
  99:Drivers/STM32F0xx_HAL_Driver/Src/stm32f0xx_hal.c **** @verbatim
 100:Drivers/STM32F0xx_HAL_Driver/Src/stm32f0xx_hal.c ****  ===============================================================================
 101:Drivers/STM32F0xx_HAL_Driver/Src/stm32f0xx_hal.c ****               ##### Initialization and de-initialization functions #####
 102:Drivers/STM32F0xx_HAL_Driver/Src/stm32f0xx_hal.c ****  ===============================================================================
 103:Drivers/STM32F0xx_HAL_Driver/Src/stm32f0xx_hal.c ****    [..]  This section provides functions allowing to:
 104:Drivers/STM32F0xx_HAL_Driver/Src/stm32f0xx_hal.c ****       (+) Initializes the Flash interface, the NVIC allocation and initial clock 
 105:Drivers/STM32F0xx_HAL_Driver/Src/stm32f0xx_hal.c ****           configuration. It initializes the systick also when timeout is needed
 106:Drivers/STM32F0xx_HAL_Driver/Src/stm32f0xx_hal.c ****           and the backup domain when enabled.
 107:Drivers/STM32F0xx_HAL_Driver/Src/stm32f0xx_hal.c ****       (+) de-Initializes common part of the HAL.
 108:Drivers/STM32F0xx_HAL_Driver/Src/stm32f0xx_hal.c ****       (+) Configure The time base source to have 1ms time base with a dedicated
 109:Drivers/STM32F0xx_HAL_Driver/Src/stm32f0xx_hal.c ****           Tick interrupt priority.
 110:Drivers/STM32F0xx_HAL_Driver/Src/stm32f0xx_hal.c ****         (++) SysTick timer is used by default as source of time base, but user
 111:Drivers/STM32F0xx_HAL_Driver/Src/stm32f0xx_hal.c ****              can eventually implement his proper time base source (a general purpose 
 112:Drivers/STM32F0xx_HAL_Driver/Src/stm32f0xx_hal.c ****              timer for example or other time source), keeping in mind that Time base 
 113:Drivers/STM32F0xx_HAL_Driver/Src/stm32f0xx_hal.c ****              duration should be kept 1ms since PPP_TIMEOUT_VALUEs are defined and 
 114:Drivers/STM32F0xx_HAL_Driver/Src/stm32f0xx_hal.c ****              handled in milliseconds basis.
 115:Drivers/STM32F0xx_HAL_Driver/Src/stm32f0xx_hal.c ****         (++) Time base configuration function (HAL_InitTick ()) is called automatically 
 116:Drivers/STM32F0xx_HAL_Driver/Src/stm32f0xx_hal.c ****              at the beginning of the program after reset by HAL_Init() or at any time 
 117:Drivers/STM32F0xx_HAL_Driver/Src/stm32f0xx_hal.c ****              when clock is configured, by HAL_RCC_ClockConfig(). 
 118:Drivers/STM32F0xx_HAL_Driver/Src/stm32f0xx_hal.c ****         (++) Source of time base is configured  to generate interrupts at regular 
 119:Drivers/STM32F0xx_HAL_Driver/Src/stm32f0xx_hal.c ****              time intervals. Care must be taken if HAL_Delay() is called from a 
 120:Drivers/STM32F0xx_HAL_Driver/Src/stm32f0xx_hal.c ****              peripheral ISR process, the Tick interrupt line must have higher priority 
 121:Drivers/STM32F0xx_HAL_Driver/Src/stm32f0xx_hal.c ****             (numerically lower) than the peripheral interrupt. Otherwise the caller 
 122:Drivers/STM32F0xx_HAL_Driver/Src/stm32f0xx_hal.c ****             ISR process will be blocked. 
 123:Drivers/STM32F0xx_HAL_Driver/Src/stm32f0xx_hal.c ****        (++) functions affecting time base configurations are declared as __Weak  
 124:Drivers/STM32F0xx_HAL_Driver/Src/stm32f0xx_hal.c ****              to make  override possible  in case of other  implementations in user file.
 125:Drivers/STM32F0xx_HAL_Driver/Src/stm32f0xx_hal.c ****  
 126:Drivers/STM32F0xx_HAL_Driver/Src/stm32f0xx_hal.c **** @endverbatim
 127:Drivers/STM32F0xx_HAL_Driver/Src/stm32f0xx_hal.c ****   * @{
 128:Drivers/STM32F0xx_HAL_Driver/Src/stm32f0xx_hal.c ****   */
 129:Drivers/STM32F0xx_HAL_Driver/Src/stm32f0xx_hal.c **** 
 130:Drivers/STM32F0xx_HAL_Driver/Src/stm32f0xx_hal.c **** /**
 131:Drivers/STM32F0xx_HAL_Driver/Src/stm32f0xx_hal.c ****   * @brief  This function configures the Flash prefetch,
 132:Drivers/STM32F0xx_HAL_Driver/Src/stm32f0xx_hal.c ****   *        Configures time base source, NVIC and Low level hardware
 133:Drivers/STM32F0xx_HAL_Driver/Src/stm32f0xx_hal.c ****   * @note This function is called at the beginning of program after reset and before 
 134:Drivers/STM32F0xx_HAL_Driver/Src/stm32f0xx_hal.c ****   *       the clock configuration
 135:Drivers/STM32F0xx_HAL_Driver/Src/stm32f0xx_hal.c ****   * @note The time base configuration is based on HSI clock when exiting from Reset.
 136:Drivers/STM32F0xx_HAL_Driver/Src/stm32f0xx_hal.c ****   *       Once done, time base tick start incrementing.
 137:Drivers/STM32F0xx_HAL_Driver/Src/stm32f0xx_hal.c ****   *       In the default implementation,Systick is used as source of time base.
 138:Drivers/STM32F0xx_HAL_Driver/Src/stm32f0xx_hal.c ****   *       The tick variable is incremented each 1ms in its ISR.
 139:Drivers/STM32F0xx_HAL_Driver/Src/stm32f0xx_hal.c ****   * @retval HAL status
 140:Drivers/STM32F0xx_HAL_Driver/Src/stm32f0xx_hal.c ****   */
 141:Drivers/STM32F0xx_HAL_Driver/Src/stm32f0xx_hal.c **** HAL_StatusTypeDef HAL_Init(void)
 142:Drivers/STM32F0xx_HAL_Driver/Src/stm32f0xx_hal.c **** {
 143:Drivers/STM32F0xx_HAL_Driver/Src/stm32f0xx_hal.c ****   /* Configure Flash prefetch */ 
 144:Drivers/STM32F0xx_HAL_Driver/Src/stm32f0xx_hal.c **** #if (PREFETCH_ENABLE != 0)
 145:Drivers/STM32F0xx_HAL_Driver/Src/stm32f0xx_hal.c ****   __HAL_FLASH_PREFETCH_BUFFER_ENABLE();
ARM GAS  C:\Users\joshr\AppData\Local\Temp\ccde83pz.s 			page 4


 146:Drivers/STM32F0xx_HAL_Driver/Src/stm32f0xx_hal.c **** #endif /* PREFETCH_ENABLE */
 147:Drivers/STM32F0xx_HAL_Driver/Src/stm32f0xx_hal.c **** 
 148:Drivers/STM32F0xx_HAL_Driver/Src/stm32f0xx_hal.c ****   /* Use systick as time base source and configure 1ms tick (default clock after Reset is HSI) */
 149:Drivers/STM32F0xx_HAL_Driver/Src/stm32f0xx_hal.c **** 
 150:Drivers/STM32F0xx_HAL_Driver/Src/stm32f0xx_hal.c ****   HAL_InitTick(TICK_INT_PRIORITY);
 151:Drivers/STM32F0xx_HAL_Driver/Src/stm32f0xx_hal.c **** 
 152:Drivers/STM32F0xx_HAL_Driver/Src/stm32f0xx_hal.c ****   /* Init the low level hardware */
 153:Drivers/STM32F0xx_HAL_Driver/Src/stm32f0xx_hal.c ****   HAL_MspInit();
 154:Drivers/STM32F0xx_HAL_Driver/Src/stm32f0xx_hal.c **** 
 155:Drivers/STM32F0xx_HAL_Driver/Src/stm32f0xx_hal.c ****   /* Return function status */
 156:Drivers/STM32F0xx_HAL_Driver/Src/stm32f0xx_hal.c ****   return HAL_OK;
 157:Drivers/STM32F0xx_HAL_Driver/Src/stm32f0xx_hal.c **** }
 158:Drivers/STM32F0xx_HAL_Driver/Src/stm32f0xx_hal.c **** 
 159:Drivers/STM32F0xx_HAL_Driver/Src/stm32f0xx_hal.c **** /**
 160:Drivers/STM32F0xx_HAL_Driver/Src/stm32f0xx_hal.c ****   * @brief This function de-Initialize common part of the HAL and stops the SysTick
 161:Drivers/STM32F0xx_HAL_Driver/Src/stm32f0xx_hal.c ****   *        of time base.
 162:Drivers/STM32F0xx_HAL_Driver/Src/stm32f0xx_hal.c ****   * @note This function is optional.
 163:Drivers/STM32F0xx_HAL_Driver/Src/stm32f0xx_hal.c ****   * @retval HAL status
 164:Drivers/STM32F0xx_HAL_Driver/Src/stm32f0xx_hal.c ****   */
 165:Drivers/STM32F0xx_HAL_Driver/Src/stm32f0xx_hal.c **** HAL_StatusTypeDef HAL_DeInit(void)
 166:Drivers/STM32F0xx_HAL_Driver/Src/stm32f0xx_hal.c **** {
 167:Drivers/STM32F0xx_HAL_Driver/Src/stm32f0xx_hal.c ****   /* Reset of all peripherals */
 168:Drivers/STM32F0xx_HAL_Driver/Src/stm32f0xx_hal.c ****   __HAL_RCC_APB1_FORCE_RESET();
 169:Drivers/STM32F0xx_HAL_Driver/Src/stm32f0xx_hal.c ****   __HAL_RCC_APB1_RELEASE_RESET();
 170:Drivers/STM32F0xx_HAL_Driver/Src/stm32f0xx_hal.c **** 
 171:Drivers/STM32F0xx_HAL_Driver/Src/stm32f0xx_hal.c ****   __HAL_RCC_APB2_FORCE_RESET();
 172:Drivers/STM32F0xx_HAL_Driver/Src/stm32f0xx_hal.c ****   __HAL_RCC_APB2_RELEASE_RESET();
 173:Drivers/STM32F0xx_HAL_Driver/Src/stm32f0xx_hal.c **** 
 174:Drivers/STM32F0xx_HAL_Driver/Src/stm32f0xx_hal.c ****   __HAL_RCC_AHB_FORCE_RESET();
 175:Drivers/STM32F0xx_HAL_Driver/Src/stm32f0xx_hal.c ****   __HAL_RCC_AHB_RELEASE_RESET();
 176:Drivers/STM32F0xx_HAL_Driver/Src/stm32f0xx_hal.c **** 
 177:Drivers/STM32F0xx_HAL_Driver/Src/stm32f0xx_hal.c ****   /* De-Init the low level hardware */
 178:Drivers/STM32F0xx_HAL_Driver/Src/stm32f0xx_hal.c ****   HAL_MspDeInit();
 179:Drivers/STM32F0xx_HAL_Driver/Src/stm32f0xx_hal.c ****     
 180:Drivers/STM32F0xx_HAL_Driver/Src/stm32f0xx_hal.c ****   /* Return function status */
 181:Drivers/STM32F0xx_HAL_Driver/Src/stm32f0xx_hal.c ****   return HAL_OK;
 182:Drivers/STM32F0xx_HAL_Driver/Src/stm32f0xx_hal.c **** }
 183:Drivers/STM32F0xx_HAL_Driver/Src/stm32f0xx_hal.c **** 
 184:Drivers/STM32F0xx_HAL_Driver/Src/stm32f0xx_hal.c **** /**
 185:Drivers/STM32F0xx_HAL_Driver/Src/stm32f0xx_hal.c ****   * @brief  Initialize the MSP.
 186:Drivers/STM32F0xx_HAL_Driver/Src/stm32f0xx_hal.c ****   * @retval None
 187:Drivers/STM32F0xx_HAL_Driver/Src/stm32f0xx_hal.c ****   */
 188:Drivers/STM32F0xx_HAL_Driver/Src/stm32f0xx_hal.c **** __weak void HAL_MspInit(void)
 189:Drivers/STM32F0xx_HAL_Driver/Src/stm32f0xx_hal.c **** {
  28              		.loc 1 189 1 view -0
  29              		.cfi_startproc
  30              		@ args = 0, pretend = 0, frame = 0
  31              		@ frame_needed = 0, uses_anonymous_args = 0
  32              		@ link register save eliminated.
 190:Drivers/STM32F0xx_HAL_Driver/Src/stm32f0xx_hal.c ****   /* NOTE : This function should not be modified, when the callback is needed,
 191:Drivers/STM32F0xx_HAL_Driver/Src/stm32f0xx_hal.c ****             the HAL_MspInit could be implemented in the user file
 192:Drivers/STM32F0xx_HAL_Driver/Src/stm32f0xx_hal.c ****    */
 193:Drivers/STM32F0xx_HAL_Driver/Src/stm32f0xx_hal.c **** }
  33              		.loc 1 193 1 view .LVU1
  34              		@ sp needed
  35 0000 7047     		bx	lr
  36              		.cfi_endproc
ARM GAS  C:\Users\joshr\AppData\Local\Temp\ccde83pz.s 			page 5


  37              	.LFE42:
  39 0002 C046     		.section	.text.HAL_MspDeInit,"ax",%progbits
  40              		.align	1
  41              		.p2align 2,,3
  42              		.weak	HAL_MspDeInit
  43              		.syntax unified
  44              		.code	16
  45              		.thumb_func
  47              	HAL_MspDeInit:
  48              	.LFB65:
  49              		.cfi_startproc
 194:Drivers/STM32F0xx_HAL_Driver/Src/stm32f0xx_hal.c **** 
 195:Drivers/STM32F0xx_HAL_Driver/Src/stm32f0xx_hal.c **** /**
 196:Drivers/STM32F0xx_HAL_Driver/Src/stm32f0xx_hal.c ****   * @brief  DeInitializes the MSP.
 197:Drivers/STM32F0xx_HAL_Driver/Src/stm32f0xx_hal.c ****   * @retval None
 198:Drivers/STM32F0xx_HAL_Driver/Src/stm32f0xx_hal.c ****   */
 199:Drivers/STM32F0xx_HAL_Driver/Src/stm32f0xx_hal.c **** __weak void HAL_MspDeInit(void)
  50              		.loc 1 199 13 view -0
  51              		@ args = 0, pretend = 0, frame = 0
  52              		@ frame_needed = 0, uses_anonymous_args = 0
  53              		@ link register save eliminated.
  54              		@ sp needed
  55 0000 7047     		bx	lr
  56              		.cfi_endproc
  57              	.LFE65:
  59 0002 C046     		.section	.text.HAL_DeInit,"ax",%progbits
  60              		.align	1
  61              		.p2align 2,,3
  62              		.global	HAL_DeInit
  63              		.syntax unified
  64              		.code	16
  65              		.thumb_func
  67              	HAL_DeInit:
  68              	.LFB41:
 166:Drivers/STM32F0xx_HAL_Driver/Src/stm32f0xx_hal.c ****   /* Reset of all peripherals */
  69              		.loc 1 166 1 view -0
  70              		.cfi_startproc
  71              		@ args = 0, pretend = 0, frame = 0
  72              		@ frame_needed = 0, uses_anonymous_args = 0
 168:Drivers/STM32F0xx_HAL_Driver/Src/stm32f0xx_hal.c ****   __HAL_RCC_APB1_RELEASE_RESET();
  73              		.loc 1 168 3 view .LVU4
  74 0000 0121     		movs	r1, #1
 169:Drivers/STM32F0xx_HAL_Driver/Src/stm32f0xx_hal.c **** 
  75              		.loc 1 169 3 is_stmt 0 view .LVU5
  76 0002 0022     		movs	r2, #0
 166:Drivers/STM32F0xx_HAL_Driver/Src/stm32f0xx_hal.c ****   /* Reset of all peripherals */
  77              		.loc 1 166 1 view .LVU6
  78 0004 10B5     		push	{r4, lr}
  79              	.LCFI0:
  80              		.cfi_def_cfa_offset 8
  81              		.cfi_offset 4, -8
  82              		.cfi_offset 14, -4
 168:Drivers/STM32F0xx_HAL_Driver/Src/stm32f0xx_hal.c ****   __HAL_RCC_APB1_RELEASE_RESET();
  83              		.loc 1 168 3 view .LVU7
  84 0006 064B     		ldr	r3, .L5
  85 0008 4942     		rsbs	r1, r1, #0
  86 000a 1961     		str	r1, [r3, #16]
ARM GAS  C:\Users\joshr\AppData\Local\Temp\ccde83pz.s 			page 6


 169:Drivers/STM32F0xx_HAL_Driver/Src/stm32f0xx_hal.c **** 
  87              		.loc 1 169 3 is_stmt 1 view .LVU8
  88 000c 1A61     		str	r2, [r3, #16]
 171:Drivers/STM32F0xx_HAL_Driver/Src/stm32f0xx_hal.c ****   __HAL_RCC_APB2_RELEASE_RESET();
  89              		.loc 1 171 3 view .LVU9
  90 000e D960     		str	r1, [r3, #12]
 172:Drivers/STM32F0xx_HAL_Driver/Src/stm32f0xx_hal.c **** 
  91              		.loc 1 172 3 view .LVU10
  92 0010 DA60     		str	r2, [r3, #12]
 174:Drivers/STM32F0xx_HAL_Driver/Src/stm32f0xx_hal.c ****   __HAL_RCC_AHB_RELEASE_RESET();
  93              		.loc 1 174 3 view .LVU11
  94 0012 9962     		str	r1, [r3, #40]
 175:Drivers/STM32F0xx_HAL_Driver/Src/stm32f0xx_hal.c **** 
  95              		.loc 1 175 3 view .LVU12
  96 0014 9A62     		str	r2, [r3, #40]
 178:Drivers/STM32F0xx_HAL_Driver/Src/stm32f0xx_hal.c ****     
  97              		.loc 1 178 3 view .LVU13
  98 0016 FFF7FEFF 		bl	HAL_MspDeInit
  99              	.LVL0:
 181:Drivers/STM32F0xx_HAL_Driver/Src/stm32f0xx_hal.c **** }
 100              		.loc 1 181 3 view .LVU14
 182:Drivers/STM32F0xx_HAL_Driver/Src/stm32f0xx_hal.c **** 
 101              		.loc 1 182 1 is_stmt 0 view .LVU15
 102              		@ sp needed
 103 001a 0020     		movs	r0, #0
 104 001c 10BD     		pop	{r4, pc}
 105              	.L6:
 106 001e C046     		.align	2
 107              	.L5:
 108 0020 00100240 		.word	1073876992
 109              		.cfi_endproc
 110              	.LFE41:
 112              		.global	__aeabi_uidiv
 113              		.global	__aeabi_idiv
 114              		.section	.text.HAL_InitTick,"ax",%progbits
 115              		.align	1
 116              		.p2align 2,,3
 117              		.weak	HAL_InitTick
 118              		.syntax unified
 119              		.code	16
 120              		.thumb_func
 122              	HAL_InitTick:
 123              	.LVL1:
 124              	.LFB44:
 200:Drivers/STM32F0xx_HAL_Driver/Src/stm32f0xx_hal.c **** {
 201:Drivers/STM32F0xx_HAL_Driver/Src/stm32f0xx_hal.c ****   /* NOTE : This function should not be modified, when the callback is needed,
 202:Drivers/STM32F0xx_HAL_Driver/Src/stm32f0xx_hal.c ****             the HAL_MspDeInit could be implemented in the user file
 203:Drivers/STM32F0xx_HAL_Driver/Src/stm32f0xx_hal.c ****    */
 204:Drivers/STM32F0xx_HAL_Driver/Src/stm32f0xx_hal.c **** }
 205:Drivers/STM32F0xx_HAL_Driver/Src/stm32f0xx_hal.c **** 
 206:Drivers/STM32F0xx_HAL_Driver/Src/stm32f0xx_hal.c **** /**
 207:Drivers/STM32F0xx_HAL_Driver/Src/stm32f0xx_hal.c ****   * @brief This function configures the source of the time base. 
 208:Drivers/STM32F0xx_HAL_Driver/Src/stm32f0xx_hal.c ****   *        The time source is configured  to have 1ms time base with a dedicated 
 209:Drivers/STM32F0xx_HAL_Driver/Src/stm32f0xx_hal.c ****   *        Tick interrupt priority.
 210:Drivers/STM32F0xx_HAL_Driver/Src/stm32f0xx_hal.c ****   * @note This function is called  automatically at the beginning of program after
 211:Drivers/STM32F0xx_HAL_Driver/Src/stm32f0xx_hal.c ****   *       reset by HAL_Init() or at any time when clock is reconfigured  by HAL_RCC_ClockConfig(). 
 212:Drivers/STM32F0xx_HAL_Driver/Src/stm32f0xx_hal.c ****   * @note In the default implementation, SysTick timer is the source of time base. 
ARM GAS  C:\Users\joshr\AppData\Local\Temp\ccde83pz.s 			page 7


 213:Drivers/STM32F0xx_HAL_Driver/Src/stm32f0xx_hal.c ****   *       It is used to generate interrupts at regular time intervals. 
 214:Drivers/STM32F0xx_HAL_Driver/Src/stm32f0xx_hal.c ****   *       Care must be taken if HAL_Delay() is called from a peripheral ISR process, 
 215:Drivers/STM32F0xx_HAL_Driver/Src/stm32f0xx_hal.c ****   *       The SysTick interrupt must have higher priority (numerically lower) 
 216:Drivers/STM32F0xx_HAL_Driver/Src/stm32f0xx_hal.c ****   *       than the peripheral interrupt. Otherwise the caller ISR process will be blocked.
 217:Drivers/STM32F0xx_HAL_Driver/Src/stm32f0xx_hal.c ****   *       The function is declared as __Weak  to be overwritten  in case of other
 218:Drivers/STM32F0xx_HAL_Driver/Src/stm32f0xx_hal.c ****   *       implementation  in user file.
 219:Drivers/STM32F0xx_HAL_Driver/Src/stm32f0xx_hal.c ****   * @param TickPriority Tick interrupt priority.
 220:Drivers/STM32F0xx_HAL_Driver/Src/stm32f0xx_hal.c ****   * @retval HAL status
 221:Drivers/STM32F0xx_HAL_Driver/Src/stm32f0xx_hal.c ****   */
 222:Drivers/STM32F0xx_HAL_Driver/Src/stm32f0xx_hal.c **** __weak HAL_StatusTypeDef HAL_InitTick(uint32_t TickPriority)
 223:Drivers/STM32F0xx_HAL_Driver/Src/stm32f0xx_hal.c **** {
 125              		.loc 1 223 1 is_stmt 1 view -0
 126              		.cfi_startproc
 127              		@ args = 0, pretend = 0, frame = 0
 128              		@ frame_needed = 0, uses_anonymous_args = 0
 224:Drivers/STM32F0xx_HAL_Driver/Src/stm32f0xx_hal.c ****   /*Configure the SysTick to have interrupt in 1ms time basis*/
 225:Drivers/STM32F0xx_HAL_Driver/Src/stm32f0xx_hal.c ****   if (HAL_SYSTICK_Config(SystemCoreClock / (1000U / uwTickFreq)) > 0U)
 129              		.loc 1 225 3 view .LVU17
 223:Drivers/STM32F0xx_HAL_Driver/Src/stm32f0xx_hal.c ****   /*Configure the SysTick to have interrupt in 1ms time basis*/
 130              		.loc 1 223 1 is_stmt 0 view .LVU18
 131 0000 70B5     		push	{r4, r5, r6, lr}
 132              	.LCFI1:
 133              		.cfi_def_cfa_offset 16
 134              		.cfi_offset 4, -16
 135              		.cfi_offset 5, -12
 136              		.cfi_offset 6, -8
 137              		.cfi_offset 14, -4
 223:Drivers/STM32F0xx_HAL_Driver/Src/stm32f0xx_hal.c ****   /*Configure the SysTick to have interrupt in 1ms time basis*/
 138              		.loc 1 223 1 view .LVU19
 139 0002 0400     		movs	r4, r0
 140              		.loc 1 225 51 view .LVU20
 141 0004 FA20     		movs	r0, #250
 142              	.LVL2:
 143              		.loc 1 225 51 view .LVU21
 144 0006 0E4B     		ldr	r3, .L12
 145 0008 8000     		lsls	r0, r0, #2
 146 000a 1978     		ldrb	r1, [r3]
 147 000c FFF7FEFF 		bl	__aeabi_uidiv
 148              	.LVL3:
 149              		.loc 1 225 7 view .LVU22
 150 0010 0C4D     		ldr	r5, .L12+4
 151              		.loc 1 225 51 view .LVU23
 152 0012 0100     		movs	r1, r0
 153              		.loc 1 225 7 view .LVU24
 154 0014 2868     		ldr	r0, [r5]
 155 0016 FFF7FEFF 		bl	__aeabi_uidiv
 156              	.LVL4:
 157 001a FFF7FEFF 		bl	HAL_SYSTICK_Config
 158              	.LVL5:
 159              		.loc 1 225 6 discriminator 1 view .LVU25
 160 001e 0028     		cmp	r0, #0
 161 0020 0CD1     		bne	.L9
 226:Drivers/STM32F0xx_HAL_Driver/Src/stm32f0xx_hal.c ****   {
 227:Drivers/STM32F0xx_HAL_Driver/Src/stm32f0xx_hal.c ****     return HAL_ERROR;
 228:Drivers/STM32F0xx_HAL_Driver/Src/stm32f0xx_hal.c ****   }
 229:Drivers/STM32F0xx_HAL_Driver/Src/stm32f0xx_hal.c **** 
 230:Drivers/STM32F0xx_HAL_Driver/Src/stm32f0xx_hal.c ****   /* Configure the SysTick IRQ priority */
ARM GAS  C:\Users\joshr\AppData\Local\Temp\ccde83pz.s 			page 8


 231:Drivers/STM32F0xx_HAL_Driver/Src/stm32f0xx_hal.c ****   if (TickPriority < (1UL << __NVIC_PRIO_BITS))
 162              		.loc 1 231 3 is_stmt 1 view .LVU26
 227:Drivers/STM32F0xx_HAL_Driver/Src/stm32f0xx_hal.c ****   }
 163              		.loc 1 227 12 is_stmt 0 view .LVU27
 164 0022 0130     		adds	r0, r0, #1
 165              		.loc 1 231 6 view .LVU28
 166 0024 032C     		cmp	r4, #3
 167 0026 00D9     		bls	.L11
 168              	.L8:
 232:Drivers/STM32F0xx_HAL_Driver/Src/stm32f0xx_hal.c ****   {
 233:Drivers/STM32F0xx_HAL_Driver/Src/stm32f0xx_hal.c ****     HAL_NVIC_SetPriority(SysTick_IRQn, TickPriority, 0U);
 234:Drivers/STM32F0xx_HAL_Driver/Src/stm32f0xx_hal.c ****     uwTickPrio = TickPriority;
 235:Drivers/STM32F0xx_HAL_Driver/Src/stm32f0xx_hal.c ****   }
 236:Drivers/STM32F0xx_HAL_Driver/Src/stm32f0xx_hal.c ****   else
 237:Drivers/STM32F0xx_HAL_Driver/Src/stm32f0xx_hal.c ****   {
 238:Drivers/STM32F0xx_HAL_Driver/Src/stm32f0xx_hal.c ****     return HAL_ERROR;
 239:Drivers/STM32F0xx_HAL_Driver/Src/stm32f0xx_hal.c ****   }
 240:Drivers/STM32F0xx_HAL_Driver/Src/stm32f0xx_hal.c **** 
 241:Drivers/STM32F0xx_HAL_Driver/Src/stm32f0xx_hal.c ****    /* Return function status */
 242:Drivers/STM32F0xx_HAL_Driver/Src/stm32f0xx_hal.c ****   return HAL_OK;
 243:Drivers/STM32F0xx_HAL_Driver/Src/stm32f0xx_hal.c **** }
 169              		.loc 1 243 1 view .LVU29
 170              		@ sp needed
 171              	.LVL6:
 172              		.loc 1 243 1 view .LVU30
 173 0028 70BD     		pop	{r4, r5, r6, pc}
 174              	.LVL7:
 175              	.L11:
 176              	.LBB4:
 177              	.LBI4:
 222:Drivers/STM32F0xx_HAL_Driver/Src/stm32f0xx_hal.c **** {
 178              		.loc 1 222 26 is_stmt 1 view .LVU31
 179              	.LBB5:
 233:Drivers/STM32F0xx_HAL_Driver/Src/stm32f0xx_hal.c ****     uwTickPrio = TickPriority;
 180              		.loc 1 233 5 view .LVU32
 181 002a 0238     		subs	r0, r0, #2
 182 002c 0022     		movs	r2, #0
 183 002e 2100     		movs	r1, r4
 184 0030 FFF7FEFF 		bl	HAL_NVIC_SetPriority
 185              	.LVL8:
 234:Drivers/STM32F0xx_HAL_Driver/Src/stm32f0xx_hal.c ****   }
 186              		.loc 1 234 5 view .LVU33
 234:Drivers/STM32F0xx_HAL_Driver/Src/stm32f0xx_hal.c ****   }
 187              		.loc 1 234 16 is_stmt 0 view .LVU34
 188 0034 044B     		ldr	r3, .L12+8
 189 0036 0020     		movs	r0, #0
 190 0038 1C60     		str	r4, [r3]
 242:Drivers/STM32F0xx_HAL_Driver/Src/stm32f0xx_hal.c **** }
 191              		.loc 1 242 3 is_stmt 1 view .LVU35
 192              	.LVL9:
 242:Drivers/STM32F0xx_HAL_Driver/Src/stm32f0xx_hal.c **** }
 193              		.loc 1 242 3 is_stmt 0 view .LVU36
 194 003a F5E7     		b	.L8
 195              	.L9:
 242:Drivers/STM32F0xx_HAL_Driver/Src/stm32f0xx_hal.c **** }
 196              		.loc 1 242 3 view .LVU37
 197              	.LBE5:
ARM GAS  C:\Users\joshr\AppData\Local\Temp\ccde83pz.s 			page 9


 198              	.LBE4:
 227:Drivers/STM32F0xx_HAL_Driver/Src/stm32f0xx_hal.c ****   }
 199              		.loc 1 227 12 view .LVU38
 200 003c 0120     		movs	r0, #1
 201 003e F3E7     		b	.L8
 202              	.L13:
 203              		.align	2
 204              	.L12:
 205 0040 00000000 		.word	uwTickFreq
 206 0044 00000000 		.word	SystemCoreClock
 207 0048 00000000 		.word	uwTickPrio
 208              		.cfi_endproc
 209              	.LFE44:
 211              		.section	.text.HAL_Init,"ax",%progbits
 212              		.align	1
 213              		.p2align 2,,3
 214              		.global	HAL_Init
 215              		.syntax unified
 216              		.code	16
 217              		.thumb_func
 219              	HAL_Init:
 220              	.LFB40:
 142:Drivers/STM32F0xx_HAL_Driver/Src/stm32f0xx_hal.c ****   /* Configure Flash prefetch */ 
 221              		.loc 1 142 1 is_stmt 1 view -0
 222              		.cfi_startproc
 223              		@ args = 0, pretend = 0, frame = 0
 224              		@ frame_needed = 0, uses_anonymous_args = 0
 145:Drivers/STM32F0xx_HAL_Driver/Src/stm32f0xx_hal.c **** #endif /* PREFETCH_ENABLE */
 225              		.loc 1 145 3 view .LVU40
 226 0000 1021     		movs	r1, #16
 227 0002 064A     		ldr	r2, .L15
 142:Drivers/STM32F0xx_HAL_Driver/Src/stm32f0xx_hal.c ****   /* Configure Flash prefetch */ 
 228              		.loc 1 142 1 is_stmt 0 view .LVU41
 229 0004 10B5     		push	{r4, lr}
 230              	.LCFI2:
 231              		.cfi_def_cfa_offset 8
 232              		.cfi_offset 4, -8
 233              		.cfi_offset 14, -4
 145:Drivers/STM32F0xx_HAL_Driver/Src/stm32f0xx_hal.c **** #endif /* PREFETCH_ENABLE */
 234              		.loc 1 145 3 view .LVU42
 235 0006 1368     		ldr	r3, [r2]
 150:Drivers/STM32F0xx_HAL_Driver/Src/stm32f0xx_hal.c **** 
 236              		.loc 1 150 3 view .LVU43
 237 0008 0320     		movs	r0, #3
 157:Drivers/STM32F0xx_HAL_Driver/Src/stm32f0xx_hal.c **** 
 238              		.loc 1 157 1 view .LVU44
 239              		@ sp needed
 145:Drivers/STM32F0xx_HAL_Driver/Src/stm32f0xx_hal.c **** #endif /* PREFETCH_ENABLE */
 240              		.loc 1 145 3 view .LVU45
 241 000a 0B43     		orrs	r3, r1
 242 000c 1360     		str	r3, [r2]
 150:Drivers/STM32F0xx_HAL_Driver/Src/stm32f0xx_hal.c **** 
 243              		.loc 1 150 3 is_stmt 1 view .LVU46
 244 000e FFF7FEFF 		bl	HAL_InitTick
 245              	.LVL10:
 153:Drivers/STM32F0xx_HAL_Driver/Src/stm32f0xx_hal.c **** 
 246              		.loc 1 153 3 view .LVU47
ARM GAS  C:\Users\joshr\AppData\Local\Temp\ccde83pz.s 			page 10


 247 0012 FFF7FEFF 		bl	HAL_MspInit
 248              	.LVL11:
 156:Drivers/STM32F0xx_HAL_Driver/Src/stm32f0xx_hal.c **** }
 249              		.loc 1 156 3 view .LVU48
 157:Drivers/STM32F0xx_HAL_Driver/Src/stm32f0xx_hal.c **** 
 250              		.loc 1 157 1 is_stmt 0 view .LVU49
 251 0016 0020     		movs	r0, #0
 252 0018 10BD     		pop	{r4, pc}
 253              	.L16:
 254 001a C046     		.align	2
 255              	.L15:
 256 001c 00200240 		.word	1073881088
 257              		.cfi_endproc
 258              	.LFE40:
 260              		.section	.text.HAL_IncTick,"ax",%progbits
 261              		.align	1
 262              		.p2align 2,,3
 263              		.weak	HAL_IncTick
 264              		.syntax unified
 265              		.code	16
 266              		.thumb_func
 268              	HAL_IncTick:
 269              	.LFB45:
 244:Drivers/STM32F0xx_HAL_Driver/Src/stm32f0xx_hal.c **** 
 245:Drivers/STM32F0xx_HAL_Driver/Src/stm32f0xx_hal.c **** /**
 246:Drivers/STM32F0xx_HAL_Driver/Src/stm32f0xx_hal.c ****   * @}
 247:Drivers/STM32F0xx_HAL_Driver/Src/stm32f0xx_hal.c ****   */
 248:Drivers/STM32F0xx_HAL_Driver/Src/stm32f0xx_hal.c **** 
 249:Drivers/STM32F0xx_HAL_Driver/Src/stm32f0xx_hal.c **** /** @defgroup HAL_Exported_Functions_Group2 HAL Control functions 
 250:Drivers/STM32F0xx_HAL_Driver/Src/stm32f0xx_hal.c ****   * @brief    HAL Control functions
 251:Drivers/STM32F0xx_HAL_Driver/Src/stm32f0xx_hal.c ****   *
 252:Drivers/STM32F0xx_HAL_Driver/Src/stm32f0xx_hal.c **** @verbatim
 253:Drivers/STM32F0xx_HAL_Driver/Src/stm32f0xx_hal.c ****  ===============================================================================
 254:Drivers/STM32F0xx_HAL_Driver/Src/stm32f0xx_hal.c ****                       ##### HAL Control functions #####
 255:Drivers/STM32F0xx_HAL_Driver/Src/stm32f0xx_hal.c ****  ===============================================================================
 256:Drivers/STM32F0xx_HAL_Driver/Src/stm32f0xx_hal.c ****     [..]  This section provides functions allowing to:
 257:Drivers/STM32F0xx_HAL_Driver/Src/stm32f0xx_hal.c ****       (+) Provide a tick value in millisecond
 258:Drivers/STM32F0xx_HAL_Driver/Src/stm32f0xx_hal.c ****       (+) Provide a blocking delay in millisecond
 259:Drivers/STM32F0xx_HAL_Driver/Src/stm32f0xx_hal.c ****       (+) Suspend the time base source interrupt
 260:Drivers/STM32F0xx_HAL_Driver/Src/stm32f0xx_hal.c ****       (+) Resume the time base source interrupt
 261:Drivers/STM32F0xx_HAL_Driver/Src/stm32f0xx_hal.c ****       (+) Get the HAL API driver version
 262:Drivers/STM32F0xx_HAL_Driver/Src/stm32f0xx_hal.c ****       (+) Get the device identifier
 263:Drivers/STM32F0xx_HAL_Driver/Src/stm32f0xx_hal.c ****       (+) Get the device revision identifier
 264:Drivers/STM32F0xx_HAL_Driver/Src/stm32f0xx_hal.c ****       (+) Enable/Disable Debug module during Sleep mode
 265:Drivers/STM32F0xx_HAL_Driver/Src/stm32f0xx_hal.c ****       (+) Enable/Disable Debug module during STOP mode
 266:Drivers/STM32F0xx_HAL_Driver/Src/stm32f0xx_hal.c ****       (+) Enable/Disable Debug module during STANDBY mode
 267:Drivers/STM32F0xx_HAL_Driver/Src/stm32f0xx_hal.c ****       
 268:Drivers/STM32F0xx_HAL_Driver/Src/stm32f0xx_hal.c **** @endverbatim
 269:Drivers/STM32F0xx_HAL_Driver/Src/stm32f0xx_hal.c ****   * @{
 270:Drivers/STM32F0xx_HAL_Driver/Src/stm32f0xx_hal.c ****   */
 271:Drivers/STM32F0xx_HAL_Driver/Src/stm32f0xx_hal.c **** 
 272:Drivers/STM32F0xx_HAL_Driver/Src/stm32f0xx_hal.c **** /**
 273:Drivers/STM32F0xx_HAL_Driver/Src/stm32f0xx_hal.c ****   * @brief This function is called to increment  a global variable "uwTick"
 274:Drivers/STM32F0xx_HAL_Driver/Src/stm32f0xx_hal.c ****   *        used as application time base.
 275:Drivers/STM32F0xx_HAL_Driver/Src/stm32f0xx_hal.c ****   * @note In the default implementation, this variable is incremented each 1ms
 276:Drivers/STM32F0xx_HAL_Driver/Src/stm32f0xx_hal.c ****   *       in SysTick ISR.
 277:Drivers/STM32F0xx_HAL_Driver/Src/stm32f0xx_hal.c ****   * @note This function is declared as __weak to be overwritten in case of other 
ARM GAS  C:\Users\joshr\AppData\Local\Temp\ccde83pz.s 			page 11


 278:Drivers/STM32F0xx_HAL_Driver/Src/stm32f0xx_hal.c ****   *       implementations in user file.
 279:Drivers/STM32F0xx_HAL_Driver/Src/stm32f0xx_hal.c ****   * @retval None
 280:Drivers/STM32F0xx_HAL_Driver/Src/stm32f0xx_hal.c ****   */
 281:Drivers/STM32F0xx_HAL_Driver/Src/stm32f0xx_hal.c **** __weak void HAL_IncTick(void)
 282:Drivers/STM32F0xx_HAL_Driver/Src/stm32f0xx_hal.c **** {
 270              		.loc 1 282 1 is_stmt 1 view -0
 271              		.cfi_startproc
 272              		@ args = 0, pretend = 0, frame = 0
 273              		@ frame_needed = 0, uses_anonymous_args = 0
 274              		@ link register save eliminated.
 283:Drivers/STM32F0xx_HAL_Driver/Src/stm32f0xx_hal.c ****   uwTick += uwTickFreq;
 275              		.loc 1 283 3 view .LVU51
 276              		.loc 1 283 10 is_stmt 0 view .LVU52
 277 0000 034A     		ldr	r2, .L18
 278 0002 044B     		ldr	r3, .L18+4
 279 0004 1168     		ldr	r1, [r2]
 280 0006 1B78     		ldrb	r3, [r3]
 284:Drivers/STM32F0xx_HAL_Driver/Src/stm32f0xx_hal.c **** }
 281              		.loc 1 284 1 view .LVU53
 282              		@ sp needed
 283:Drivers/STM32F0xx_HAL_Driver/Src/stm32f0xx_hal.c ****   uwTick += uwTickFreq;
 283              		.loc 1 283 10 view .LVU54
 284 0008 5B18     		adds	r3, r3, r1
 285 000a 1360     		str	r3, [r2]
 286              		.loc 1 284 1 view .LVU55
 287 000c 7047     		bx	lr
 288              	.L19:
 289 000e C046     		.align	2
 290              	.L18:
 291 0010 00000000 		.word	uwTick
 292 0014 00000000 		.word	uwTickFreq
 293              		.cfi_endproc
 294              	.LFE45:
 296              		.section	.text.HAL_GetTick,"ax",%progbits
 297              		.align	1
 298              		.p2align 2,,3
 299              		.weak	HAL_GetTick
 300              		.syntax unified
 301              		.code	16
 302              		.thumb_func
 304              	HAL_GetTick:
 305              	.LFB46:
 285:Drivers/STM32F0xx_HAL_Driver/Src/stm32f0xx_hal.c **** 
 286:Drivers/STM32F0xx_HAL_Driver/Src/stm32f0xx_hal.c **** /**
 287:Drivers/STM32F0xx_HAL_Driver/Src/stm32f0xx_hal.c ****   * @brief  Provides a tick value in millisecond.
 288:Drivers/STM32F0xx_HAL_Driver/Src/stm32f0xx_hal.c ****   * @note   This function is declared as __weak  to be overwritten  in case of other 
 289:Drivers/STM32F0xx_HAL_Driver/Src/stm32f0xx_hal.c ****   *       implementations in user file.
 290:Drivers/STM32F0xx_HAL_Driver/Src/stm32f0xx_hal.c ****   * @retval tick value
 291:Drivers/STM32F0xx_HAL_Driver/Src/stm32f0xx_hal.c ****   */
 292:Drivers/STM32F0xx_HAL_Driver/Src/stm32f0xx_hal.c **** __weak uint32_t HAL_GetTick(void)
 293:Drivers/STM32F0xx_HAL_Driver/Src/stm32f0xx_hal.c **** {
 306              		.loc 1 293 1 is_stmt 1 view -0
 307              		.cfi_startproc
 308              		@ args = 0, pretend = 0, frame = 0
 309              		@ frame_needed = 0, uses_anonymous_args = 0
 310              		@ link register save eliminated.
 294:Drivers/STM32F0xx_HAL_Driver/Src/stm32f0xx_hal.c ****   return uwTick;
ARM GAS  C:\Users\joshr\AppData\Local\Temp\ccde83pz.s 			page 12


 311              		.loc 1 294 3 view .LVU57
 312              		.loc 1 294 10 is_stmt 0 view .LVU58
 313 0000 014B     		ldr	r3, .L21
 295:Drivers/STM32F0xx_HAL_Driver/Src/stm32f0xx_hal.c **** }
 314              		.loc 1 295 1 view .LVU59
 315              		@ sp needed
 294:Drivers/STM32F0xx_HAL_Driver/Src/stm32f0xx_hal.c ****   return uwTick;
 316              		.loc 1 294 10 view .LVU60
 317 0002 1868     		ldr	r0, [r3]
 318              		.loc 1 295 1 view .LVU61
 319 0004 7047     		bx	lr
 320              	.L22:
 321 0006 C046     		.align	2
 322              	.L21:
 323 0008 00000000 		.word	uwTick
 324              		.cfi_endproc
 325              	.LFE46:
 327              		.section	.text.HAL_GetTickPrio,"ax",%progbits
 328              		.align	1
 329              		.p2align 2,,3
 330              		.global	HAL_GetTickPrio
 331              		.syntax unified
 332              		.code	16
 333              		.thumb_func
 335              	HAL_GetTickPrio:
 336              	.LFB47:
 296:Drivers/STM32F0xx_HAL_Driver/Src/stm32f0xx_hal.c **** 
 297:Drivers/STM32F0xx_HAL_Driver/Src/stm32f0xx_hal.c **** /**
 298:Drivers/STM32F0xx_HAL_Driver/Src/stm32f0xx_hal.c ****   * @brief This function returns a tick priority.
 299:Drivers/STM32F0xx_HAL_Driver/Src/stm32f0xx_hal.c ****   * @retval tick priority
 300:Drivers/STM32F0xx_HAL_Driver/Src/stm32f0xx_hal.c ****   */
 301:Drivers/STM32F0xx_HAL_Driver/Src/stm32f0xx_hal.c **** uint32_t HAL_GetTickPrio(void)
 302:Drivers/STM32F0xx_HAL_Driver/Src/stm32f0xx_hal.c **** {
 337              		.loc 1 302 1 is_stmt 1 view -0
 338              		.cfi_startproc
 339              		@ args = 0, pretend = 0, frame = 0
 340              		@ frame_needed = 0, uses_anonymous_args = 0
 341              		@ link register save eliminated.
 303:Drivers/STM32F0xx_HAL_Driver/Src/stm32f0xx_hal.c ****   return uwTickPrio;
 342              		.loc 1 303 3 view .LVU63
 343              		.loc 1 303 10 is_stmt 0 view .LVU64
 344 0000 014B     		ldr	r3, .L24
 304:Drivers/STM32F0xx_HAL_Driver/Src/stm32f0xx_hal.c **** }
 345              		.loc 1 304 1 view .LVU65
 346              		@ sp needed
 303:Drivers/STM32F0xx_HAL_Driver/Src/stm32f0xx_hal.c ****   return uwTickPrio;
 347              		.loc 1 303 10 discriminator 1 view .LVU66
 348 0002 1868     		ldr	r0, [r3]
 349              		.loc 1 304 1 view .LVU67
 350 0004 7047     		bx	lr
 351              	.L25:
 352 0006 C046     		.align	2
 353              	.L24:
 354 0008 00000000 		.word	uwTickPrio
 355              		.cfi_endproc
 356              	.LFE47:
 358              		.section	.text.HAL_SetTickFreq,"ax",%progbits
ARM GAS  C:\Users\joshr\AppData\Local\Temp\ccde83pz.s 			page 13


 359              		.align	1
 360              		.p2align 2,,3
 361              		.global	HAL_SetTickFreq
 362              		.syntax unified
 363              		.code	16
 364              		.thumb_func
 366              	HAL_SetTickFreq:
 367              	.LVL12:
 368              	.LFB48:
 305:Drivers/STM32F0xx_HAL_Driver/Src/stm32f0xx_hal.c **** 
 306:Drivers/STM32F0xx_HAL_Driver/Src/stm32f0xx_hal.c **** /**
 307:Drivers/STM32F0xx_HAL_Driver/Src/stm32f0xx_hal.c ****   * @brief Set new tick Freq.
 308:Drivers/STM32F0xx_HAL_Driver/Src/stm32f0xx_hal.c ****   * @retval status
 309:Drivers/STM32F0xx_HAL_Driver/Src/stm32f0xx_hal.c ****   */
 310:Drivers/STM32F0xx_HAL_Driver/Src/stm32f0xx_hal.c **** HAL_StatusTypeDef HAL_SetTickFreq(HAL_TickFreqTypeDef Freq)
 311:Drivers/STM32F0xx_HAL_Driver/Src/stm32f0xx_hal.c **** {
 369              		.loc 1 311 1 is_stmt 1 view -0
 370              		.cfi_startproc
 371              		@ args = 0, pretend = 0, frame = 0
 372              		@ frame_needed = 0, uses_anonymous_args = 0
 312:Drivers/STM32F0xx_HAL_Driver/Src/stm32f0xx_hal.c ****   HAL_StatusTypeDef status  = HAL_OK;
 373              		.loc 1 312 3 view .LVU69
 313:Drivers/STM32F0xx_HAL_Driver/Src/stm32f0xx_hal.c ****   HAL_TickFreqTypeDef prevTickFreq;
 374              		.loc 1 313 3 view .LVU70
 314:Drivers/STM32F0xx_HAL_Driver/Src/stm32f0xx_hal.c **** 
 315:Drivers/STM32F0xx_HAL_Driver/Src/stm32f0xx_hal.c ****   assert_param(IS_TICKFREQ(Freq));
 375              		.loc 1 315 3 view .LVU71
 316:Drivers/STM32F0xx_HAL_Driver/Src/stm32f0xx_hal.c **** 
 317:Drivers/STM32F0xx_HAL_Driver/Src/stm32f0xx_hal.c ****   if (uwTickFreq != Freq)
 376              		.loc 1 317 3 view .LVU72
 311:Drivers/STM32F0xx_HAL_Driver/Src/stm32f0xx_hal.c ****   HAL_StatusTypeDef status  = HAL_OK;
 377              		.loc 1 311 1 is_stmt 0 view .LVU73
 378 0000 70B5     		push	{r4, r5, r6, lr}
 379              	.LCFI3:
 380              		.cfi_def_cfa_offset 16
 381              		.cfi_offset 4, -16
 382              		.cfi_offset 5, -12
 383              		.cfi_offset 6, -8
 384              		.cfi_offset 14, -4
 385              		.loc 1 317 18 view .LVU74
 386 0002 084C     		ldr	r4, .L32
 311:Drivers/STM32F0xx_HAL_Driver/Src/stm32f0xx_hal.c ****   HAL_StatusTypeDef status  = HAL_OK;
 387              		.loc 1 311 1 view .LVU75
 388 0004 0300     		movs	r3, r0
 389              		.loc 1 317 18 view .LVU76
 390 0006 2578     		ldrb	r5, [r4]
 312:Drivers/STM32F0xx_HAL_Driver/Src/stm32f0xx_hal.c ****   HAL_TickFreqTypeDef prevTickFreq;
 391              		.loc 1 312 21 view .LVU77
 392 0008 0020     		movs	r0, #0
 393              	.LVL13:
 394              		.loc 1 317 6 view .LVU78
 395 000a 9D42     		cmp	r5, r3
 396 000c 00D1     		bne	.L31
 397              	.LVL14:
 398              	.L27:
 318:Drivers/STM32F0xx_HAL_Driver/Src/stm32f0xx_hal.c ****   {
 319:Drivers/STM32F0xx_HAL_Driver/Src/stm32f0xx_hal.c ****     /* Back up uwTickFreq frequency */
ARM GAS  C:\Users\joshr\AppData\Local\Temp\ccde83pz.s 			page 14


 320:Drivers/STM32F0xx_HAL_Driver/Src/stm32f0xx_hal.c ****     prevTickFreq = uwTickFreq;
 321:Drivers/STM32F0xx_HAL_Driver/Src/stm32f0xx_hal.c **** 
 322:Drivers/STM32F0xx_HAL_Driver/Src/stm32f0xx_hal.c ****     /* Update uwTickFreq global variable used by HAL_InitTick() */
 323:Drivers/STM32F0xx_HAL_Driver/Src/stm32f0xx_hal.c ****     uwTickFreq = Freq;
 324:Drivers/STM32F0xx_HAL_Driver/Src/stm32f0xx_hal.c **** 
 325:Drivers/STM32F0xx_HAL_Driver/Src/stm32f0xx_hal.c ****     /* Apply the new tick Freq */
 326:Drivers/STM32F0xx_HAL_Driver/Src/stm32f0xx_hal.c ****     status = HAL_InitTick(uwTickPrio);
 327:Drivers/STM32F0xx_HAL_Driver/Src/stm32f0xx_hal.c **** 
 328:Drivers/STM32F0xx_HAL_Driver/Src/stm32f0xx_hal.c ****     if (status != HAL_OK)
 329:Drivers/STM32F0xx_HAL_Driver/Src/stm32f0xx_hal.c ****     {
 330:Drivers/STM32F0xx_HAL_Driver/Src/stm32f0xx_hal.c ****       /* Restore previous tick frequency */
 331:Drivers/STM32F0xx_HAL_Driver/Src/stm32f0xx_hal.c ****       uwTickFreq = prevTickFreq;
 332:Drivers/STM32F0xx_HAL_Driver/Src/stm32f0xx_hal.c ****     }
 333:Drivers/STM32F0xx_HAL_Driver/Src/stm32f0xx_hal.c ****   }
 334:Drivers/STM32F0xx_HAL_Driver/Src/stm32f0xx_hal.c **** 
 335:Drivers/STM32F0xx_HAL_Driver/Src/stm32f0xx_hal.c ****   return status;
 399              		.loc 1 335 3 is_stmt 1 view .LVU79
 336:Drivers/STM32F0xx_HAL_Driver/Src/stm32f0xx_hal.c **** }
 400              		.loc 1 336 1 is_stmt 0 view .LVU80
 401              		@ sp needed
 402 000e 70BD     		pop	{r4, r5, r6, pc}
 403              	.LVL15:
 404              	.L31:
 320:Drivers/STM32F0xx_HAL_Driver/Src/stm32f0xx_hal.c **** 
 405              		.loc 1 320 5 is_stmt 1 view .LVU81
 323:Drivers/STM32F0xx_HAL_Driver/Src/stm32f0xx_hal.c **** 
 406              		.loc 1 323 5 view .LVU82
 323:Drivers/STM32F0xx_HAL_Driver/Src/stm32f0xx_hal.c **** 
 407              		.loc 1 323 16 is_stmt 0 view .LVU83
 408 0010 2370     		strb	r3, [r4]
 326:Drivers/STM32F0xx_HAL_Driver/Src/stm32f0xx_hal.c **** 
 409              		.loc 1 326 5 is_stmt 1 view .LVU84
 326:Drivers/STM32F0xx_HAL_Driver/Src/stm32f0xx_hal.c **** 
 410              		.loc 1 326 14 is_stmt 0 view .LVU85
 411 0012 054B     		ldr	r3, .L32+4
 412 0014 1868     		ldr	r0, [r3]
 413 0016 FFF7FEFF 		bl	HAL_InitTick
 414              	.LVL16:
 328:Drivers/STM32F0xx_HAL_Driver/Src/stm32f0xx_hal.c ****     {
 415              		.loc 1 328 5 is_stmt 1 view .LVU86
 328:Drivers/STM32F0xx_HAL_Driver/Src/stm32f0xx_hal.c ****     {
 416              		.loc 1 328 8 is_stmt 0 view .LVU87
 417 001a 0028     		cmp	r0, #0
 418 001c F7D0     		beq	.L27
 331:Drivers/STM32F0xx_HAL_Driver/Src/stm32f0xx_hal.c ****     }
 419              		.loc 1 331 7 is_stmt 1 view .LVU88
 331:Drivers/STM32F0xx_HAL_Driver/Src/stm32f0xx_hal.c ****     }
 420              		.loc 1 331 18 is_stmt 0 view .LVU89
 421 001e 2570     		strb	r5, [r4]
 422 0020 F5E7     		b	.L27
 423              	.L33:
 424 0022 C046     		.align	2
 425              	.L32:
 426 0024 00000000 		.word	uwTickFreq
 427 0028 00000000 		.word	uwTickPrio
 428              		.cfi_endproc
 429              	.LFE48:
ARM GAS  C:\Users\joshr\AppData\Local\Temp\ccde83pz.s 			page 15


 431              		.section	.text.HAL_GetTickFreq,"ax",%progbits
 432              		.align	1
 433              		.p2align 2,,3
 434              		.global	HAL_GetTickFreq
 435              		.syntax unified
 436              		.code	16
 437              		.thumb_func
 439              	HAL_GetTickFreq:
 440              	.LFB49:
 337:Drivers/STM32F0xx_HAL_Driver/Src/stm32f0xx_hal.c **** 
 338:Drivers/STM32F0xx_HAL_Driver/Src/stm32f0xx_hal.c **** /**
 339:Drivers/STM32F0xx_HAL_Driver/Src/stm32f0xx_hal.c ****   * @brief return tick frequency.
 340:Drivers/STM32F0xx_HAL_Driver/Src/stm32f0xx_hal.c ****   * @retval Tick frequency.
 341:Drivers/STM32F0xx_HAL_Driver/Src/stm32f0xx_hal.c ****   *         Value of @ref HAL_TickFreqTypeDef.
 342:Drivers/STM32F0xx_HAL_Driver/Src/stm32f0xx_hal.c ****   */
 343:Drivers/STM32F0xx_HAL_Driver/Src/stm32f0xx_hal.c **** HAL_TickFreqTypeDef HAL_GetTickFreq(void)
 344:Drivers/STM32F0xx_HAL_Driver/Src/stm32f0xx_hal.c **** {
 441              		.loc 1 344 1 is_stmt 1 view -0
 442              		.cfi_startproc
 443              		@ args = 0, pretend = 0, frame = 0
 444              		@ frame_needed = 0, uses_anonymous_args = 0
 445              		@ link register save eliminated.
 345:Drivers/STM32F0xx_HAL_Driver/Src/stm32f0xx_hal.c ****   return uwTickFreq;
 446              		.loc 1 345 3 view .LVU91
 447              		.loc 1 345 10 is_stmt 0 view .LVU92
 448 0000 014B     		ldr	r3, .L35
 346:Drivers/STM32F0xx_HAL_Driver/Src/stm32f0xx_hal.c **** }
 449              		.loc 1 346 1 view .LVU93
 450              		@ sp needed
 345:Drivers/STM32F0xx_HAL_Driver/Src/stm32f0xx_hal.c ****   return uwTickFreq;
 451              		.loc 1 345 10 discriminator 1 view .LVU94
 452 0002 1878     		ldrb	r0, [r3]
 453              		.loc 1 346 1 view .LVU95
 454 0004 7047     		bx	lr
 455              	.L36:
 456 0006 C046     		.align	2
 457              	.L35:
 458 0008 00000000 		.word	uwTickFreq
 459              		.cfi_endproc
 460              	.LFE49:
 462              		.section	.text.HAL_Delay,"ax",%progbits
 463              		.align	1
 464              		.p2align 2,,3
 465              		.weak	HAL_Delay
 466              		.syntax unified
 467              		.code	16
 468              		.thumb_func
 470              	HAL_Delay:
 471              	.LVL17:
 472              	.LFB50:
 347:Drivers/STM32F0xx_HAL_Driver/Src/stm32f0xx_hal.c **** 
 348:Drivers/STM32F0xx_HAL_Driver/Src/stm32f0xx_hal.c **** /**
 349:Drivers/STM32F0xx_HAL_Driver/Src/stm32f0xx_hal.c ****   * @brief This function provides accurate delay (in milliseconds) based
 350:Drivers/STM32F0xx_HAL_Driver/Src/stm32f0xx_hal.c ****   *        on variable incremented.
 351:Drivers/STM32F0xx_HAL_Driver/Src/stm32f0xx_hal.c ****   * @note In the default implementation , SysTick timer is the source of time base.
 352:Drivers/STM32F0xx_HAL_Driver/Src/stm32f0xx_hal.c ****   *       It is used to generate interrupts at regular time intervals where uwTick
 353:Drivers/STM32F0xx_HAL_Driver/Src/stm32f0xx_hal.c ****   *       is incremented.
ARM GAS  C:\Users\joshr\AppData\Local\Temp\ccde83pz.s 			page 16


 354:Drivers/STM32F0xx_HAL_Driver/Src/stm32f0xx_hal.c ****   * @note ThiS function is declared as __weak to be overwritten in case of other
 355:Drivers/STM32F0xx_HAL_Driver/Src/stm32f0xx_hal.c ****   *       implementations in user file.
 356:Drivers/STM32F0xx_HAL_Driver/Src/stm32f0xx_hal.c ****   * @param Delay specifies the delay time length, in milliseconds.
 357:Drivers/STM32F0xx_HAL_Driver/Src/stm32f0xx_hal.c ****   * @retval None
 358:Drivers/STM32F0xx_HAL_Driver/Src/stm32f0xx_hal.c ****   */
 359:Drivers/STM32F0xx_HAL_Driver/Src/stm32f0xx_hal.c **** __weak void HAL_Delay(uint32_t Delay)
 360:Drivers/STM32F0xx_HAL_Driver/Src/stm32f0xx_hal.c **** {
 473              		.loc 1 360 1 is_stmt 1 view -0
 474              		.cfi_startproc
 475              		@ args = 0, pretend = 0, frame = 0
 476              		@ frame_needed = 0, uses_anonymous_args = 0
 361:Drivers/STM32F0xx_HAL_Driver/Src/stm32f0xx_hal.c ****   uint32_t tickstart = HAL_GetTick();
 477              		.loc 1 361 3 view .LVU97
 360:Drivers/STM32F0xx_HAL_Driver/Src/stm32f0xx_hal.c ****   uint32_t tickstart = HAL_GetTick();
 478              		.loc 1 360 1 is_stmt 0 view .LVU98
 479 0000 70B5     		push	{r4, r5, r6, lr}
 480              	.LCFI4:
 481              		.cfi_def_cfa_offset 16
 482              		.cfi_offset 4, -16
 483              		.cfi_offset 5, -12
 484              		.cfi_offset 6, -8
 485              		.cfi_offset 14, -4
 360:Drivers/STM32F0xx_HAL_Driver/Src/stm32f0xx_hal.c ****   uint32_t tickstart = HAL_GetTick();
 486              		.loc 1 360 1 view .LVU99
 487 0002 0400     		movs	r4, r0
 488              		.loc 1 361 24 view .LVU100
 489 0004 FFF7FEFF 		bl	HAL_GetTick
 490              	.LVL18:
 491              		.loc 1 361 24 view .LVU101
 492 0008 0500     		movs	r5, r0
 493              	.LVL19:
 362:Drivers/STM32F0xx_HAL_Driver/Src/stm32f0xx_hal.c ****   uint32_t wait = Delay;
 494              		.loc 1 362 3 is_stmt 1 view .LVU102
 363:Drivers/STM32F0xx_HAL_Driver/Src/stm32f0xx_hal.c ****   
 364:Drivers/STM32F0xx_HAL_Driver/Src/stm32f0xx_hal.c ****   /* Add a freq to guarantee minimum wait */
 365:Drivers/STM32F0xx_HAL_Driver/Src/stm32f0xx_hal.c ****   if (wait < HAL_MAX_DELAY)
 495              		.loc 1 365 3 view .LVU103
 496              		.loc 1 365 6 is_stmt 0 view .LVU104
 497 000a 631C     		adds	r3, r4, #1
 498 000c 02D0     		beq	.L39
 366:Drivers/STM32F0xx_HAL_Driver/Src/stm32f0xx_hal.c ****   {
 367:Drivers/STM32F0xx_HAL_Driver/Src/stm32f0xx_hal.c ****     wait += (uint32_t)(uwTickFreq);
 499              		.loc 1 367 5 is_stmt 1 view .LVU105
 500              		.loc 1 367 13 is_stmt 0 view .LVU106
 501 000e 044B     		ldr	r3, .L45
 502 0010 1B78     		ldrb	r3, [r3]
 503              		.loc 1 367 10 view .LVU107
 504 0012 E418     		adds	r4, r4, r3
 505              	.LVL20:
 506              	.L39:
 368:Drivers/STM32F0xx_HAL_Driver/Src/stm32f0xx_hal.c ****   }
 369:Drivers/STM32F0xx_HAL_Driver/Src/stm32f0xx_hal.c ****   
 370:Drivers/STM32F0xx_HAL_Driver/Src/stm32f0xx_hal.c ****   while((HAL_GetTick() - tickstart) < wait)
 371:Drivers/STM32F0xx_HAL_Driver/Src/stm32f0xx_hal.c ****   {
 372:Drivers/STM32F0xx_HAL_Driver/Src/stm32f0xx_hal.c ****   }
 507              		.loc 1 372 3 is_stmt 1 view .LVU108
 370:Drivers/STM32F0xx_HAL_Driver/Src/stm32f0xx_hal.c ****   {
ARM GAS  C:\Users\joshr\AppData\Local\Temp\ccde83pz.s 			page 17


 508              		.loc 1 370 37 discriminator 1 view .LVU109
 370:Drivers/STM32F0xx_HAL_Driver/Src/stm32f0xx_hal.c ****   {
 509              		.loc 1 370 10 is_stmt 0 discriminator 1 view .LVU110
 510 0014 FFF7FEFF 		bl	HAL_GetTick
 511              	.LVL21:
 370:Drivers/STM32F0xx_HAL_Driver/Src/stm32f0xx_hal.c ****   {
 512              		.loc 1 370 24 discriminator 1 view .LVU111
 513 0018 401B     		subs	r0, r0, r5
 370:Drivers/STM32F0xx_HAL_Driver/Src/stm32f0xx_hal.c ****   {
 514              		.loc 1 370 37 discriminator 1 view .LVU112
 515 001a A042     		cmp	r0, r4
 516 001c FAD3     		bcc	.L39
 373:Drivers/STM32F0xx_HAL_Driver/Src/stm32f0xx_hal.c **** }
 517              		.loc 1 373 1 view .LVU113
 518              		@ sp needed
 519              	.LVL22:
 520              	.LVL23:
 521              		.loc 1 373 1 view .LVU114
 522 001e 70BD     		pop	{r4, r5, r6, pc}
 523              	.L46:
 524              		.align	2
 525              	.L45:
 526 0020 00000000 		.word	uwTickFreq
 527              		.cfi_endproc
 528              	.LFE50:
 530              		.section	.text.HAL_SuspendTick,"ax",%progbits
 531              		.align	1
 532              		.p2align 2,,3
 533              		.weak	HAL_SuspendTick
 534              		.syntax unified
 535              		.code	16
 536              		.thumb_func
 538              	HAL_SuspendTick:
 539              	.LFB51:
 374:Drivers/STM32F0xx_HAL_Driver/Src/stm32f0xx_hal.c **** 
 375:Drivers/STM32F0xx_HAL_Driver/Src/stm32f0xx_hal.c **** /**
 376:Drivers/STM32F0xx_HAL_Driver/Src/stm32f0xx_hal.c ****   * @brief Suspend Tick increment.
 377:Drivers/STM32F0xx_HAL_Driver/Src/stm32f0xx_hal.c ****   * @note In the default implementation , SysTick timer is the source of time base. It is
 378:Drivers/STM32F0xx_HAL_Driver/Src/stm32f0xx_hal.c ****   *       used to generate interrupts at regular time intervals. Once HAL_SuspendTick()
 379:Drivers/STM32F0xx_HAL_Driver/Src/stm32f0xx_hal.c ****   *       is called, the the SysTick interrupt will be disabled and so Tick increment 
 380:Drivers/STM32F0xx_HAL_Driver/Src/stm32f0xx_hal.c ****   *       is suspended.
 381:Drivers/STM32F0xx_HAL_Driver/Src/stm32f0xx_hal.c ****   * @note This function is declared as __weak to be overwritten in case of other
 382:Drivers/STM32F0xx_HAL_Driver/Src/stm32f0xx_hal.c ****   *       implementations in user file.
 383:Drivers/STM32F0xx_HAL_Driver/Src/stm32f0xx_hal.c ****   * @retval None
 384:Drivers/STM32F0xx_HAL_Driver/Src/stm32f0xx_hal.c ****   */
 385:Drivers/STM32F0xx_HAL_Driver/Src/stm32f0xx_hal.c **** __weak void HAL_SuspendTick(void)
 386:Drivers/STM32F0xx_HAL_Driver/Src/stm32f0xx_hal.c **** 
 387:Drivers/STM32F0xx_HAL_Driver/Src/stm32f0xx_hal.c **** {
 540              		.loc 1 387 1 is_stmt 1 view -0
 541              		.cfi_startproc
 542              		@ args = 0, pretend = 0, frame = 0
 543              		@ frame_needed = 0, uses_anonymous_args = 0
 544              		@ link register save eliminated.
 388:Drivers/STM32F0xx_HAL_Driver/Src/stm32f0xx_hal.c ****   /* Disable SysTick Interrupt */
 389:Drivers/STM32F0xx_HAL_Driver/Src/stm32f0xx_hal.c ****   CLEAR_BIT(SysTick->CTRL,SysTick_CTRL_TICKINT_Msk);
 545              		.loc 1 389 3 view .LVU116
 546 0000 0221     		movs	r1, #2
ARM GAS  C:\Users\joshr\AppData\Local\Temp\ccde83pz.s 			page 18


 390:Drivers/STM32F0xx_HAL_Driver/Src/stm32f0xx_hal.c **** }
 547              		.loc 1 390 1 is_stmt 0 view .LVU117
 548              		@ sp needed
 389:Drivers/STM32F0xx_HAL_Driver/Src/stm32f0xx_hal.c **** }
 549              		.loc 1 389 3 view .LVU118
 550 0002 024A     		ldr	r2, .L48
 551 0004 1368     		ldr	r3, [r2]
 552 0006 8B43     		bics	r3, r1
 553 0008 1360     		str	r3, [r2]
 554              		.loc 1 390 1 view .LVU119
 555 000a 7047     		bx	lr
 556              	.L49:
 557              		.align	2
 558              	.L48:
 559 000c 10E000E0 		.word	-536813552
 560              		.cfi_endproc
 561              	.LFE51:
 563              		.section	.text.HAL_ResumeTick,"ax",%progbits
 564              		.align	1
 565              		.p2align 2,,3
 566              		.weak	HAL_ResumeTick
 567              		.syntax unified
 568              		.code	16
 569              		.thumb_func
 571              	HAL_ResumeTick:
 572              	.LFB52:
 391:Drivers/STM32F0xx_HAL_Driver/Src/stm32f0xx_hal.c **** 
 392:Drivers/STM32F0xx_HAL_Driver/Src/stm32f0xx_hal.c **** /**
 393:Drivers/STM32F0xx_HAL_Driver/Src/stm32f0xx_hal.c ****   * @brief Resume Tick increment.
 394:Drivers/STM32F0xx_HAL_Driver/Src/stm32f0xx_hal.c ****   * @note In the default implementation , SysTick timer is the source of time base. It is
 395:Drivers/STM32F0xx_HAL_Driver/Src/stm32f0xx_hal.c ****   *       used to generate interrupts at regular time intervals. Once HAL_ResumeTick()
 396:Drivers/STM32F0xx_HAL_Driver/Src/stm32f0xx_hal.c ****   *       is called, the the SysTick interrupt will be enabled and so Tick increment 
 397:Drivers/STM32F0xx_HAL_Driver/Src/stm32f0xx_hal.c ****   *       is resumed.
 398:Drivers/STM32F0xx_HAL_Driver/Src/stm32f0xx_hal.c ****   * @note This function is declared as __weak  to be overwritten  in case of other
 399:Drivers/STM32F0xx_HAL_Driver/Src/stm32f0xx_hal.c ****   *       implementations in user file.
 400:Drivers/STM32F0xx_HAL_Driver/Src/stm32f0xx_hal.c ****   * @retval None
 401:Drivers/STM32F0xx_HAL_Driver/Src/stm32f0xx_hal.c ****   */
 402:Drivers/STM32F0xx_HAL_Driver/Src/stm32f0xx_hal.c **** __weak void HAL_ResumeTick(void)
 403:Drivers/STM32F0xx_HAL_Driver/Src/stm32f0xx_hal.c **** {
 573              		.loc 1 403 1 is_stmt 1 view -0
 574              		.cfi_startproc
 575              		@ args = 0, pretend = 0, frame = 0
 576              		@ frame_needed = 0, uses_anonymous_args = 0
 577              		@ link register save eliminated.
 404:Drivers/STM32F0xx_HAL_Driver/Src/stm32f0xx_hal.c ****   /* Enable SysTick Interrupt */
 405:Drivers/STM32F0xx_HAL_Driver/Src/stm32f0xx_hal.c ****   SET_BIT(SysTick->CTRL,SysTick_CTRL_TICKINT_Msk);
 578              		.loc 1 405 3 view .LVU121
 579 0000 0221     		movs	r1, #2
 406:Drivers/STM32F0xx_HAL_Driver/Src/stm32f0xx_hal.c **** }
 580              		.loc 1 406 1 is_stmt 0 view .LVU122
 581              		@ sp needed
 405:Drivers/STM32F0xx_HAL_Driver/Src/stm32f0xx_hal.c **** }
 582              		.loc 1 405 3 view .LVU123
 583 0002 024A     		ldr	r2, .L51
 584 0004 1368     		ldr	r3, [r2]
 585 0006 0B43     		orrs	r3, r1
 586 0008 1360     		str	r3, [r2]
ARM GAS  C:\Users\joshr\AppData\Local\Temp\ccde83pz.s 			page 19


 587              		.loc 1 406 1 view .LVU124
 588 000a 7047     		bx	lr
 589              	.L52:
 590              		.align	2
 591              	.L51:
 592 000c 10E000E0 		.word	-536813552
 593              		.cfi_endproc
 594              	.LFE52:
 596              		.section	.text.HAL_GetHalVersion,"ax",%progbits
 597              		.align	1
 598              		.p2align 2,,3
 599              		.global	HAL_GetHalVersion
 600              		.syntax unified
 601              		.code	16
 602              		.thumb_func
 604              	HAL_GetHalVersion:
 605              	.LFB53:
 407:Drivers/STM32F0xx_HAL_Driver/Src/stm32f0xx_hal.c **** 
 408:Drivers/STM32F0xx_HAL_Driver/Src/stm32f0xx_hal.c **** /**
 409:Drivers/STM32F0xx_HAL_Driver/Src/stm32f0xx_hal.c ****   * @brief  This method returns the HAL revision
 410:Drivers/STM32F0xx_HAL_Driver/Src/stm32f0xx_hal.c ****   * @retval version 0xXYZR (8bits for each decimal, R for RC)
 411:Drivers/STM32F0xx_HAL_Driver/Src/stm32f0xx_hal.c ****   */
 412:Drivers/STM32F0xx_HAL_Driver/Src/stm32f0xx_hal.c **** uint32_t HAL_GetHalVersion(void)
 413:Drivers/STM32F0xx_HAL_Driver/Src/stm32f0xx_hal.c **** {
 606              		.loc 1 413 1 is_stmt 1 view -0
 607              		.cfi_startproc
 608              		@ args = 0, pretend = 0, frame = 0
 609              		@ frame_needed = 0, uses_anonymous_args = 0
 610              		@ link register save eliminated.
 414:Drivers/STM32F0xx_HAL_Driver/Src/stm32f0xx_hal.c ****  return __STM32F0xx_HAL_VERSION;
 611              		.loc 1 414 2 view .LVU126
 415:Drivers/STM32F0xx_HAL_Driver/Src/stm32f0xx_hal.c **** }
 612              		.loc 1 415 1 is_stmt 0 view .LVU127
 613 0000 0048     		ldr	r0, .L54
 614              		@ sp needed
 615 0002 7047     		bx	lr
 616              	.L55:
 617              		.align	2
 618              	.L54:
 619 0004 00080701 		.word	17238016
 620              		.cfi_endproc
 621              	.LFE53:
 623              		.section	.text.HAL_GetREVID,"ax",%progbits
 624              		.align	1
 625              		.p2align 2,,3
 626              		.global	HAL_GetREVID
 627              		.syntax unified
 628              		.code	16
 629              		.thumb_func
 631              	HAL_GetREVID:
 632              	.LFB54:
 416:Drivers/STM32F0xx_HAL_Driver/Src/stm32f0xx_hal.c **** 
 417:Drivers/STM32F0xx_HAL_Driver/Src/stm32f0xx_hal.c **** /**
 418:Drivers/STM32F0xx_HAL_Driver/Src/stm32f0xx_hal.c ****   * @brief  Returns the device revision identifier.
 419:Drivers/STM32F0xx_HAL_Driver/Src/stm32f0xx_hal.c ****   * @retval Device revision identifier
 420:Drivers/STM32F0xx_HAL_Driver/Src/stm32f0xx_hal.c ****   */
 421:Drivers/STM32F0xx_HAL_Driver/Src/stm32f0xx_hal.c **** uint32_t HAL_GetREVID(void)
ARM GAS  C:\Users\joshr\AppData\Local\Temp\ccde83pz.s 			page 20


 422:Drivers/STM32F0xx_HAL_Driver/Src/stm32f0xx_hal.c **** {
 633              		.loc 1 422 1 is_stmt 1 view -0
 634              		.cfi_startproc
 635              		@ args = 0, pretend = 0, frame = 0
 636              		@ frame_needed = 0, uses_anonymous_args = 0
 637              		@ link register save eliminated.
 423:Drivers/STM32F0xx_HAL_Driver/Src/stm32f0xx_hal.c ****    return((DBGMCU->IDCODE) >> 16U);
 638              		.loc 1 423 4 view .LVU129
 639              		.loc 1 423 18 is_stmt 0 view .LVU130
 640 0000 014B     		ldr	r3, .L57
 424:Drivers/STM32F0xx_HAL_Driver/Src/stm32f0xx_hal.c **** }
 641              		.loc 1 424 1 view .LVU131
 642              		@ sp needed
 423:Drivers/STM32F0xx_HAL_Driver/Src/stm32f0xx_hal.c ****    return((DBGMCU->IDCODE) >> 16U);
 643              		.loc 1 423 18 view .LVU132
 644 0002 1868     		ldr	r0, [r3]
 423:Drivers/STM32F0xx_HAL_Driver/Src/stm32f0xx_hal.c ****    return((DBGMCU->IDCODE) >> 16U);
 645              		.loc 1 423 28 view .LVU133
 646 0004 000C     		lsrs	r0, r0, #16
 647              		.loc 1 424 1 view .LVU134
 648 0006 7047     		bx	lr
 649              	.L58:
 650              		.align	2
 651              	.L57:
 652 0008 00580140 		.word	1073829888
 653              		.cfi_endproc
 654              	.LFE54:
 656              		.section	.text.HAL_GetDEVID,"ax",%progbits
 657              		.align	1
 658              		.p2align 2,,3
 659              		.global	HAL_GetDEVID
 660              		.syntax unified
 661              		.code	16
 662              		.thumb_func
 664              	HAL_GetDEVID:
 665              	.LFB55:
 425:Drivers/STM32F0xx_HAL_Driver/Src/stm32f0xx_hal.c **** 
 426:Drivers/STM32F0xx_HAL_Driver/Src/stm32f0xx_hal.c **** /**
 427:Drivers/STM32F0xx_HAL_Driver/Src/stm32f0xx_hal.c ****   * @brief  Returns the device identifier.
 428:Drivers/STM32F0xx_HAL_Driver/Src/stm32f0xx_hal.c ****   * @retval Device identifier
 429:Drivers/STM32F0xx_HAL_Driver/Src/stm32f0xx_hal.c ****   */
 430:Drivers/STM32F0xx_HAL_Driver/Src/stm32f0xx_hal.c **** uint32_t HAL_GetDEVID(void)
 431:Drivers/STM32F0xx_HAL_Driver/Src/stm32f0xx_hal.c **** {
 666              		.loc 1 431 1 is_stmt 1 view -0
 667              		.cfi_startproc
 668              		@ args = 0, pretend = 0, frame = 0
 669              		@ frame_needed = 0, uses_anonymous_args = 0
 670              		@ link register save eliminated.
 432:Drivers/STM32F0xx_HAL_Driver/Src/stm32f0xx_hal.c ****    return((DBGMCU->IDCODE) & IDCODE_DEVID_MASK);
 671              		.loc 1 432 4 view .LVU136
 672              		.loc 1 432 18 is_stmt 0 view .LVU137
 673 0000 024B     		ldr	r3, .L60
 433:Drivers/STM32F0xx_HAL_Driver/Src/stm32f0xx_hal.c **** }
 674              		.loc 1 433 1 view .LVU138
 675              		@ sp needed
 432:Drivers/STM32F0xx_HAL_Driver/Src/stm32f0xx_hal.c ****    return((DBGMCU->IDCODE) & IDCODE_DEVID_MASK);
 676              		.loc 1 432 18 view .LVU139
ARM GAS  C:\Users\joshr\AppData\Local\Temp\ccde83pz.s 			page 21


 677 0002 1868     		ldr	r0, [r3]
 432:Drivers/STM32F0xx_HAL_Driver/Src/stm32f0xx_hal.c ****    return((DBGMCU->IDCODE) & IDCODE_DEVID_MASK);
 678              		.loc 1 432 28 view .LVU140
 679 0004 0005     		lsls	r0, r0, #20
 680 0006 000D     		lsrs	r0, r0, #20
 681              		.loc 1 433 1 view .LVU141
 682 0008 7047     		bx	lr
 683              	.L61:
 684 000a C046     		.align	2
 685              	.L60:
 686 000c 00580140 		.word	1073829888
 687              		.cfi_endproc
 688              	.LFE55:
 690              		.section	.text.HAL_GetUIDw0,"ax",%progbits
 691              		.align	1
 692              		.p2align 2,,3
 693              		.global	HAL_GetUIDw0
 694              		.syntax unified
 695              		.code	16
 696              		.thumb_func
 698              	HAL_GetUIDw0:
 699              	.LFB56:
 434:Drivers/STM32F0xx_HAL_Driver/Src/stm32f0xx_hal.c **** 
 435:Drivers/STM32F0xx_HAL_Driver/Src/stm32f0xx_hal.c **** /**
 436:Drivers/STM32F0xx_HAL_Driver/Src/stm32f0xx_hal.c ****   * @brief  Returns first word of the unique device identifier (UID based on 96 bits)
 437:Drivers/STM32F0xx_HAL_Driver/Src/stm32f0xx_hal.c ****   * @retval Device identifier
 438:Drivers/STM32F0xx_HAL_Driver/Src/stm32f0xx_hal.c ****   */
 439:Drivers/STM32F0xx_HAL_Driver/Src/stm32f0xx_hal.c **** uint32_t HAL_GetUIDw0(void)
 440:Drivers/STM32F0xx_HAL_Driver/Src/stm32f0xx_hal.c **** {
 700              		.loc 1 440 1 is_stmt 1 view -0
 701              		.cfi_startproc
 702              		@ args = 0, pretend = 0, frame = 0
 703              		@ frame_needed = 0, uses_anonymous_args = 0
 704              		@ link register save eliminated.
 441:Drivers/STM32F0xx_HAL_Driver/Src/stm32f0xx_hal.c ****    return(READ_REG(*((uint32_t *)UID_BASE)));
 705              		.loc 1 441 4 view .LVU143
 706              		.loc 1 441 11 is_stmt 0 view .LVU144
 707 0000 014B     		ldr	r3, .L63
 442:Drivers/STM32F0xx_HAL_Driver/Src/stm32f0xx_hal.c **** }
 708              		.loc 1 442 1 view .LVU145
 709              		@ sp needed
 441:Drivers/STM32F0xx_HAL_Driver/Src/stm32f0xx_hal.c ****    return(READ_REG(*((uint32_t *)UID_BASE)));
 710              		.loc 1 441 11 discriminator 1 view .LVU146
 711 0002 1868     		ldr	r0, [r3]
 712              		.loc 1 442 1 view .LVU147
 713 0004 7047     		bx	lr
 714              	.L64:
 715 0006 C046     		.align	2
 716              	.L63:
 717 0008 ACF7FF1F 		.word	536868780
 718              		.cfi_endproc
 719              	.LFE56:
 721              		.section	.text.HAL_GetUIDw1,"ax",%progbits
 722              		.align	1
 723              		.p2align 2,,3
 724              		.global	HAL_GetUIDw1
 725              		.syntax unified
ARM GAS  C:\Users\joshr\AppData\Local\Temp\ccde83pz.s 			page 22


 726              		.code	16
 727              		.thumb_func
 729              	HAL_GetUIDw1:
 730              	.LFB57:
 443:Drivers/STM32F0xx_HAL_Driver/Src/stm32f0xx_hal.c **** 
 444:Drivers/STM32F0xx_HAL_Driver/Src/stm32f0xx_hal.c **** /**
 445:Drivers/STM32F0xx_HAL_Driver/Src/stm32f0xx_hal.c ****   * @brief  Returns second word of the unique device identifier (UID based on 96 bits)
 446:Drivers/STM32F0xx_HAL_Driver/Src/stm32f0xx_hal.c ****   * @retval Device identifier
 447:Drivers/STM32F0xx_HAL_Driver/Src/stm32f0xx_hal.c ****   */
 448:Drivers/STM32F0xx_HAL_Driver/Src/stm32f0xx_hal.c **** uint32_t HAL_GetUIDw1(void)
 449:Drivers/STM32F0xx_HAL_Driver/Src/stm32f0xx_hal.c **** {
 731              		.loc 1 449 1 is_stmt 1 view -0
 732              		.cfi_startproc
 733              		@ args = 0, pretend = 0, frame = 0
 734              		@ frame_needed = 0, uses_anonymous_args = 0
 735              		@ link register save eliminated.
 450:Drivers/STM32F0xx_HAL_Driver/Src/stm32f0xx_hal.c ****    return(READ_REG(*((uint32_t *)(UID_BASE + 4U))));
 736              		.loc 1 450 4 view .LVU149
 737              		.loc 1 450 11 is_stmt 0 view .LVU150
 738 0000 014B     		ldr	r3, .L66
 451:Drivers/STM32F0xx_HAL_Driver/Src/stm32f0xx_hal.c **** }
 739              		.loc 1 451 1 view .LVU151
 740              		@ sp needed
 450:Drivers/STM32F0xx_HAL_Driver/Src/stm32f0xx_hal.c ****    return(READ_REG(*((uint32_t *)(UID_BASE + 4U))));
 741              		.loc 1 450 11 discriminator 1 view .LVU152
 742 0002 1868     		ldr	r0, [r3]
 743              		.loc 1 451 1 view .LVU153
 744 0004 7047     		bx	lr
 745              	.L67:
 746 0006 C046     		.align	2
 747              	.L66:
 748 0008 B0F7FF1F 		.word	536868784
 749              		.cfi_endproc
 750              	.LFE57:
 752              		.section	.text.HAL_GetUIDw2,"ax",%progbits
 753              		.align	1
 754              		.p2align 2,,3
 755              		.global	HAL_GetUIDw2
 756              		.syntax unified
 757              		.code	16
 758              		.thumb_func
 760              	HAL_GetUIDw2:
 761              	.LFB58:
 452:Drivers/STM32F0xx_HAL_Driver/Src/stm32f0xx_hal.c **** 
 453:Drivers/STM32F0xx_HAL_Driver/Src/stm32f0xx_hal.c **** /**
 454:Drivers/STM32F0xx_HAL_Driver/Src/stm32f0xx_hal.c ****   * @brief  Returns third word of the unique device identifier (UID based on 96 bits)
 455:Drivers/STM32F0xx_HAL_Driver/Src/stm32f0xx_hal.c ****   * @retval Device identifier
 456:Drivers/STM32F0xx_HAL_Driver/Src/stm32f0xx_hal.c ****   */
 457:Drivers/STM32F0xx_HAL_Driver/Src/stm32f0xx_hal.c **** uint32_t HAL_GetUIDw2(void)
 458:Drivers/STM32F0xx_HAL_Driver/Src/stm32f0xx_hal.c **** {
 762              		.loc 1 458 1 is_stmt 1 view -0
 763              		.cfi_startproc
 764              		@ args = 0, pretend = 0, frame = 0
 765              		@ frame_needed = 0, uses_anonymous_args = 0
 766              		@ link register save eliminated.
 459:Drivers/STM32F0xx_HAL_Driver/Src/stm32f0xx_hal.c ****    return(READ_REG(*((uint32_t *)(UID_BASE + 8U))));
 767              		.loc 1 459 4 view .LVU155
ARM GAS  C:\Users\joshr\AppData\Local\Temp\ccde83pz.s 			page 23


 768              		.loc 1 459 11 is_stmt 0 view .LVU156
 769 0000 014B     		ldr	r3, .L69
 460:Drivers/STM32F0xx_HAL_Driver/Src/stm32f0xx_hal.c **** }
 770              		.loc 1 460 1 view .LVU157
 771              		@ sp needed
 459:Drivers/STM32F0xx_HAL_Driver/Src/stm32f0xx_hal.c ****    return(READ_REG(*((uint32_t *)(UID_BASE + 8U))));
 772              		.loc 1 459 11 discriminator 1 view .LVU158
 773 0002 1868     		ldr	r0, [r3]
 774              		.loc 1 460 1 view .LVU159
 775 0004 7047     		bx	lr
 776              	.L70:
 777 0006 C046     		.align	2
 778              	.L69:
 779 0008 B4F7FF1F 		.word	536868788
 780              		.cfi_endproc
 781              	.LFE58:
 783              		.section	.text.HAL_DBGMCU_EnableDBGStopMode,"ax",%progbits
 784              		.align	1
 785              		.p2align 2,,3
 786              		.global	HAL_DBGMCU_EnableDBGStopMode
 787              		.syntax unified
 788              		.code	16
 789              		.thumb_func
 791              	HAL_DBGMCU_EnableDBGStopMode:
 792              	.LFB59:
 461:Drivers/STM32F0xx_HAL_Driver/Src/stm32f0xx_hal.c **** 
 462:Drivers/STM32F0xx_HAL_Driver/Src/stm32f0xx_hal.c **** /**
 463:Drivers/STM32F0xx_HAL_Driver/Src/stm32f0xx_hal.c ****   * @brief  Enable the Debug Module during STOP mode
 464:Drivers/STM32F0xx_HAL_Driver/Src/stm32f0xx_hal.c ****   * @retval None
 465:Drivers/STM32F0xx_HAL_Driver/Src/stm32f0xx_hal.c ****   */
 466:Drivers/STM32F0xx_HAL_Driver/Src/stm32f0xx_hal.c **** void HAL_DBGMCU_EnableDBGStopMode(void)
 467:Drivers/STM32F0xx_HAL_Driver/Src/stm32f0xx_hal.c **** {
 793              		.loc 1 467 1 is_stmt 1 view -0
 794              		.cfi_startproc
 795              		@ args = 0, pretend = 0, frame = 0
 796              		@ frame_needed = 0, uses_anonymous_args = 0
 797              		@ link register save eliminated.
 468:Drivers/STM32F0xx_HAL_Driver/Src/stm32f0xx_hal.c ****   SET_BIT(DBGMCU->CR, DBGMCU_CR_DBG_STOP);
 798              		.loc 1 468 3 view .LVU161
 799 0000 0221     		movs	r1, #2
 469:Drivers/STM32F0xx_HAL_Driver/Src/stm32f0xx_hal.c **** }
 800              		.loc 1 469 1 is_stmt 0 view .LVU162
 801              		@ sp needed
 468:Drivers/STM32F0xx_HAL_Driver/Src/stm32f0xx_hal.c ****   SET_BIT(DBGMCU->CR, DBGMCU_CR_DBG_STOP);
 802              		.loc 1 468 3 view .LVU163
 803 0002 024A     		ldr	r2, .L72
 804 0004 5368     		ldr	r3, [r2, #4]
 805 0006 0B43     		orrs	r3, r1
 806 0008 5360     		str	r3, [r2, #4]
 807              		.loc 1 469 1 view .LVU164
 808 000a 7047     		bx	lr
 809              	.L73:
 810              		.align	2
 811              	.L72:
 812 000c 00580140 		.word	1073829888
 813              		.cfi_endproc
 814              	.LFE59:
ARM GAS  C:\Users\joshr\AppData\Local\Temp\ccde83pz.s 			page 24


 816              		.section	.text.HAL_DBGMCU_DisableDBGStopMode,"ax",%progbits
 817              		.align	1
 818              		.p2align 2,,3
 819              		.global	HAL_DBGMCU_DisableDBGStopMode
 820              		.syntax unified
 821              		.code	16
 822              		.thumb_func
 824              	HAL_DBGMCU_DisableDBGStopMode:
 825              	.LFB60:
 470:Drivers/STM32F0xx_HAL_Driver/Src/stm32f0xx_hal.c **** 
 471:Drivers/STM32F0xx_HAL_Driver/Src/stm32f0xx_hal.c **** /**
 472:Drivers/STM32F0xx_HAL_Driver/Src/stm32f0xx_hal.c ****   * @brief  Disable the Debug Module during STOP mode
 473:Drivers/STM32F0xx_HAL_Driver/Src/stm32f0xx_hal.c ****   * @retval None
 474:Drivers/STM32F0xx_HAL_Driver/Src/stm32f0xx_hal.c ****   */
 475:Drivers/STM32F0xx_HAL_Driver/Src/stm32f0xx_hal.c **** void HAL_DBGMCU_DisableDBGStopMode(void)
 476:Drivers/STM32F0xx_HAL_Driver/Src/stm32f0xx_hal.c **** {
 826              		.loc 1 476 1 is_stmt 1 view -0
 827              		.cfi_startproc
 828              		@ args = 0, pretend = 0, frame = 0
 829              		@ frame_needed = 0, uses_anonymous_args = 0
 830              		@ link register save eliminated.
 477:Drivers/STM32F0xx_HAL_Driver/Src/stm32f0xx_hal.c ****   CLEAR_BIT(DBGMCU->CR, DBGMCU_CR_DBG_STOP);
 831              		.loc 1 477 3 view .LVU166
 832 0000 0221     		movs	r1, #2
 478:Drivers/STM32F0xx_HAL_Driver/Src/stm32f0xx_hal.c **** }
 833              		.loc 1 478 1 is_stmt 0 view .LVU167
 834              		@ sp needed
 477:Drivers/STM32F0xx_HAL_Driver/Src/stm32f0xx_hal.c ****   CLEAR_BIT(DBGMCU->CR, DBGMCU_CR_DBG_STOP);
 835              		.loc 1 477 3 view .LVU168
 836 0002 024A     		ldr	r2, .L75
 837 0004 5368     		ldr	r3, [r2, #4]
 838 0006 8B43     		bics	r3, r1
 839 0008 5360     		str	r3, [r2, #4]
 840              		.loc 1 478 1 view .LVU169
 841 000a 7047     		bx	lr
 842              	.L76:
 843              		.align	2
 844              	.L75:
 845 000c 00580140 		.word	1073829888
 846              		.cfi_endproc
 847              	.LFE60:
 849              		.section	.text.HAL_DBGMCU_EnableDBGStandbyMode,"ax",%progbits
 850              		.align	1
 851              		.p2align 2,,3
 852              		.global	HAL_DBGMCU_EnableDBGStandbyMode
 853              		.syntax unified
 854              		.code	16
 855              		.thumb_func
 857              	HAL_DBGMCU_EnableDBGStandbyMode:
 858              	.LFB61:
 479:Drivers/STM32F0xx_HAL_Driver/Src/stm32f0xx_hal.c **** 
 480:Drivers/STM32F0xx_HAL_Driver/Src/stm32f0xx_hal.c **** /**
 481:Drivers/STM32F0xx_HAL_Driver/Src/stm32f0xx_hal.c ****   * @brief  Enable the Debug Module during STANDBY mode
 482:Drivers/STM32F0xx_HAL_Driver/Src/stm32f0xx_hal.c ****   * @retval None
 483:Drivers/STM32F0xx_HAL_Driver/Src/stm32f0xx_hal.c ****   */
 484:Drivers/STM32F0xx_HAL_Driver/Src/stm32f0xx_hal.c **** void HAL_DBGMCU_EnableDBGStandbyMode(void)
 485:Drivers/STM32F0xx_HAL_Driver/Src/stm32f0xx_hal.c **** {
ARM GAS  C:\Users\joshr\AppData\Local\Temp\ccde83pz.s 			page 25


 859              		.loc 1 485 1 is_stmt 1 view -0
 860              		.cfi_startproc
 861              		@ args = 0, pretend = 0, frame = 0
 862              		@ frame_needed = 0, uses_anonymous_args = 0
 863              		@ link register save eliminated.
 486:Drivers/STM32F0xx_HAL_Driver/Src/stm32f0xx_hal.c ****   SET_BIT(DBGMCU->CR, DBGMCU_CR_DBG_STANDBY);
 864              		.loc 1 486 3 view .LVU171
 865 0000 0421     		movs	r1, #4
 487:Drivers/STM32F0xx_HAL_Driver/Src/stm32f0xx_hal.c **** }
 866              		.loc 1 487 1 is_stmt 0 view .LVU172
 867              		@ sp needed
 486:Drivers/STM32F0xx_HAL_Driver/Src/stm32f0xx_hal.c ****   SET_BIT(DBGMCU->CR, DBGMCU_CR_DBG_STANDBY);
 868              		.loc 1 486 3 view .LVU173
 869 0002 024A     		ldr	r2, .L78
 870 0004 5368     		ldr	r3, [r2, #4]
 871 0006 0B43     		orrs	r3, r1
 872 0008 5360     		str	r3, [r2, #4]
 873              		.loc 1 487 1 view .LVU174
 874 000a 7047     		bx	lr
 875              	.L79:
 876              		.align	2
 877              	.L78:
 878 000c 00580140 		.word	1073829888
 879              		.cfi_endproc
 880              	.LFE61:
 882              		.section	.text.HAL_DBGMCU_DisableDBGStandbyMode,"ax",%progbits
 883              		.align	1
 884              		.p2align 2,,3
 885              		.global	HAL_DBGMCU_DisableDBGStandbyMode
 886              		.syntax unified
 887              		.code	16
 888              		.thumb_func
 890              	HAL_DBGMCU_DisableDBGStandbyMode:
 891              	.LFB62:
 488:Drivers/STM32F0xx_HAL_Driver/Src/stm32f0xx_hal.c **** 
 489:Drivers/STM32F0xx_HAL_Driver/Src/stm32f0xx_hal.c **** /**
 490:Drivers/STM32F0xx_HAL_Driver/Src/stm32f0xx_hal.c ****   * @brief  Disable the Debug Module during STANDBY mode
 491:Drivers/STM32F0xx_HAL_Driver/Src/stm32f0xx_hal.c ****   * @retval None
 492:Drivers/STM32F0xx_HAL_Driver/Src/stm32f0xx_hal.c ****   */
 493:Drivers/STM32F0xx_HAL_Driver/Src/stm32f0xx_hal.c **** void HAL_DBGMCU_DisableDBGStandbyMode(void)
 494:Drivers/STM32F0xx_HAL_Driver/Src/stm32f0xx_hal.c **** {
 892              		.loc 1 494 1 is_stmt 1 view -0
 893              		.cfi_startproc
 894              		@ args = 0, pretend = 0, frame = 0
 895              		@ frame_needed = 0, uses_anonymous_args = 0
 896              		@ link register save eliminated.
 495:Drivers/STM32F0xx_HAL_Driver/Src/stm32f0xx_hal.c ****   CLEAR_BIT(DBGMCU->CR, DBGMCU_CR_DBG_STANDBY);
 897              		.loc 1 495 3 view .LVU176
 898 0000 0421     		movs	r1, #4
 496:Drivers/STM32F0xx_HAL_Driver/Src/stm32f0xx_hal.c **** }
 899              		.loc 1 496 1 is_stmt 0 view .LVU177
 900              		@ sp needed
 495:Drivers/STM32F0xx_HAL_Driver/Src/stm32f0xx_hal.c ****   CLEAR_BIT(DBGMCU->CR, DBGMCU_CR_DBG_STANDBY);
 901              		.loc 1 495 3 view .LVU178
 902 0002 024A     		ldr	r2, .L81
 903 0004 5368     		ldr	r3, [r2, #4]
 904 0006 8B43     		bics	r3, r1
ARM GAS  C:\Users\joshr\AppData\Local\Temp\ccde83pz.s 			page 26


 905 0008 5360     		str	r3, [r2, #4]
 906              		.loc 1 496 1 view .LVU179
 907 000a 7047     		bx	lr
 908              	.L82:
 909              		.align	2
 910              	.L81:
 911 000c 00580140 		.word	1073829888
 912              		.cfi_endproc
 913              	.LFE62:
 915              		.global	uwTickFreq
 916              		.section	.data.uwTickFreq,"aw"
 919              	uwTickFreq:
 920 0000 01       		.byte	1
 921              		.global	uwTickPrio
 922              		.section	.data.uwTickPrio,"aw"
 923              		.align	2
 926              	uwTickPrio:
 927 0000 04000000 		.word	4
 928              		.global	uwTick
 929              		.section	.bss.uwTick,"aw",%nobits
 930              		.align	2
 933              	uwTick:
 934 0000 00000000 		.space	4
 935              		.text
 936              	.Letext0:
 937              		.file 2 "Drivers/CMSIS/Device/ST/STM32F0xx/Include/stm32f051x8.h"
 938              		.file 3 "C:\\ST\\STM32CubeIDE_1.19.0\\STM32CubeIDE\\plugins\\com.st.stm32cube.ide.mcu.externaltool
 939              		.file 4 "C:\\ST\\STM32CubeIDE_1.19.0\\STM32CubeIDE\\plugins\\com.st.stm32cube.ide.mcu.externaltool
 940              		.file 5 "Drivers/CMSIS/Include/core_cm0.h"
 941              		.file 6 "Drivers/STM32F0xx_HAL_Driver/Inc/stm32f0xx_hal_def.h"
 942              		.file 7 "Drivers/STM32F0xx_HAL_Driver/Inc/stm32f0xx_hal.h"
 943              		.file 8 "Drivers/CMSIS/Device/ST/STM32F0xx/Include/system_stm32f0xx.h"
 944              		.file 9 "Drivers/STM32F0xx_HAL_Driver/Inc/stm32f0xx_hal_cortex.h"
ARM GAS  C:\Users\joshr\AppData\Local\Temp\ccde83pz.s 			page 27


DEFINED SYMBOLS
                            *ABS*:00000000 stm32f0xx_hal.c
C:\Users\joshr\AppData\Local\Temp\ccde83pz.s:19     .text.HAL_MspInit:00000000 $t
C:\Users\joshr\AppData\Local\Temp\ccde83pz.s:26     .text.HAL_MspInit:00000000 HAL_MspInit
C:\Users\joshr\AppData\Local\Temp\ccde83pz.s:40     .text.HAL_MspDeInit:00000000 $t
C:\Users\joshr\AppData\Local\Temp\ccde83pz.s:47     .text.HAL_MspDeInit:00000000 HAL_MspDeInit
C:\Users\joshr\AppData\Local\Temp\ccde83pz.s:60     .text.HAL_DeInit:00000000 $t
C:\Users\joshr\AppData\Local\Temp\ccde83pz.s:67     .text.HAL_DeInit:00000000 HAL_DeInit
C:\Users\joshr\AppData\Local\Temp\ccde83pz.s:108    .text.HAL_DeInit:00000020 $d
C:\Users\joshr\AppData\Local\Temp\ccde83pz.s:115    .text.HAL_InitTick:00000000 $t
C:\Users\joshr\AppData\Local\Temp\ccde83pz.s:122    .text.HAL_InitTick:00000000 HAL_InitTick
C:\Users\joshr\AppData\Local\Temp\ccde83pz.s:205    .text.HAL_InitTick:00000040 $d
C:\Users\joshr\AppData\Local\Temp\ccde83pz.s:919    .data.uwTickFreq:00000000 uwTickFreq
C:\Users\joshr\AppData\Local\Temp\ccde83pz.s:926    .data.uwTickPrio:00000000 uwTickPrio
C:\Users\joshr\AppData\Local\Temp\ccde83pz.s:212    .text.HAL_Init:00000000 $t
C:\Users\joshr\AppData\Local\Temp\ccde83pz.s:219    .text.HAL_Init:00000000 HAL_Init
C:\Users\joshr\AppData\Local\Temp\ccde83pz.s:256    .text.HAL_Init:0000001c $d
C:\Users\joshr\AppData\Local\Temp\ccde83pz.s:261    .text.HAL_IncTick:00000000 $t
C:\Users\joshr\AppData\Local\Temp\ccde83pz.s:268    .text.HAL_IncTick:00000000 HAL_IncTick
C:\Users\joshr\AppData\Local\Temp\ccde83pz.s:291    .text.HAL_IncTick:00000010 $d
C:\Users\joshr\AppData\Local\Temp\ccde83pz.s:933    .bss.uwTick:00000000 uwTick
C:\Users\joshr\AppData\Local\Temp\ccde83pz.s:297    .text.HAL_GetTick:00000000 $t
C:\Users\joshr\AppData\Local\Temp\ccde83pz.s:304    .text.HAL_GetTick:00000000 HAL_GetTick
C:\Users\joshr\AppData\Local\Temp\ccde83pz.s:323    .text.HAL_GetTick:00000008 $d
C:\Users\joshr\AppData\Local\Temp\ccde83pz.s:328    .text.HAL_GetTickPrio:00000000 $t
C:\Users\joshr\AppData\Local\Temp\ccde83pz.s:335    .text.HAL_GetTickPrio:00000000 HAL_GetTickPrio
C:\Users\joshr\AppData\Local\Temp\ccde83pz.s:354    .text.HAL_GetTickPrio:00000008 $d
C:\Users\joshr\AppData\Local\Temp\ccde83pz.s:359    .text.HAL_SetTickFreq:00000000 $t
C:\Users\joshr\AppData\Local\Temp\ccde83pz.s:366    .text.HAL_SetTickFreq:00000000 HAL_SetTickFreq
C:\Users\joshr\AppData\Local\Temp\ccde83pz.s:426    .text.HAL_SetTickFreq:00000024 $d
C:\Users\joshr\AppData\Local\Temp\ccde83pz.s:432    .text.HAL_GetTickFreq:00000000 $t
C:\Users\joshr\AppData\Local\Temp\ccde83pz.s:439    .text.HAL_GetTickFreq:00000000 HAL_GetTickFreq
C:\Users\joshr\AppData\Local\Temp\ccde83pz.s:458    .text.HAL_GetTickFreq:00000008 $d
C:\Users\joshr\AppData\Local\Temp\ccde83pz.s:463    .text.HAL_Delay:00000000 $t
C:\Users\joshr\AppData\Local\Temp\ccde83pz.s:470    .text.HAL_Delay:00000000 HAL_Delay
C:\Users\joshr\AppData\Local\Temp\ccde83pz.s:526    .text.HAL_Delay:00000020 $d
C:\Users\joshr\AppData\Local\Temp\ccde83pz.s:531    .text.HAL_SuspendTick:00000000 $t
C:\Users\joshr\AppData\Local\Temp\ccde83pz.s:538    .text.HAL_SuspendTick:00000000 HAL_SuspendTick
C:\Users\joshr\AppData\Local\Temp\ccde83pz.s:559    .text.HAL_SuspendTick:0000000c $d
C:\Users\joshr\AppData\Local\Temp\ccde83pz.s:564    .text.HAL_ResumeTick:00000000 $t
C:\Users\joshr\AppData\Local\Temp\ccde83pz.s:571    .text.HAL_ResumeTick:00000000 HAL_ResumeTick
C:\Users\joshr\AppData\Local\Temp\ccde83pz.s:592    .text.HAL_ResumeTick:0000000c $d
C:\Users\joshr\AppData\Local\Temp\ccde83pz.s:597    .text.HAL_GetHalVersion:00000000 $t
C:\Users\joshr\AppData\Local\Temp\ccde83pz.s:604    .text.HAL_GetHalVersion:00000000 HAL_GetHalVersion
C:\Users\joshr\AppData\Local\Temp\ccde83pz.s:619    .text.HAL_GetHalVersion:00000004 $d
C:\Users\joshr\AppData\Local\Temp\ccde83pz.s:624    .text.HAL_GetREVID:00000000 $t
C:\Users\joshr\AppData\Local\Temp\ccde83pz.s:631    .text.HAL_GetREVID:00000000 HAL_GetREVID
C:\Users\joshr\AppData\Local\Temp\ccde83pz.s:652    .text.HAL_GetREVID:00000008 $d
C:\Users\joshr\AppData\Local\Temp\ccde83pz.s:657    .text.HAL_GetDEVID:00000000 $t
C:\Users\joshr\AppData\Local\Temp\ccde83pz.s:664    .text.HAL_GetDEVID:00000000 HAL_GetDEVID
C:\Users\joshr\AppData\Local\Temp\ccde83pz.s:686    .text.HAL_GetDEVID:0000000c $d
C:\Users\joshr\AppData\Local\Temp\ccde83pz.s:691    .text.HAL_GetUIDw0:00000000 $t
C:\Users\joshr\AppData\Local\Temp\ccde83pz.s:698    .text.HAL_GetUIDw0:00000000 HAL_GetUIDw0
C:\Users\joshr\AppData\Local\Temp\ccde83pz.s:717    .text.HAL_GetUIDw0:00000008 $d
C:\Users\joshr\AppData\Local\Temp\ccde83pz.s:722    .text.HAL_GetUIDw1:00000000 $t
C:\Users\joshr\AppData\Local\Temp\ccde83pz.s:729    .text.HAL_GetUIDw1:00000000 HAL_GetUIDw1
C:\Users\joshr\AppData\Local\Temp\ccde83pz.s:748    .text.HAL_GetUIDw1:00000008 $d
ARM GAS  C:\Users\joshr\AppData\Local\Temp\ccde83pz.s 			page 28


C:\Users\joshr\AppData\Local\Temp\ccde83pz.s:753    .text.HAL_GetUIDw2:00000000 $t
C:\Users\joshr\AppData\Local\Temp\ccde83pz.s:760    .text.HAL_GetUIDw2:00000000 HAL_GetUIDw2
C:\Users\joshr\AppData\Local\Temp\ccde83pz.s:779    .text.HAL_GetUIDw2:00000008 $d
C:\Users\joshr\AppData\Local\Temp\ccde83pz.s:784    .text.HAL_DBGMCU_EnableDBGStopMode:00000000 $t
C:\Users\joshr\AppData\Local\Temp\ccde83pz.s:791    .text.HAL_DBGMCU_EnableDBGStopMode:00000000 HAL_DBGMCU_EnableDBGStopMode
C:\Users\joshr\AppData\Local\Temp\ccde83pz.s:812    .text.HAL_DBGMCU_EnableDBGStopMode:0000000c $d
C:\Users\joshr\AppData\Local\Temp\ccde83pz.s:817    .text.HAL_DBGMCU_DisableDBGStopMode:00000000 $t
C:\Users\joshr\AppData\Local\Temp\ccde83pz.s:824    .text.HAL_DBGMCU_DisableDBGStopMode:00000000 HAL_DBGMCU_DisableDBGStopMode
C:\Users\joshr\AppData\Local\Temp\ccde83pz.s:845    .text.HAL_DBGMCU_DisableDBGStopMode:0000000c $d
C:\Users\joshr\AppData\Local\Temp\ccde83pz.s:850    .text.HAL_DBGMCU_EnableDBGStandbyMode:00000000 $t
C:\Users\joshr\AppData\Local\Temp\ccde83pz.s:857    .text.HAL_DBGMCU_EnableDBGStandbyMode:00000000 HAL_DBGMCU_EnableDBGStandbyMode
C:\Users\joshr\AppData\Local\Temp\ccde83pz.s:878    .text.HAL_DBGMCU_EnableDBGStandbyMode:0000000c $d
C:\Users\joshr\AppData\Local\Temp\ccde83pz.s:883    .text.HAL_DBGMCU_DisableDBGStandbyMode:00000000 $t
C:\Users\joshr\AppData\Local\Temp\ccde83pz.s:890    .text.HAL_DBGMCU_DisableDBGStandbyMode:00000000 HAL_DBGMCU_DisableDBGStandbyMode
C:\Users\joshr\AppData\Local\Temp\ccde83pz.s:911    .text.HAL_DBGMCU_DisableDBGStandbyMode:0000000c $d
C:\Users\joshr\AppData\Local\Temp\ccde83pz.s:923    .data.uwTickPrio:00000000 $d
C:\Users\joshr\AppData\Local\Temp\ccde83pz.s:930    .bss.uwTick:00000000 $d

UNDEFINED SYMBOLS
__aeabi_uidiv
__aeabi_idiv
HAL_SYSTICK_Config
HAL_NVIC_SetPriority
SystemCoreClock
