ARM GAS  C:\Users\joshr\AppData\Local\Temp\ccbsfkIN.s 			page 1


   1              		.cpu cortex-m0
   2              		.arch armv6s-m
   3              		.fpu softvfp
   4              		.eabi_attribute 20, 1
   5              		.eabi_attribute 21, 1
   6              		.eabi_attribute 23, 3
   7              		.eabi_attribute 24, 1
   8              		.eabi_attribute 25, 1
   9              		.eabi_attribute 26, 1
  10              		.eabi_attribute 30, 2
  11              		.eabi_attribute 34, 0
  12              		.eabi_attribute 18, 4
  13              		.file	"stm32f0xx_it.c"
  14              		.text
  15              	.Ltext0:
  16              		.cfi_sections	.debug_frame
  17              		.file 1 "Core/Src/stm32f0xx_it.c"
  18              		.section	.text.NMI_Handler,"ax",%progbits
  19              		.align	1
  20              		.p2align 2,,3
  21              		.global	NMI_Handler
  22              		.syntax unified
  23              		.code	16
  24              		.thumb_func
  26              	NMI_Handler:
  27              	.LFB40:
   1:Core/Src/stm32f0xx_it.c **** /* USER CODE BEGIN Header */
   2:Core/Src/stm32f0xx_it.c **** /**
   3:Core/Src/stm32f0xx_it.c ****   ******************************************************************************
   4:Core/Src/stm32f0xx_it.c ****   * @file    stm32f0xx_it.c
   5:Core/Src/stm32f0xx_it.c ****   * @brief   Interrupt Service Routines.
   6:Core/Src/stm32f0xx_it.c ****   ******************************************************************************
   7:Core/Src/stm32f0xx_it.c ****   * @attention
   8:Core/Src/stm32f0xx_it.c ****   *
   9:Core/Src/stm32f0xx_it.c ****   * Copyright (c) 2025 STMicroelectronics.
  10:Core/Src/stm32f0xx_it.c ****   * All rights reserved.
  11:Core/Src/stm32f0xx_it.c ****   *
  12:Core/Src/stm32f0xx_it.c ****   * This software is licensed under terms that can be found in the LICENSE file
  13:Core/Src/stm32f0xx_it.c ****   * in the root directory of this software component.
  14:Core/Src/stm32f0xx_it.c ****   * If no LICENSE file comes with this software, it is provided AS-IS.
  15:Core/Src/stm32f0xx_it.c ****   *
  16:Core/Src/stm32f0xx_it.c ****   ******************************************************************************
  17:Core/Src/stm32f0xx_it.c ****   */
  18:Core/Src/stm32f0xx_it.c **** /* USER CODE END Header */
  19:Core/Src/stm32f0xx_it.c **** 
  20:Core/Src/stm32f0xx_it.c **** /* Includes ------------------------------------------------------------------*/
  21:Core/Src/stm32f0xx_it.c **** #include "main.h"
  22:Core/Src/stm32f0xx_it.c **** #include "stm32f0xx_it.h"
  23:Core/Src/stm32f0xx_it.c **** /* Private includes ----------------------------------------------------------*/
  24:Core/Src/stm32f0xx_it.c **** /* USER CODE BEGIN Includes */
  25:Core/Src/stm32f0xx_it.c **** /* USER CODE END Includes */
  26:Core/Src/stm32f0xx_it.c **** 
  27:Core/Src/stm32f0xx_it.c **** /* Private typedef -----------------------------------------------------------*/
  28:Core/Src/stm32f0xx_it.c **** /* USER CODE BEGIN TD */
  29:Core/Src/stm32f0xx_it.c **** 
  30:Core/Src/stm32f0xx_it.c **** /* USER CODE END TD */
  31:Core/Src/stm32f0xx_it.c **** 
ARM GAS  C:\Users\joshr\AppData\Local\Temp\ccbsfkIN.s 			page 2


  32:Core/Src/stm32f0xx_it.c **** /* Private define ------------------------------------------------------------*/
  33:Core/Src/stm32f0xx_it.c **** /* USER CODE BEGIN PD */
  34:Core/Src/stm32f0xx_it.c **** 
  35:Core/Src/stm32f0xx_it.c **** /* USER CODE END PD */
  36:Core/Src/stm32f0xx_it.c **** 
  37:Core/Src/stm32f0xx_it.c **** /* Private macro -------------------------------------------------------------*/
  38:Core/Src/stm32f0xx_it.c **** /* USER CODE BEGIN PM */
  39:Core/Src/stm32f0xx_it.c **** 
  40:Core/Src/stm32f0xx_it.c **** /* USER CODE END PM */
  41:Core/Src/stm32f0xx_it.c **** 
  42:Core/Src/stm32f0xx_it.c **** /* Private variables ---------------------------------------------------------*/
  43:Core/Src/stm32f0xx_it.c **** /* USER CODE BEGIN PV */
  44:Core/Src/stm32f0xx_it.c **** 
  45:Core/Src/stm32f0xx_it.c **** /* USER CODE END PV */
  46:Core/Src/stm32f0xx_it.c **** 
  47:Core/Src/stm32f0xx_it.c **** /* Private function prototypes -----------------------------------------------*/
  48:Core/Src/stm32f0xx_it.c **** /* USER CODE BEGIN PFP */
  49:Core/Src/stm32f0xx_it.c **** 
  50:Core/Src/stm32f0xx_it.c **** /* USER CODE END PFP */
  51:Core/Src/stm32f0xx_it.c **** 
  52:Core/Src/stm32f0xx_it.c **** /* Private user code ---------------------------------------------------------*/
  53:Core/Src/stm32f0xx_it.c **** /* USER CODE BEGIN 0 */
  54:Core/Src/stm32f0xx_it.c **** 
  55:Core/Src/stm32f0xx_it.c **** /* USER CODE END 0 */
  56:Core/Src/stm32f0xx_it.c **** 
  57:Core/Src/stm32f0xx_it.c **** /* External variables --------------------------------------------------------*/
  58:Core/Src/stm32f0xx_it.c **** 
  59:Core/Src/stm32f0xx_it.c **** /* USER CODE BEGIN EV */
  60:Core/Src/stm32f0xx_it.c **** 
  61:Core/Src/stm32f0xx_it.c **** /* USER CODE END EV */
  62:Core/Src/stm32f0xx_it.c **** 
  63:Core/Src/stm32f0xx_it.c **** /******************************************************************************/
  64:Core/Src/stm32f0xx_it.c **** /*           Cortex-M0 Processor Interruption and Exception Handlers          */
  65:Core/Src/stm32f0xx_it.c **** /******************************************************************************/
  66:Core/Src/stm32f0xx_it.c **** /**
  67:Core/Src/stm32f0xx_it.c ****   * @brief This function handles Non maskable interrupt.
  68:Core/Src/stm32f0xx_it.c ****   */
  69:Core/Src/stm32f0xx_it.c **** void NMI_Handler(void)
  70:Core/Src/stm32f0xx_it.c **** {
  28              		.loc 1 70 1 view -0
  29              		.cfi_startproc
  30              		@ Volatile: function does not return.
  31              		@ args = 0, pretend = 0, frame = 0
  32              		@ frame_needed = 0, uses_anonymous_args = 0
  33              		@ link register save eliminated.
  34              	.L2:
  71:Core/Src/stm32f0xx_it.c ****   /* USER CODE BEGIN NonMaskableInt_IRQn 0 */
  72:Core/Src/stm32f0xx_it.c **** 
  73:Core/Src/stm32f0xx_it.c ****   /* USER CODE END NonMaskableInt_IRQn 0 */
  74:Core/Src/stm32f0xx_it.c ****   /* USER CODE BEGIN NonMaskableInt_IRQn 1 */
  75:Core/Src/stm32f0xx_it.c ****    while (1)
  35              		.loc 1 75 4 view .LVU1
  76:Core/Src/stm32f0xx_it.c ****   {
  77:Core/Src/stm32f0xx_it.c ****   }
  36              		.loc 1 77 3 view .LVU2
  75:Core/Src/stm32f0xx_it.c ****   {
  37              		.loc 1 75 10 view .LVU3
ARM GAS  C:\Users\joshr\AppData\Local\Temp\ccbsfkIN.s 			page 3


  38 0000 FEE7     		b	.L2
  39              		.cfi_endproc
  40              	.LFE40:
  42 0002 C046     		.section	.text.HardFault_Handler,"ax",%progbits
  43              		.align	1
  44              		.p2align 2,,3
  45              		.global	HardFault_Handler
  46              		.syntax unified
  47              		.code	16
  48              		.thumb_func
  50              	HardFault_Handler:
  51              	.LFB41:
  78:Core/Src/stm32f0xx_it.c ****   /* USER CODE END NonMaskableInt_IRQn 1 */
  79:Core/Src/stm32f0xx_it.c **** }
  80:Core/Src/stm32f0xx_it.c **** 
  81:Core/Src/stm32f0xx_it.c **** /**
  82:Core/Src/stm32f0xx_it.c ****   * @brief This function handles Hard fault interrupt.
  83:Core/Src/stm32f0xx_it.c ****   */
  84:Core/Src/stm32f0xx_it.c **** void HardFault_Handler(void)
  85:Core/Src/stm32f0xx_it.c **** {
  52              		.loc 1 85 1 view -0
  53              		.cfi_startproc
  54              		@ Volatile: function does not return.
  55              		@ args = 0, pretend = 0, frame = 0
  56              		@ frame_needed = 0, uses_anonymous_args = 0
  57              		@ link register save eliminated.
  58              	.L5:
  86:Core/Src/stm32f0xx_it.c ****   /* USER CODE BEGIN HardFault_IRQn 0 */
  87:Core/Src/stm32f0xx_it.c **** 
  88:Core/Src/stm32f0xx_it.c ****   /* USER CODE END HardFault_IRQn 0 */
  89:Core/Src/stm32f0xx_it.c ****   while (1)
  59              		.loc 1 89 3 view .LVU5
  90:Core/Src/stm32f0xx_it.c ****   {
  91:Core/Src/stm32f0xx_it.c ****     /* USER CODE BEGIN W1_HardFault_IRQn 0 */
  92:Core/Src/stm32f0xx_it.c ****     /* USER CODE END W1_HardFault_IRQn 0 */
  93:Core/Src/stm32f0xx_it.c ****   }
  60              		.loc 1 93 3 view .LVU6
  89:Core/Src/stm32f0xx_it.c ****   {
  61              		.loc 1 89 9 view .LVU7
  62 0000 FEE7     		b	.L5
  63              		.cfi_endproc
  64              	.LFE41:
  66 0002 C046     		.section	.text.SVC_Handler,"ax",%progbits
  67              		.align	1
  68              		.p2align 2,,3
  69              		.global	SVC_Handler
  70              		.syntax unified
  71              		.code	16
  72              		.thumb_func
  74              	SVC_Handler:
  75              	.LFB42:
  94:Core/Src/stm32f0xx_it.c **** }
  95:Core/Src/stm32f0xx_it.c **** 
  96:Core/Src/stm32f0xx_it.c **** /**
  97:Core/Src/stm32f0xx_it.c ****   * @brief This function handles System service call via SWI instruction.
  98:Core/Src/stm32f0xx_it.c ****   */
  99:Core/Src/stm32f0xx_it.c **** void SVC_Handler(void)
ARM GAS  C:\Users\joshr\AppData\Local\Temp\ccbsfkIN.s 			page 4


 100:Core/Src/stm32f0xx_it.c **** {
  76              		.loc 1 100 1 view -0
  77              		.cfi_startproc
  78              		@ args = 0, pretend = 0, frame = 0
  79              		@ frame_needed = 0, uses_anonymous_args = 0
  80              		@ link register save eliminated.
 101:Core/Src/stm32f0xx_it.c ****   /* USER CODE BEGIN SVC_IRQn 0 */
 102:Core/Src/stm32f0xx_it.c **** 
 103:Core/Src/stm32f0xx_it.c ****   /* USER CODE END SVC_IRQn 0 */
 104:Core/Src/stm32f0xx_it.c ****   /* USER CODE BEGIN SVC_IRQn 1 */
 105:Core/Src/stm32f0xx_it.c **** 
 106:Core/Src/stm32f0xx_it.c ****   /* USER CODE END SVC_IRQn 1 */
 107:Core/Src/stm32f0xx_it.c **** }
  81              		.loc 1 107 1 view .LVU9
  82              		@ sp needed
  83 0000 7047     		bx	lr
  84              		.cfi_endproc
  85              	.LFE42:
  87 0002 C046     		.section	.text.PendSV_Handler,"ax",%progbits
  88              		.align	1
  89              		.p2align 2,,3
  90              		.global	PendSV_Handler
  91              		.syntax unified
  92              		.code	16
  93              		.thumb_func
  95              	PendSV_Handler:
  96              	.LFB46:
  97              		.cfi_startproc
 108:Core/Src/stm32f0xx_it.c **** 
 109:Core/Src/stm32f0xx_it.c **** /**
 110:Core/Src/stm32f0xx_it.c ****   * @brief This function handles Pendable request for system service.
 111:Core/Src/stm32f0xx_it.c ****   */
 112:Core/Src/stm32f0xx_it.c **** void PendSV_Handler(void)
  98              		.loc 1 112 6 view -0
  99              		@ args = 0, pretend = 0, frame = 0
 100              		@ frame_needed = 0, uses_anonymous_args = 0
 101              		@ link register save eliminated.
 102              		@ sp needed
 103 0000 7047     		bx	lr
 104              		.cfi_endproc
 105              	.LFE46:
 107 0002 C046     		.section	.text.SysTick_Handler,"ax",%progbits
 108              		.align	1
 109              		.p2align 2,,3
 110              		.global	SysTick_Handler
 111              		.syntax unified
 112              		.code	16
 113              		.thumb_func
 115              	SysTick_Handler:
 116              	.LFB44:
 113:Core/Src/stm32f0xx_it.c **** {
 114:Core/Src/stm32f0xx_it.c ****   /* USER CODE BEGIN PendSV_IRQn 0 */
 115:Core/Src/stm32f0xx_it.c **** 
 116:Core/Src/stm32f0xx_it.c ****   /* USER CODE END PendSV_IRQn 0 */
 117:Core/Src/stm32f0xx_it.c ****   /* USER CODE BEGIN PendSV_IRQn 1 */
 118:Core/Src/stm32f0xx_it.c **** 
 119:Core/Src/stm32f0xx_it.c ****   /* USER CODE END PendSV_IRQn 1 */
ARM GAS  C:\Users\joshr\AppData\Local\Temp\ccbsfkIN.s 			page 5


 120:Core/Src/stm32f0xx_it.c **** }
 121:Core/Src/stm32f0xx_it.c **** 
 122:Core/Src/stm32f0xx_it.c **** /**
 123:Core/Src/stm32f0xx_it.c ****   * @brief This function handles System tick timer.
 124:Core/Src/stm32f0xx_it.c ****   */
 125:Core/Src/stm32f0xx_it.c **** void SysTick_Handler(void)
 126:Core/Src/stm32f0xx_it.c **** {
 117              		.loc 1 126 1 view -0
 118              		.cfi_startproc
 119              		@ args = 0, pretend = 0, frame = 0
 120              		@ frame_needed = 0, uses_anonymous_args = 0
 127:Core/Src/stm32f0xx_it.c ****   /* USER CODE BEGIN SysTick_IRQn 0 */
 128:Core/Src/stm32f0xx_it.c **** 
 129:Core/Src/stm32f0xx_it.c ****   /* USER CODE END SysTick_IRQn 0 */
 130:Core/Src/stm32f0xx_it.c ****   HAL_IncTick();
 121              		.loc 1 130 3 view .LVU12
 126:Core/Src/stm32f0xx_it.c ****   /* USER CODE BEGIN SysTick_IRQn 0 */
 122              		.loc 1 126 1 is_stmt 0 view .LVU13
 123 0000 10B5     		push	{r4, lr}
 124              	.LCFI0:
 125              		.cfi_def_cfa_offset 8
 126              		.cfi_offset 4, -8
 127              		.cfi_offset 14, -4
 128              		.loc 1 130 3 view .LVU14
 129 0002 FFF7FEFF 		bl	HAL_IncTick
 130              	.LVL0:
 131:Core/Src/stm32f0xx_it.c ****   /* USER CODE BEGIN SysTick_IRQn 1 */
 132:Core/Src/stm32f0xx_it.c **** 
 133:Core/Src/stm32f0xx_it.c ****   /* USER CODE END SysTick_IRQn 1 */
 134:Core/Src/stm32f0xx_it.c **** }
 131              		.loc 1 134 1 view .LVU15
 132              		@ sp needed
 133 0006 10BD     		pop	{r4, pc}
 134              		.cfi_endproc
 135              	.LFE44:
 137              		.text
 138              	.Letext0:
 139              		.file 2 "Drivers/STM32F0xx_HAL_Driver/Inc/stm32f0xx_hal.h"
ARM GAS  C:\Users\joshr\AppData\Local\Temp\ccbsfkIN.s 			page 6


DEFINED SYMBOLS
                            *ABS*:00000000 stm32f0xx_it.c
C:\Users\joshr\AppData\Local\Temp\ccbsfkIN.s:19     .text.NMI_Handler:00000000 $t
C:\Users\joshr\AppData\Local\Temp\ccbsfkIN.s:26     .text.NMI_Handler:00000000 NMI_Handler
C:\Users\joshr\AppData\Local\Temp\ccbsfkIN.s:43     .text.HardFault_Handler:00000000 $t
C:\Users\joshr\AppData\Local\Temp\ccbsfkIN.s:50     .text.HardFault_Handler:00000000 HardFault_Handler
C:\Users\joshr\AppData\Local\Temp\ccbsfkIN.s:67     .text.SVC_Handler:00000000 $t
C:\Users\joshr\AppData\Local\Temp\ccbsfkIN.s:74     .text.SVC_Handler:00000000 SVC_Handler
C:\Users\joshr\AppData\Local\Temp\ccbsfkIN.s:88     .text.PendSV_Handler:00000000 $t
C:\Users\joshr\AppData\Local\Temp\ccbsfkIN.s:95     .text.PendSV_Handler:00000000 PendSV_Handler
C:\Users\joshr\AppData\Local\Temp\ccbsfkIN.s:108    .text.SysTick_Handler:00000000 $t
C:\Users\joshr\AppData\Local\Temp\ccbsfkIN.s:115    .text.SysTick_Handler:00000000 SysTick_Handler

UNDEFINED SYMBOLS
HAL_IncTick
