ARM GAS  C:\Users\joshr\AppData\Local\Temp\cczoj394.s 			page 1


   1              		.cpu cortex-m0
   2              		.arch armv6s-m
   3              		.fpu softvfp
   4              		.eabi_attribute 20, 1
   5              		.eabi_attribute 21, 1
   6              		.eabi_attribute 23, 3
   7              		.eabi_attribute 24, 1
   8              		.eabi_attribute 25, 1
   9              		.eabi_attribute 26, 1
  10              		.eabi_attribute 30, 2
  11              		.eabi_attribute 34, 0
  12              		.eabi_attribute 18, 4
  13              		.file	"stm32f0xx_hal_i2c_ex.c"
  14              		.text
  15              	.Ltext0:
  16              		.cfi_sections	.debug_frame
  17              		.file 1 "Drivers/STM32F0xx_HAL_Driver/Src/stm32f0xx_hal_i2c_ex.c"
  18              		.section	.text.HAL_I2CEx_ConfigAnalogFilter,"ax",%progbits
  19              		.align	1
  20              		.p2align 2,,3
  21              		.global	HAL_I2CEx_ConfigAnalogFilter
  22              		.syntax unified
  23              		.code	16
  24              		.thumb_func
  26              	HAL_I2CEx_ConfigAnalogFilter:
  27              	.LVL0:
  28              	.LFB40:
   1:Drivers/STM32F0xx_HAL_Driver/Src/stm32f0xx_hal_i2c_ex.c **** /**
   2:Drivers/STM32F0xx_HAL_Driver/Src/stm32f0xx_hal_i2c_ex.c ****   ******************************************************************************
   3:Drivers/STM32F0xx_HAL_Driver/Src/stm32f0xx_hal_i2c_ex.c ****   * @file    stm32f0xx_hal_i2c_ex.c
   4:Drivers/STM32F0xx_HAL_Driver/Src/stm32f0xx_hal_i2c_ex.c ****   * @author  MCD Application Team
   5:Drivers/STM32F0xx_HAL_Driver/Src/stm32f0xx_hal_i2c_ex.c ****   * @brief   I2C Extended HAL module driver.
   6:Drivers/STM32F0xx_HAL_Driver/Src/stm32f0xx_hal_i2c_ex.c ****   *          This file provides firmware functions to manage the following
   7:Drivers/STM32F0xx_HAL_Driver/Src/stm32f0xx_hal_i2c_ex.c ****   *          functionalities of I2C Extended peripheral:
   8:Drivers/STM32F0xx_HAL_Driver/Src/stm32f0xx_hal_i2c_ex.c ****   *           + Filter Mode Functions
   9:Drivers/STM32F0xx_HAL_Driver/Src/stm32f0xx_hal_i2c_ex.c ****   *           + WakeUp Mode Functions
  10:Drivers/STM32F0xx_HAL_Driver/Src/stm32f0xx_hal_i2c_ex.c ****   *           + FastModePlus Functions
  11:Drivers/STM32F0xx_HAL_Driver/Src/stm32f0xx_hal_i2c_ex.c ****   *
  12:Drivers/STM32F0xx_HAL_Driver/Src/stm32f0xx_hal_i2c_ex.c ****   ******************************************************************************
  13:Drivers/STM32F0xx_HAL_Driver/Src/stm32f0xx_hal_i2c_ex.c ****   * @attention
  14:Drivers/STM32F0xx_HAL_Driver/Src/stm32f0xx_hal_i2c_ex.c ****   *
  15:Drivers/STM32F0xx_HAL_Driver/Src/stm32f0xx_hal_i2c_ex.c ****   * Copyright (c) 2016 STMicroelectronics.
  16:Drivers/STM32F0xx_HAL_Driver/Src/stm32f0xx_hal_i2c_ex.c ****   * All rights reserved.
  17:Drivers/STM32F0xx_HAL_Driver/Src/stm32f0xx_hal_i2c_ex.c ****   *
  18:Drivers/STM32F0xx_HAL_Driver/Src/stm32f0xx_hal_i2c_ex.c ****   * This software is licensed under terms that can be found in the LICENSE file
  19:Drivers/STM32F0xx_HAL_Driver/Src/stm32f0xx_hal_i2c_ex.c ****   * in the root directory of this software component.
  20:Drivers/STM32F0xx_HAL_Driver/Src/stm32f0xx_hal_i2c_ex.c ****   * If no LICENSE file comes with this software, it is provided AS-IS.
  21:Drivers/STM32F0xx_HAL_Driver/Src/stm32f0xx_hal_i2c_ex.c ****   *
  22:Drivers/STM32F0xx_HAL_Driver/Src/stm32f0xx_hal_i2c_ex.c ****   ******************************************************************************
  23:Drivers/STM32F0xx_HAL_Driver/Src/stm32f0xx_hal_i2c_ex.c ****   @verbatim
  24:Drivers/STM32F0xx_HAL_Driver/Src/stm32f0xx_hal_i2c_ex.c ****   ==============================================================================
  25:Drivers/STM32F0xx_HAL_Driver/Src/stm32f0xx_hal_i2c_ex.c ****                ##### I2C peripheral Extended features  #####
  26:Drivers/STM32F0xx_HAL_Driver/Src/stm32f0xx_hal_i2c_ex.c ****   ==============================================================================
  27:Drivers/STM32F0xx_HAL_Driver/Src/stm32f0xx_hal_i2c_ex.c **** 
  28:Drivers/STM32F0xx_HAL_Driver/Src/stm32f0xx_hal_i2c_ex.c ****   [..] Comparing to other previous devices, the I2C interface for STM32F0xx
  29:Drivers/STM32F0xx_HAL_Driver/Src/stm32f0xx_hal_i2c_ex.c ****        devices contains the following additional features
  30:Drivers/STM32F0xx_HAL_Driver/Src/stm32f0xx_hal_i2c_ex.c **** 
ARM GAS  C:\Users\joshr\AppData\Local\Temp\cczoj394.s 			page 2


  31:Drivers/STM32F0xx_HAL_Driver/Src/stm32f0xx_hal_i2c_ex.c ****        (+) Possibility to disable or enable Analog Noise Filter
  32:Drivers/STM32F0xx_HAL_Driver/Src/stm32f0xx_hal_i2c_ex.c ****        (+) Use of a configured Digital Noise Filter
  33:Drivers/STM32F0xx_HAL_Driver/Src/stm32f0xx_hal_i2c_ex.c ****        (+) Disable or enable wakeup from Stop mode(s)
  34:Drivers/STM32F0xx_HAL_Driver/Src/stm32f0xx_hal_i2c_ex.c ****        (+) Disable or enable Fast Mode Plus
  35:Drivers/STM32F0xx_HAL_Driver/Src/stm32f0xx_hal_i2c_ex.c **** 
  36:Drivers/STM32F0xx_HAL_Driver/Src/stm32f0xx_hal_i2c_ex.c ****                      ##### How to use this driver #####
  37:Drivers/STM32F0xx_HAL_Driver/Src/stm32f0xx_hal_i2c_ex.c ****   ==============================================================================
  38:Drivers/STM32F0xx_HAL_Driver/Src/stm32f0xx_hal_i2c_ex.c ****   [..] This driver provides functions to configure Noise Filter and Wake Up Feature
  39:Drivers/STM32F0xx_HAL_Driver/Src/stm32f0xx_hal_i2c_ex.c ****     (#) Configure I2C Analog noise filter using the function HAL_I2CEx_ConfigAnalogFilter()
  40:Drivers/STM32F0xx_HAL_Driver/Src/stm32f0xx_hal_i2c_ex.c ****     (#) Configure I2C Digital noise filter using the function HAL_I2CEx_ConfigDigitalFilter()
  41:Drivers/STM32F0xx_HAL_Driver/Src/stm32f0xx_hal_i2c_ex.c ****     (#) Configure the enable or disable of I2C Wake Up Mode using the functions :
  42:Drivers/STM32F0xx_HAL_Driver/Src/stm32f0xx_hal_i2c_ex.c ****           (++) HAL_I2CEx_EnableWakeUp()
  43:Drivers/STM32F0xx_HAL_Driver/Src/stm32f0xx_hal_i2c_ex.c ****           (++) HAL_I2CEx_DisableWakeUp()
  44:Drivers/STM32F0xx_HAL_Driver/Src/stm32f0xx_hal_i2c_ex.c ****     (#) Configure the enable or disable of fast mode plus driving capability using the functions :
  45:Drivers/STM32F0xx_HAL_Driver/Src/stm32f0xx_hal_i2c_ex.c ****           (++) HAL_I2CEx_EnableFastModePlus()
  46:Drivers/STM32F0xx_HAL_Driver/Src/stm32f0xx_hal_i2c_ex.c ****           (++) HAL_I2CEx_DisableFastModePlus()
  47:Drivers/STM32F0xx_HAL_Driver/Src/stm32f0xx_hal_i2c_ex.c ****   @endverbatim
  48:Drivers/STM32F0xx_HAL_Driver/Src/stm32f0xx_hal_i2c_ex.c ****   */
  49:Drivers/STM32F0xx_HAL_Driver/Src/stm32f0xx_hal_i2c_ex.c **** 
  50:Drivers/STM32F0xx_HAL_Driver/Src/stm32f0xx_hal_i2c_ex.c **** /* Includes ------------------------------------------------------------------*/
  51:Drivers/STM32F0xx_HAL_Driver/Src/stm32f0xx_hal_i2c_ex.c **** #include "stm32f0xx_hal.h"
  52:Drivers/STM32F0xx_HAL_Driver/Src/stm32f0xx_hal_i2c_ex.c **** 
  53:Drivers/STM32F0xx_HAL_Driver/Src/stm32f0xx_hal_i2c_ex.c **** /** @addtogroup STM32F0xx_HAL_Driver
  54:Drivers/STM32F0xx_HAL_Driver/Src/stm32f0xx_hal_i2c_ex.c ****   * @{
  55:Drivers/STM32F0xx_HAL_Driver/Src/stm32f0xx_hal_i2c_ex.c ****   */
  56:Drivers/STM32F0xx_HAL_Driver/Src/stm32f0xx_hal_i2c_ex.c **** 
  57:Drivers/STM32F0xx_HAL_Driver/Src/stm32f0xx_hal_i2c_ex.c **** /** @defgroup I2CEx I2CEx
  58:Drivers/STM32F0xx_HAL_Driver/Src/stm32f0xx_hal_i2c_ex.c ****   * @brief I2C Extended HAL module driver
  59:Drivers/STM32F0xx_HAL_Driver/Src/stm32f0xx_hal_i2c_ex.c ****   * @{
  60:Drivers/STM32F0xx_HAL_Driver/Src/stm32f0xx_hal_i2c_ex.c ****   */
  61:Drivers/STM32F0xx_HAL_Driver/Src/stm32f0xx_hal_i2c_ex.c **** 
  62:Drivers/STM32F0xx_HAL_Driver/Src/stm32f0xx_hal_i2c_ex.c **** #ifdef HAL_I2C_MODULE_ENABLED
  63:Drivers/STM32F0xx_HAL_Driver/Src/stm32f0xx_hal_i2c_ex.c **** 
  64:Drivers/STM32F0xx_HAL_Driver/Src/stm32f0xx_hal_i2c_ex.c **** /* Private typedef -----------------------------------------------------------*/
  65:Drivers/STM32F0xx_HAL_Driver/Src/stm32f0xx_hal_i2c_ex.c **** /* Private define ------------------------------------------------------------*/
  66:Drivers/STM32F0xx_HAL_Driver/Src/stm32f0xx_hal_i2c_ex.c **** /* Private macro -------------------------------------------------------------*/
  67:Drivers/STM32F0xx_HAL_Driver/Src/stm32f0xx_hal_i2c_ex.c **** /* Private variables ---------------------------------------------------------*/
  68:Drivers/STM32F0xx_HAL_Driver/Src/stm32f0xx_hal_i2c_ex.c **** /* Private function prototypes -----------------------------------------------*/
  69:Drivers/STM32F0xx_HAL_Driver/Src/stm32f0xx_hal_i2c_ex.c **** /* Private functions ---------------------------------------------------------*/
  70:Drivers/STM32F0xx_HAL_Driver/Src/stm32f0xx_hal_i2c_ex.c **** 
  71:Drivers/STM32F0xx_HAL_Driver/Src/stm32f0xx_hal_i2c_ex.c **** /** @defgroup I2CEx_Exported_Functions I2C Extended Exported Functions
  72:Drivers/STM32F0xx_HAL_Driver/Src/stm32f0xx_hal_i2c_ex.c ****   * @{
  73:Drivers/STM32F0xx_HAL_Driver/Src/stm32f0xx_hal_i2c_ex.c ****   */
  74:Drivers/STM32F0xx_HAL_Driver/Src/stm32f0xx_hal_i2c_ex.c **** 
  75:Drivers/STM32F0xx_HAL_Driver/Src/stm32f0xx_hal_i2c_ex.c **** /** @defgroup I2CEx_Exported_Functions_Group1 Filter Mode Functions
  76:Drivers/STM32F0xx_HAL_Driver/Src/stm32f0xx_hal_i2c_ex.c ****   * @brief    Filter Mode Functions
  77:Drivers/STM32F0xx_HAL_Driver/Src/stm32f0xx_hal_i2c_ex.c ****   *
  78:Drivers/STM32F0xx_HAL_Driver/Src/stm32f0xx_hal_i2c_ex.c **** @verbatim
  79:Drivers/STM32F0xx_HAL_Driver/Src/stm32f0xx_hal_i2c_ex.c ****  ===============================================================================
  80:Drivers/STM32F0xx_HAL_Driver/Src/stm32f0xx_hal_i2c_ex.c ****                       ##### Filter Mode Functions #####
  81:Drivers/STM32F0xx_HAL_Driver/Src/stm32f0xx_hal_i2c_ex.c ****  ===============================================================================
  82:Drivers/STM32F0xx_HAL_Driver/Src/stm32f0xx_hal_i2c_ex.c ****     [..] This section provides functions allowing to:
  83:Drivers/STM32F0xx_HAL_Driver/Src/stm32f0xx_hal_i2c_ex.c ****       (+) Configure Noise Filters
  84:Drivers/STM32F0xx_HAL_Driver/Src/stm32f0xx_hal_i2c_ex.c **** 
  85:Drivers/STM32F0xx_HAL_Driver/Src/stm32f0xx_hal_i2c_ex.c **** @endverbatim
  86:Drivers/STM32F0xx_HAL_Driver/Src/stm32f0xx_hal_i2c_ex.c ****   * @{
  87:Drivers/STM32F0xx_HAL_Driver/Src/stm32f0xx_hal_i2c_ex.c ****   */
ARM GAS  C:\Users\joshr\AppData\Local\Temp\cczoj394.s 			page 3


  88:Drivers/STM32F0xx_HAL_Driver/Src/stm32f0xx_hal_i2c_ex.c **** 
  89:Drivers/STM32F0xx_HAL_Driver/Src/stm32f0xx_hal_i2c_ex.c **** /**
  90:Drivers/STM32F0xx_HAL_Driver/Src/stm32f0xx_hal_i2c_ex.c ****   * @brief  Configure I2C Analog noise filter.
  91:Drivers/STM32F0xx_HAL_Driver/Src/stm32f0xx_hal_i2c_ex.c ****   * @param  hi2c Pointer to a I2C_HandleTypeDef structure that contains
  92:Drivers/STM32F0xx_HAL_Driver/Src/stm32f0xx_hal_i2c_ex.c ****   *                the configuration information for the specified I2Cx peripheral.
  93:Drivers/STM32F0xx_HAL_Driver/Src/stm32f0xx_hal_i2c_ex.c ****   * @param  AnalogFilter New state of the Analog filter.
  94:Drivers/STM32F0xx_HAL_Driver/Src/stm32f0xx_hal_i2c_ex.c ****   * @retval HAL status
  95:Drivers/STM32F0xx_HAL_Driver/Src/stm32f0xx_hal_i2c_ex.c ****   */
  96:Drivers/STM32F0xx_HAL_Driver/Src/stm32f0xx_hal_i2c_ex.c **** HAL_StatusTypeDef HAL_I2CEx_ConfigAnalogFilter(I2C_HandleTypeDef *hi2c, uint32_t AnalogFilter)
  97:Drivers/STM32F0xx_HAL_Driver/Src/stm32f0xx_hal_i2c_ex.c **** {
  29              		.loc 1 97 1 view -0
  30              		.cfi_startproc
  31              		@ args = 0, pretend = 0, frame = 0
  32              		@ frame_needed = 0, uses_anonymous_args = 0
  98:Drivers/STM32F0xx_HAL_Driver/Src/stm32f0xx_hal_i2c_ex.c ****   /* Check the parameters */
  99:Drivers/STM32F0xx_HAL_Driver/Src/stm32f0xx_hal_i2c_ex.c ****   assert_param(IS_I2C_ALL_INSTANCE(hi2c->Instance));
  33              		.loc 1 99 3 view .LVU1
 100:Drivers/STM32F0xx_HAL_Driver/Src/stm32f0xx_hal_i2c_ex.c ****   assert_param(IS_I2C_ANALOG_FILTER(AnalogFilter));
  34              		.loc 1 100 3 view .LVU2
 101:Drivers/STM32F0xx_HAL_Driver/Src/stm32f0xx_hal_i2c_ex.c **** 
 102:Drivers/STM32F0xx_HAL_Driver/Src/stm32f0xx_hal_i2c_ex.c ****   if (hi2c->State == HAL_I2C_STATE_READY)
  35              		.loc 1 102 3 view .LVU3
  97:Drivers/STM32F0xx_HAL_Driver/Src/stm32f0xx_hal_i2c_ex.c ****   /* Check the parameters */
  36              		.loc 1 97 1 is_stmt 0 view .LVU4
  37 0000 F0B5     		push	{r4, r5, r6, r7, lr}
  38              	.LCFI0:
  39              		.cfi_def_cfa_offset 20
  40              		.cfi_offset 4, -20
  41              		.cfi_offset 5, -16
  42              		.cfi_offset 6, -12
  43              		.cfi_offset 7, -8
  44              		.cfi_offset 14, -4
  45              		.loc 1 102 11 view .LVU5
  46 0002 4124     		movs	r4, #65
  47 0004 035D     		ldrb	r3, [r0, r4]
  97:Drivers/STM32F0xx_HAL_Driver/Src/stm32f0xx_hal_i2c_ex.c ****   /* Check the parameters */
  48              		.loc 1 97 1 view .LVU6
  49 0006 8C46     		mov	ip, r1
  50              		.loc 1 102 11 view .LVU7
  51 0008 DDB2     		uxtb	r5, r3
  52              		.loc 1 102 6 view .LVU8
  53 000a 202B     		cmp	r3, #32
  54 000c 1AD1     		bne	.L4
 103:Drivers/STM32F0xx_HAL_Driver/Src/stm32f0xx_hal_i2c_ex.c ****   {
 104:Drivers/STM32F0xx_HAL_Driver/Src/stm32f0xx_hal_i2c_ex.c ****     /* Process Locked */
 105:Drivers/STM32F0xx_HAL_Driver/Src/stm32f0xx_hal_i2c_ex.c ****     __HAL_LOCK(hi2c);
  55              		.loc 1 105 5 is_stmt 1 view .LVU9
  56              		.loc 1 105 5 view .LVU10
  57 000e 4026     		movs	r6, #64
  58 0010 835D     		ldrb	r3, [r0, r6]
  59 0012 012B     		cmp	r3, #1
  60 0014 16D0     		beq	.L4
  61              		.loc 1 105 5 discriminator 2 view .LVU11
  62              		.loc 1 105 5 discriminator 2 view .LVU12
 106:Drivers/STM32F0xx_HAL_Driver/Src/stm32f0xx_hal_i2c_ex.c **** 
 107:Drivers/STM32F0xx_HAL_Driver/Src/stm32f0xx_hal_i2c_ex.c ****     hi2c->State = HAL_I2C_STATE_BUSY;
  63              		.loc 1 107 5 view .LVU13
ARM GAS  C:\Users\joshr\AppData\Local\Temp\cczoj394.s 			page 4


  64              		.loc 1 107 17 is_stmt 0 view .LVU14
  65 0016 2423     		movs	r3, #36
 108:Drivers/STM32F0xx_HAL_Driver/Src/stm32f0xx_hal_i2c_ex.c **** 
 109:Drivers/STM32F0xx_HAL_Driver/Src/stm32f0xx_hal_i2c_ex.c ****     /* Disable the selected I2C peripheral */
 110:Drivers/STM32F0xx_HAL_Driver/Src/stm32f0xx_hal_i2c_ex.c ****     __HAL_I2C_DISABLE(hi2c);
  66              		.loc 1 110 5 view .LVU15
  67 0018 0127     		movs	r7, #1
 107:Drivers/STM32F0xx_HAL_Driver/Src/stm32f0xx_hal_i2c_ex.c **** 
  68              		.loc 1 107 17 view .LVU16
  69 001a 0355     		strb	r3, [r0, r4]
  70              		.loc 1 110 5 is_stmt 1 view .LVU17
  71 001c 0368     		ldr	r3, [r0]
 111:Drivers/STM32F0xx_HAL_Driver/Src/stm32f0xx_hal_i2c_ex.c **** 
 112:Drivers/STM32F0xx_HAL_Driver/Src/stm32f0xx_hal_i2c_ex.c ****     /* Reset I2Cx ANOFF bit */
 113:Drivers/STM32F0xx_HAL_Driver/Src/stm32f0xx_hal_i2c_ex.c ****     hi2c->Instance->CR1 &= ~(I2C_CR1_ANFOFF);
  72              		.loc 1 113 25 is_stmt 0 view .LVU18
  73 001e 0A49     		ldr	r1, .L6
  74              	.LVL1:
 110:Drivers/STM32F0xx_HAL_Driver/Src/stm32f0xx_hal_i2c_ex.c **** 
  75              		.loc 1 110 5 view .LVU19
  76 0020 1A68     		ldr	r2, [r3]
  77 0022 BA43     		bics	r2, r7
  78 0024 1A60     		str	r2, [r3]
  79              		.loc 1 113 5 is_stmt 1 view .LVU20
  80              		.loc 1 113 19 is_stmt 0 view .LVU21
  81 0026 1A68     		ldr	r2, [r3]
  82              		.loc 1 113 25 view .LVU22
  83 0028 0A40     		ands	r2, r1
  84 002a 1A60     		str	r2, [r3]
 114:Drivers/STM32F0xx_HAL_Driver/Src/stm32f0xx_hal_i2c_ex.c **** 
 115:Drivers/STM32F0xx_HAL_Driver/Src/stm32f0xx_hal_i2c_ex.c ****     /* Set analog filter bit*/
 116:Drivers/STM32F0xx_HAL_Driver/Src/stm32f0xx_hal_i2c_ex.c ****     hi2c->Instance->CR1 |= AnalogFilter;
  85              		.loc 1 116 5 is_stmt 1 view .LVU23
  86              		.loc 1 116 25 is_stmt 0 view .LVU24
  87 002c 6246     		mov	r2, ip
  88              		.loc 1 116 19 view .LVU25
  89 002e 1968     		ldr	r1, [r3]
  90              		.loc 1 116 25 view .LVU26
  91 0030 1143     		orrs	r1, r2
  92 0032 1960     		str	r1, [r3]
 117:Drivers/STM32F0xx_HAL_Driver/Src/stm32f0xx_hal_i2c_ex.c **** 
 118:Drivers/STM32F0xx_HAL_Driver/Src/stm32f0xx_hal_i2c_ex.c ****     __HAL_I2C_ENABLE(hi2c);
  93              		.loc 1 118 5 is_stmt 1 view .LVU27
  94 0034 1A68     		ldr	r2, [r3]
  95 0036 3A43     		orrs	r2, r7
  96 0038 1A60     		str	r2, [r3]
 119:Drivers/STM32F0xx_HAL_Driver/Src/stm32f0xx_hal_i2c_ex.c **** 
 120:Drivers/STM32F0xx_HAL_Driver/Src/stm32f0xx_hal_i2c_ex.c ****     hi2c->State = HAL_I2C_STATE_READY;
  97              		.loc 1 120 5 view .LVU28
 121:Drivers/STM32F0xx_HAL_Driver/Src/stm32f0xx_hal_i2c_ex.c **** 
 122:Drivers/STM32F0xx_HAL_Driver/Src/stm32f0xx_hal_i2c_ex.c ****     /* Process Unlocked */
 123:Drivers/STM32F0xx_HAL_Driver/Src/stm32f0xx_hal_i2c_ex.c ****     __HAL_UNLOCK(hi2c);
  98              		.loc 1 123 5 is_stmt 0 view .LVU29
  99 003a 0023     		movs	r3, #0
 120:Drivers/STM32F0xx_HAL_Driver/Src/stm32f0xx_hal_i2c_ex.c **** 
 100              		.loc 1 120 17 view .LVU30
 101 003c 0555     		strb	r5, [r0, r4]
ARM GAS  C:\Users\joshr\AppData\Local\Temp\cczoj394.s 			page 5


 102              		.loc 1 123 5 is_stmt 1 view .LVU31
 103              		.loc 1 123 5 view .LVU32
 104 003e 8355     		strb	r3, [r0, r6]
 105              		.loc 1 123 5 view .LVU33
 124:Drivers/STM32F0xx_HAL_Driver/Src/stm32f0xx_hal_i2c_ex.c **** 
 125:Drivers/STM32F0xx_HAL_Driver/Src/stm32f0xx_hal_i2c_ex.c ****     return HAL_OK;
 106              		.loc 1 125 5 view .LVU34
 107              		.loc 1 125 12 is_stmt 0 view .LVU35
 108 0040 0020     		movs	r0, #0
 109              	.LVL2:
 110              	.L2:
 126:Drivers/STM32F0xx_HAL_Driver/Src/stm32f0xx_hal_i2c_ex.c ****   }
 127:Drivers/STM32F0xx_HAL_Driver/Src/stm32f0xx_hal_i2c_ex.c ****   else
 128:Drivers/STM32F0xx_HAL_Driver/Src/stm32f0xx_hal_i2c_ex.c ****   {
 129:Drivers/STM32F0xx_HAL_Driver/Src/stm32f0xx_hal_i2c_ex.c ****     return HAL_BUSY;
 130:Drivers/STM32F0xx_HAL_Driver/Src/stm32f0xx_hal_i2c_ex.c ****   }
 131:Drivers/STM32F0xx_HAL_Driver/Src/stm32f0xx_hal_i2c_ex.c **** }
 111              		.loc 1 131 1 view .LVU36
 112              		@ sp needed
 113 0042 F0BD     		pop	{r4, r5, r6, r7, pc}
 114              	.LVL3:
 115              	.L4:
 105:Drivers/STM32F0xx_HAL_Driver/Src/stm32f0xx_hal_i2c_ex.c **** 
 116              		.loc 1 105 5 discriminator 1 view .LVU37
 117 0044 0220     		movs	r0, #2
 118              	.LVL4:
 105:Drivers/STM32F0xx_HAL_Driver/Src/stm32f0xx_hal_i2c_ex.c **** 
 119              		.loc 1 105 5 discriminator 1 view .LVU38
 120 0046 FCE7     		b	.L2
 121              	.L7:
 122              		.align	2
 123              	.L6:
 124 0048 FFEFFFFF 		.word	-4097
 125              		.cfi_endproc
 126              	.LFE40:
 128              		.section	.text.HAL_I2CEx_ConfigDigitalFilter,"ax",%progbits
 129              		.align	1
 130              		.p2align 2,,3
 131              		.global	HAL_I2CEx_ConfigDigitalFilter
 132              		.syntax unified
 133              		.code	16
 134              		.thumb_func
 136              	HAL_I2CEx_ConfigDigitalFilter:
 137              	.LVL5:
 138              	.LFB41:
 132:Drivers/STM32F0xx_HAL_Driver/Src/stm32f0xx_hal_i2c_ex.c **** 
 133:Drivers/STM32F0xx_HAL_Driver/Src/stm32f0xx_hal_i2c_ex.c **** /**
 134:Drivers/STM32F0xx_HAL_Driver/Src/stm32f0xx_hal_i2c_ex.c ****   * @brief  Configure I2C Digital noise filter.
 135:Drivers/STM32F0xx_HAL_Driver/Src/stm32f0xx_hal_i2c_ex.c ****   * @param  hi2c Pointer to a I2C_HandleTypeDef structure that contains
 136:Drivers/STM32F0xx_HAL_Driver/Src/stm32f0xx_hal_i2c_ex.c ****   *                the configuration information for the specified I2Cx peripheral.
 137:Drivers/STM32F0xx_HAL_Driver/Src/stm32f0xx_hal_i2c_ex.c ****   * @param  DigitalFilter Coefficient of digital noise filter between Min_Data=0x00 and Max_Data=0x
 138:Drivers/STM32F0xx_HAL_Driver/Src/stm32f0xx_hal_i2c_ex.c ****   * @retval HAL status
 139:Drivers/STM32F0xx_HAL_Driver/Src/stm32f0xx_hal_i2c_ex.c ****   */
 140:Drivers/STM32F0xx_HAL_Driver/Src/stm32f0xx_hal_i2c_ex.c **** HAL_StatusTypeDef HAL_I2CEx_ConfigDigitalFilter(I2C_HandleTypeDef *hi2c, uint32_t DigitalFilter)
 141:Drivers/STM32F0xx_HAL_Driver/Src/stm32f0xx_hal_i2c_ex.c **** {
 139              		.loc 1 141 1 is_stmt 1 view -0
 140              		.cfi_startproc
ARM GAS  C:\Users\joshr\AppData\Local\Temp\cczoj394.s 			page 6


 141              		@ args = 0, pretend = 0, frame = 0
 142              		@ frame_needed = 0, uses_anonymous_args = 0
 142:Drivers/STM32F0xx_HAL_Driver/Src/stm32f0xx_hal_i2c_ex.c ****   uint32_t tmpreg;
 143              		.loc 1 142 3 view .LVU40
 143:Drivers/STM32F0xx_HAL_Driver/Src/stm32f0xx_hal_i2c_ex.c **** 
 144:Drivers/STM32F0xx_HAL_Driver/Src/stm32f0xx_hal_i2c_ex.c ****   /* Check the parameters */
 145:Drivers/STM32F0xx_HAL_Driver/Src/stm32f0xx_hal_i2c_ex.c ****   assert_param(IS_I2C_ALL_INSTANCE(hi2c->Instance));
 144              		.loc 1 145 3 view .LVU41
 146:Drivers/STM32F0xx_HAL_Driver/Src/stm32f0xx_hal_i2c_ex.c ****   assert_param(IS_I2C_DIGITAL_FILTER(DigitalFilter));
 145              		.loc 1 146 3 view .LVU42
 147:Drivers/STM32F0xx_HAL_Driver/Src/stm32f0xx_hal_i2c_ex.c **** 
 148:Drivers/STM32F0xx_HAL_Driver/Src/stm32f0xx_hal_i2c_ex.c ****   if (hi2c->State == HAL_I2C_STATE_READY)
 146              		.loc 1 148 3 view .LVU43
 141:Drivers/STM32F0xx_HAL_Driver/Src/stm32f0xx_hal_i2c_ex.c ****   uint32_t tmpreg;
 147              		.loc 1 141 1 is_stmt 0 view .LVU44
 148 0000 F0B5     		push	{r4, r5, r6, r7, lr}
 149              	.LCFI1:
 150              		.cfi_def_cfa_offset 20
 151              		.cfi_offset 4, -20
 152              		.cfi_offset 5, -16
 153              		.cfi_offset 6, -12
 154              		.cfi_offset 7, -8
 155              		.cfi_offset 14, -4
 156 0002 CE46     		mov	lr, r9
 157 0004 4746     		mov	r7, r8
 158              		.loc 1 148 11 view .LVU45
 159 0006 4124     		movs	r4, #65
 141:Drivers/STM32F0xx_HAL_Driver/Src/stm32f0xx_hal_i2c_ex.c ****   uint32_t tmpreg;
 160              		.loc 1 141 1 view .LVU46
 161 0008 80B5     		push	{r7, lr}
 162              	.LCFI2:
 163              		.cfi_def_cfa_offset 28
 164              		.cfi_offset 8, -28
 165              		.cfi_offset 9, -24
 166              		.loc 1 148 11 view .LVU47
 167 000a 035D     		ldrb	r3, [r0, r4]
 168 000c DDB2     		uxtb	r5, r3
 169              		.loc 1 148 6 view .LVU48
 170 000e 202B     		cmp	r3, #32
 171 0010 1FD1     		bne	.L11
 149:Drivers/STM32F0xx_HAL_Driver/Src/stm32f0xx_hal_i2c_ex.c ****   {
 150:Drivers/STM32F0xx_HAL_Driver/Src/stm32f0xx_hal_i2c_ex.c ****     /* Process Locked */
 151:Drivers/STM32F0xx_HAL_Driver/Src/stm32f0xx_hal_i2c_ex.c ****     __HAL_LOCK(hi2c);
 172              		.loc 1 151 5 is_stmt 1 view .LVU49
 173              		.loc 1 151 5 view .LVU50
 174 0012 4026     		movs	r6, #64
 175 0014 835D     		ldrb	r3, [r0, r6]
 176 0016 012B     		cmp	r3, #1
 177 0018 1BD0     		beq	.L11
 178              		.loc 1 151 5 discriminator 2 view .LVU51
 179              		.loc 1 151 5 discriminator 2 view .LVU52
 152:Drivers/STM32F0xx_HAL_Driver/Src/stm32f0xx_hal_i2c_ex.c **** 
 153:Drivers/STM32F0xx_HAL_Driver/Src/stm32f0xx_hal_i2c_ex.c ****     hi2c->State = HAL_I2C_STATE_BUSY;
 180              		.loc 1 153 5 view .LVU53
 181              		.loc 1 153 17 is_stmt 0 view .LVU54
 182 001a 2423     		movs	r3, #36
 154:Drivers/STM32F0xx_HAL_Driver/Src/stm32f0xx_hal_i2c_ex.c **** 
ARM GAS  C:\Users\joshr\AppData\Local\Temp\cczoj394.s 			page 7


 155:Drivers/STM32F0xx_HAL_Driver/Src/stm32f0xx_hal_i2c_ex.c ****     /* Disable the selected I2C peripheral */
 156:Drivers/STM32F0xx_HAL_Driver/Src/stm32f0xx_hal_i2c_ex.c ****     __HAL_I2C_DISABLE(hi2c);
 183              		.loc 1 156 5 view .LVU55
 184 001c 0127     		movs	r7, #1
 153:Drivers/STM32F0xx_HAL_Driver/Src/stm32f0xx_hal_i2c_ex.c **** 
 185              		.loc 1 153 17 view .LVU56
 186 001e 0355     		strb	r3, [r0, r4]
 187              		.loc 1 156 5 is_stmt 1 view .LVU57
 188 0020 0268     		ldr	r2, [r0]
 189 0022 B946     		mov	r9, r7
 190 0024 1368     		ldr	r3, [r2]
 157:Drivers/STM32F0xx_HAL_Driver/Src/stm32f0xx_hal_i2c_ex.c **** 
 158:Drivers/STM32F0xx_HAL_Driver/Src/stm32f0xx_hal_i2c_ex.c ****     /* Get the old register value */
 159:Drivers/STM32F0xx_HAL_Driver/Src/stm32f0xx_hal_i2c_ex.c ****     tmpreg = hi2c->Instance->CR1;
 160:Drivers/STM32F0xx_HAL_Driver/Src/stm32f0xx_hal_i2c_ex.c **** 
 161:Drivers/STM32F0xx_HAL_Driver/Src/stm32f0xx_hal_i2c_ex.c ****     /* Reset I2Cx DNF bits [11:8] */
 162:Drivers/STM32F0xx_HAL_Driver/Src/stm32f0xx_hal_i2c_ex.c ****     tmpreg &= ~(I2C_CR1_DNF);
 163:Drivers/STM32F0xx_HAL_Driver/Src/stm32f0xx_hal_i2c_ex.c **** 
 164:Drivers/STM32F0xx_HAL_Driver/Src/stm32f0xx_hal_i2c_ex.c ****     /* Set I2Cx DNF coefficient */
 165:Drivers/STM32F0xx_HAL_Driver/Src/stm32f0xx_hal_i2c_ex.c ****     tmpreg |= DigitalFilter << 8U;
 191              		.loc 1 165 29 is_stmt 0 view .LVU58
 192 0026 0902     		lsls	r1, r1, #8
 193              	.LVL6:
 156:Drivers/STM32F0xx_HAL_Driver/Src/stm32f0xx_hal_i2c_ex.c **** 
 194              		.loc 1 156 5 view .LVU59
 195 0028 BB43     		bics	r3, r7
 196 002a 1360     		str	r3, [r2]
 159:Drivers/STM32F0xx_HAL_Driver/Src/stm32f0xx_hal_i2c_ex.c **** 
 197              		.loc 1 159 5 is_stmt 1 view .LVU60
 159:Drivers/STM32F0xx_HAL_Driver/Src/stm32f0xx_hal_i2c_ex.c **** 
 198              		.loc 1 159 12 is_stmt 0 view .LVU61
 199 002c 1368     		ldr	r3, [r2]
 200 002e 9846     		mov	r8, r3
 201              	.LVL7:
 162:Drivers/STM32F0xx_HAL_Driver/Src/stm32f0xx_hal_i2c_ex.c **** 
 202              		.loc 1 162 5 is_stmt 1 view .LVU62
 162:Drivers/STM32F0xx_HAL_Driver/Src/stm32f0xx_hal_i2c_ex.c **** 
 203              		.loc 1 162 12 is_stmt 0 view .LVU63
 204 0030 4746     		mov	r7, r8
 205 0032 094B     		ldr	r3, .L12
 206              	.LVL8:
 162:Drivers/STM32F0xx_HAL_Driver/Src/stm32f0xx_hal_i2c_ex.c **** 
 207              		.loc 1 162 12 view .LVU64
 208 0034 1F40     		ands	r7, r3
 209              	.LVL9:
 210              		.loc 1 165 5 is_stmt 1 view .LVU65
 211              		.loc 1 165 12 is_stmt 0 view .LVU66
 212 0036 3943     		orrs	r1, r7
 213              	.LVL10:
 166:Drivers/STM32F0xx_HAL_Driver/Src/stm32f0xx_hal_i2c_ex.c **** 
 167:Drivers/STM32F0xx_HAL_Driver/Src/stm32f0xx_hal_i2c_ex.c ****     /* Store the new register value */
 168:Drivers/STM32F0xx_HAL_Driver/Src/stm32f0xx_hal_i2c_ex.c ****     hi2c->Instance->CR1 = tmpreg;
 214              		.loc 1 168 5 is_stmt 1 view .LVU67
 215              		.loc 1 168 25 is_stmt 0 view .LVU68
 216 0038 1160     		str	r1, [r2]
 169:Drivers/STM32F0xx_HAL_Driver/Src/stm32f0xx_hal_i2c_ex.c **** 
 170:Drivers/STM32F0xx_HAL_Driver/Src/stm32f0xx_hal_i2c_ex.c ****     __HAL_I2C_ENABLE(hi2c);
ARM GAS  C:\Users\joshr\AppData\Local\Temp\cczoj394.s 			page 8


 217              		.loc 1 170 5 is_stmt 1 view .LVU69
 218 003a 4946     		mov	r1, r9
 219              	.LVL11:
 220              		.loc 1 170 5 is_stmt 0 view .LVU70
 221 003c 1368     		ldr	r3, [r2]
 222 003e 0B43     		orrs	r3, r1
 223 0040 1360     		str	r3, [r2]
 224              	.LVL12:
 171:Drivers/STM32F0xx_HAL_Driver/Src/stm32f0xx_hal_i2c_ex.c **** 
 172:Drivers/STM32F0xx_HAL_Driver/Src/stm32f0xx_hal_i2c_ex.c ****     hi2c->State = HAL_I2C_STATE_READY;
 225              		.loc 1 172 5 is_stmt 1 view .LVU71
 173:Drivers/STM32F0xx_HAL_Driver/Src/stm32f0xx_hal_i2c_ex.c **** 
 174:Drivers/STM32F0xx_HAL_Driver/Src/stm32f0xx_hal_i2c_ex.c ****     /* Process Unlocked */
 175:Drivers/STM32F0xx_HAL_Driver/Src/stm32f0xx_hal_i2c_ex.c ****     __HAL_UNLOCK(hi2c);
 226              		.loc 1 175 5 is_stmt 0 view .LVU72
 227 0042 0023     		movs	r3, #0
 172:Drivers/STM32F0xx_HAL_Driver/Src/stm32f0xx_hal_i2c_ex.c **** 
 228              		.loc 1 172 17 view .LVU73
 229 0044 0555     		strb	r5, [r0, r4]
 230              		.loc 1 175 5 is_stmt 1 view .LVU74
 231              		.loc 1 175 5 view .LVU75
 232 0046 8355     		strb	r3, [r0, r6]
 233              		.loc 1 175 5 view .LVU76
 176:Drivers/STM32F0xx_HAL_Driver/Src/stm32f0xx_hal_i2c_ex.c **** 
 177:Drivers/STM32F0xx_HAL_Driver/Src/stm32f0xx_hal_i2c_ex.c ****     return HAL_OK;
 234              		.loc 1 177 5 view .LVU77
 235              		.loc 1 177 12 is_stmt 0 view .LVU78
 236 0048 0020     		movs	r0, #0
 237              	.LVL13:
 238              	.L9:
 178:Drivers/STM32F0xx_HAL_Driver/Src/stm32f0xx_hal_i2c_ex.c ****   }
 179:Drivers/STM32F0xx_HAL_Driver/Src/stm32f0xx_hal_i2c_ex.c ****   else
 180:Drivers/STM32F0xx_HAL_Driver/Src/stm32f0xx_hal_i2c_ex.c ****   {
 181:Drivers/STM32F0xx_HAL_Driver/Src/stm32f0xx_hal_i2c_ex.c ****     return HAL_BUSY;
 182:Drivers/STM32F0xx_HAL_Driver/Src/stm32f0xx_hal_i2c_ex.c ****   }
 183:Drivers/STM32F0xx_HAL_Driver/Src/stm32f0xx_hal_i2c_ex.c **** }
 239              		.loc 1 183 1 view .LVU79
 240              		@ sp needed
 241 004a C0BC     		pop	{r6, r7}
 242 004c B946     		mov	r9, r7
 243 004e B046     		mov	r8, r6
 244 0050 F0BD     		pop	{r4, r5, r6, r7, pc}
 245              	.LVL14:
 246              	.L11:
 151:Drivers/STM32F0xx_HAL_Driver/Src/stm32f0xx_hal_i2c_ex.c **** 
 247              		.loc 1 151 5 discriminator 1 view .LVU80
 248 0052 0220     		movs	r0, #2
 249              	.LVL15:
 151:Drivers/STM32F0xx_HAL_Driver/Src/stm32f0xx_hal_i2c_ex.c **** 
 250              		.loc 1 151 5 discriminator 1 view .LVU81
 251 0054 F9E7     		b	.L9
 252              	.L13:
 253 0056 C046     		.align	2
 254              	.L12:
 255 0058 FFF0FFFF 		.word	-3841
 256              		.cfi_endproc
 257              	.LFE41:
ARM GAS  C:\Users\joshr\AppData\Local\Temp\cczoj394.s 			page 9


 259              		.section	.text.HAL_I2CEx_EnableWakeUp,"ax",%progbits
 260              		.align	1
 261              		.p2align 2,,3
 262              		.global	HAL_I2CEx_EnableWakeUp
 263              		.syntax unified
 264              		.code	16
 265              		.thumb_func
 267              	HAL_I2CEx_EnableWakeUp:
 268              	.LVL16:
 269              	.LFB42:
 184:Drivers/STM32F0xx_HAL_Driver/Src/stm32f0xx_hal_i2c_ex.c **** /**
 185:Drivers/STM32F0xx_HAL_Driver/Src/stm32f0xx_hal_i2c_ex.c ****   * @}
 186:Drivers/STM32F0xx_HAL_Driver/Src/stm32f0xx_hal_i2c_ex.c ****   */
 187:Drivers/STM32F0xx_HAL_Driver/Src/stm32f0xx_hal_i2c_ex.c **** #if defined(I2C_CR1_WUPEN)
 188:Drivers/STM32F0xx_HAL_Driver/Src/stm32f0xx_hal_i2c_ex.c **** 
 189:Drivers/STM32F0xx_HAL_Driver/Src/stm32f0xx_hal_i2c_ex.c **** /** @defgroup I2CEx_Exported_Functions_Group2 WakeUp Mode Functions
 190:Drivers/STM32F0xx_HAL_Driver/Src/stm32f0xx_hal_i2c_ex.c ****   * @brief    WakeUp Mode Functions
 191:Drivers/STM32F0xx_HAL_Driver/Src/stm32f0xx_hal_i2c_ex.c ****   *
 192:Drivers/STM32F0xx_HAL_Driver/Src/stm32f0xx_hal_i2c_ex.c **** @verbatim
 193:Drivers/STM32F0xx_HAL_Driver/Src/stm32f0xx_hal_i2c_ex.c ****  ===============================================================================
 194:Drivers/STM32F0xx_HAL_Driver/Src/stm32f0xx_hal_i2c_ex.c ****                       ##### WakeUp Mode Functions #####
 195:Drivers/STM32F0xx_HAL_Driver/Src/stm32f0xx_hal_i2c_ex.c ****  ===============================================================================
 196:Drivers/STM32F0xx_HAL_Driver/Src/stm32f0xx_hal_i2c_ex.c ****     [..] This section provides functions allowing to:
 197:Drivers/STM32F0xx_HAL_Driver/Src/stm32f0xx_hal_i2c_ex.c ****       (+) Configure Wake Up Feature
 198:Drivers/STM32F0xx_HAL_Driver/Src/stm32f0xx_hal_i2c_ex.c **** 
 199:Drivers/STM32F0xx_HAL_Driver/Src/stm32f0xx_hal_i2c_ex.c **** @endverbatim
 200:Drivers/STM32F0xx_HAL_Driver/Src/stm32f0xx_hal_i2c_ex.c ****   * @{
 201:Drivers/STM32F0xx_HAL_Driver/Src/stm32f0xx_hal_i2c_ex.c ****   */
 202:Drivers/STM32F0xx_HAL_Driver/Src/stm32f0xx_hal_i2c_ex.c **** 
 203:Drivers/STM32F0xx_HAL_Driver/Src/stm32f0xx_hal_i2c_ex.c **** /**
 204:Drivers/STM32F0xx_HAL_Driver/Src/stm32f0xx_hal_i2c_ex.c ****   * @brief  Enable I2C wakeup from Stop mode(s).
 205:Drivers/STM32F0xx_HAL_Driver/Src/stm32f0xx_hal_i2c_ex.c ****   * @param  hi2c Pointer to a I2C_HandleTypeDef structure that contains
 206:Drivers/STM32F0xx_HAL_Driver/Src/stm32f0xx_hal_i2c_ex.c ****   *                the configuration information for the specified I2Cx peripheral.
 207:Drivers/STM32F0xx_HAL_Driver/Src/stm32f0xx_hal_i2c_ex.c ****   * @retval HAL status
 208:Drivers/STM32F0xx_HAL_Driver/Src/stm32f0xx_hal_i2c_ex.c ****   */
 209:Drivers/STM32F0xx_HAL_Driver/Src/stm32f0xx_hal_i2c_ex.c **** HAL_StatusTypeDef HAL_I2CEx_EnableWakeUp(I2C_HandleTypeDef *hi2c)
 210:Drivers/STM32F0xx_HAL_Driver/Src/stm32f0xx_hal_i2c_ex.c **** {
 270              		.loc 1 210 1 is_stmt 1 view -0
 271              		.cfi_startproc
 272              		@ args = 0, pretend = 0, frame = 0
 273              		@ frame_needed = 0, uses_anonymous_args = 0
 211:Drivers/STM32F0xx_HAL_Driver/Src/stm32f0xx_hal_i2c_ex.c ****   /* Check the parameters */
 212:Drivers/STM32F0xx_HAL_Driver/Src/stm32f0xx_hal_i2c_ex.c ****   assert_param(IS_I2C_WAKEUP_FROMSTOP_INSTANCE(hi2c->Instance));
 274              		.loc 1 212 3 view .LVU83
 213:Drivers/STM32F0xx_HAL_Driver/Src/stm32f0xx_hal_i2c_ex.c **** 
 214:Drivers/STM32F0xx_HAL_Driver/Src/stm32f0xx_hal_i2c_ex.c ****   if (hi2c->State == HAL_I2C_STATE_READY)
 275              		.loc 1 214 3 view .LVU84
 276              		.loc 1 214 11 is_stmt 0 view .LVU85
 277 0000 4121     		movs	r1, #65
 210:Drivers/STM32F0xx_HAL_Driver/Src/stm32f0xx_hal_i2c_ex.c ****   /* Check the parameters */
 278              		.loc 1 210 1 view .LVU86
 279 0002 F0B5     		push	{r4, r5, r6, r7, lr}
 280              	.LCFI3:
 281              		.cfi_def_cfa_offset 20
 282              		.cfi_offset 4, -20
 283              		.cfi_offset 5, -16
 284              		.cfi_offset 6, -12
ARM GAS  C:\Users\joshr\AppData\Local\Temp\cczoj394.s 			page 10


 285              		.cfi_offset 7, -8
 286              		.cfi_offset 14, -4
 287              		.loc 1 214 11 view .LVU87
 288 0004 435C     		ldrb	r3, [r0, r1]
 289 0006 DEB2     		uxtb	r6, r3
 290              		.loc 1 214 6 view .LVU88
 291 0008 202B     		cmp	r3, #32
 292 000a 17D1     		bne	.L17
 215:Drivers/STM32F0xx_HAL_Driver/Src/stm32f0xx_hal_i2c_ex.c ****   {
 216:Drivers/STM32F0xx_HAL_Driver/Src/stm32f0xx_hal_i2c_ex.c ****     /* Process Locked */
 217:Drivers/STM32F0xx_HAL_Driver/Src/stm32f0xx_hal_i2c_ex.c ****     __HAL_LOCK(hi2c);
 293              		.loc 1 217 5 is_stmt 1 view .LVU89
 294              		.loc 1 217 5 view .LVU90
 295 000c 4024     		movs	r4, #64
 296 000e 035D     		ldrb	r3, [r0, r4]
 297 0010 012B     		cmp	r3, #1
 298 0012 13D0     		beq	.L17
 299              		.loc 1 217 5 discriminator 2 view .LVU91
 300              		.loc 1 217 5 discriminator 2 view .LVU92
 218:Drivers/STM32F0xx_HAL_Driver/Src/stm32f0xx_hal_i2c_ex.c **** 
 219:Drivers/STM32F0xx_HAL_Driver/Src/stm32f0xx_hal_i2c_ex.c ****     hi2c->State = HAL_I2C_STATE_BUSY;
 301              		.loc 1 219 5 view .LVU93
 302              		.loc 1 219 17 is_stmt 0 view .LVU94
 303 0014 2423     		movs	r3, #36
 220:Drivers/STM32F0xx_HAL_Driver/Src/stm32f0xx_hal_i2c_ex.c **** 
 221:Drivers/STM32F0xx_HAL_Driver/Src/stm32f0xx_hal_i2c_ex.c ****     /* Disable the selected I2C peripheral */
 222:Drivers/STM32F0xx_HAL_Driver/Src/stm32f0xx_hal_i2c_ex.c ****     __HAL_I2C_DISABLE(hi2c);
 304              		.loc 1 222 5 view .LVU95
 305 0016 0125     		movs	r5, #1
 219:Drivers/STM32F0xx_HAL_Driver/Src/stm32f0xx_hal_i2c_ex.c **** 
 306              		.loc 1 219 17 view .LVU96
 307 0018 4354     		strb	r3, [r0, r1]
 308              		.loc 1 222 5 is_stmt 1 view .LVU97
 309 001a 0368     		ldr	r3, [r0]
 310 001c 1A68     		ldr	r2, [r3]
 311 001e AA43     		bics	r2, r5
 312 0020 1A60     		str	r2, [r3]
 223:Drivers/STM32F0xx_HAL_Driver/Src/stm32f0xx_hal_i2c_ex.c **** 
 224:Drivers/STM32F0xx_HAL_Driver/Src/stm32f0xx_hal_i2c_ex.c ****     /* Enable wakeup from stop mode */
 225:Drivers/STM32F0xx_HAL_Driver/Src/stm32f0xx_hal_i2c_ex.c ****     hi2c->Instance->CR1 |= I2C_CR1_WUPEN;
 313              		.loc 1 225 5 view .LVU98
 314              		.loc 1 225 25 is_stmt 0 view .LVU99
 315 0022 8022     		movs	r2, #128
 316              		.loc 1 225 19 view .LVU100
 317 0024 1F68     		ldr	r7, [r3]
 318              		.loc 1 225 25 view .LVU101
 319 0026 D202     		lsls	r2, r2, #11
 320 0028 3A43     		orrs	r2, r7
 321 002a 1A60     		str	r2, [r3]
 226:Drivers/STM32F0xx_HAL_Driver/Src/stm32f0xx_hal_i2c_ex.c **** 
 227:Drivers/STM32F0xx_HAL_Driver/Src/stm32f0xx_hal_i2c_ex.c ****     __HAL_I2C_ENABLE(hi2c);
 322              		.loc 1 227 5 is_stmt 1 view .LVU102
 323 002c 1A68     		ldr	r2, [r3]
 324 002e 2A43     		orrs	r2, r5
 325 0030 1A60     		str	r2, [r3]
 228:Drivers/STM32F0xx_HAL_Driver/Src/stm32f0xx_hal_i2c_ex.c **** 
 229:Drivers/STM32F0xx_HAL_Driver/Src/stm32f0xx_hal_i2c_ex.c ****     hi2c->State = HAL_I2C_STATE_READY;
ARM GAS  C:\Users\joshr\AppData\Local\Temp\cczoj394.s 			page 11


 326              		.loc 1 229 5 view .LVU103
 230:Drivers/STM32F0xx_HAL_Driver/Src/stm32f0xx_hal_i2c_ex.c **** 
 231:Drivers/STM32F0xx_HAL_Driver/Src/stm32f0xx_hal_i2c_ex.c ****     /* Process Unlocked */
 232:Drivers/STM32F0xx_HAL_Driver/Src/stm32f0xx_hal_i2c_ex.c ****     __HAL_UNLOCK(hi2c);
 327              		.loc 1 232 5 is_stmt 0 view .LVU104
 328 0032 0023     		movs	r3, #0
 229:Drivers/STM32F0xx_HAL_Driver/Src/stm32f0xx_hal_i2c_ex.c **** 
 329              		.loc 1 229 17 view .LVU105
 330 0034 4654     		strb	r6, [r0, r1]
 331              		.loc 1 232 5 is_stmt 1 view .LVU106
 332              		.loc 1 232 5 view .LVU107
 333 0036 0355     		strb	r3, [r0, r4]
 334              		.loc 1 232 5 view .LVU108
 233:Drivers/STM32F0xx_HAL_Driver/Src/stm32f0xx_hal_i2c_ex.c **** 
 234:Drivers/STM32F0xx_HAL_Driver/Src/stm32f0xx_hal_i2c_ex.c ****     return HAL_OK;
 335              		.loc 1 234 5 view .LVU109
 336              		.loc 1 234 12 is_stmt 0 view .LVU110
 337 0038 0020     		movs	r0, #0
 338              	.LVL17:
 339              	.L15:
 235:Drivers/STM32F0xx_HAL_Driver/Src/stm32f0xx_hal_i2c_ex.c ****   }
 236:Drivers/STM32F0xx_HAL_Driver/Src/stm32f0xx_hal_i2c_ex.c ****   else
 237:Drivers/STM32F0xx_HAL_Driver/Src/stm32f0xx_hal_i2c_ex.c ****   {
 238:Drivers/STM32F0xx_HAL_Driver/Src/stm32f0xx_hal_i2c_ex.c ****     return HAL_BUSY;
 239:Drivers/STM32F0xx_HAL_Driver/Src/stm32f0xx_hal_i2c_ex.c ****   }
 240:Drivers/STM32F0xx_HAL_Driver/Src/stm32f0xx_hal_i2c_ex.c **** }
 340              		.loc 1 240 1 view .LVU111
 341              		@ sp needed
 342 003a F0BD     		pop	{r4, r5, r6, r7, pc}
 343              	.LVL18:
 344              	.L17:
 217:Drivers/STM32F0xx_HAL_Driver/Src/stm32f0xx_hal_i2c_ex.c **** 
 345              		.loc 1 217 5 discriminator 1 view .LVU112
 346 003c 0220     		movs	r0, #2
 347              	.LVL19:
 217:Drivers/STM32F0xx_HAL_Driver/Src/stm32f0xx_hal_i2c_ex.c **** 
 348              		.loc 1 217 5 discriminator 1 view .LVU113
 349 003e FCE7     		b	.L15
 350              		.cfi_endproc
 351              	.LFE42:
 353              		.section	.text.HAL_I2CEx_DisableWakeUp,"ax",%progbits
 354              		.align	1
 355              		.p2align 2,,3
 356              		.global	HAL_I2CEx_DisableWakeUp
 357              		.syntax unified
 358              		.code	16
 359              		.thumb_func
 361              	HAL_I2CEx_DisableWakeUp:
 362              	.LVL20:
 363              	.LFB43:
 241:Drivers/STM32F0xx_HAL_Driver/Src/stm32f0xx_hal_i2c_ex.c **** 
 242:Drivers/STM32F0xx_HAL_Driver/Src/stm32f0xx_hal_i2c_ex.c **** /**
 243:Drivers/STM32F0xx_HAL_Driver/Src/stm32f0xx_hal_i2c_ex.c ****   * @brief  Disable I2C wakeup from Stop mode(s).
 244:Drivers/STM32F0xx_HAL_Driver/Src/stm32f0xx_hal_i2c_ex.c ****   * @param  hi2c Pointer to a I2C_HandleTypeDef structure that contains
 245:Drivers/STM32F0xx_HAL_Driver/Src/stm32f0xx_hal_i2c_ex.c ****   *                the configuration information for the specified I2Cx peripheral.
 246:Drivers/STM32F0xx_HAL_Driver/Src/stm32f0xx_hal_i2c_ex.c ****   * @retval HAL status
 247:Drivers/STM32F0xx_HAL_Driver/Src/stm32f0xx_hal_i2c_ex.c ****   */
ARM GAS  C:\Users\joshr\AppData\Local\Temp\cczoj394.s 			page 12


 248:Drivers/STM32F0xx_HAL_Driver/Src/stm32f0xx_hal_i2c_ex.c **** HAL_StatusTypeDef HAL_I2CEx_DisableWakeUp(I2C_HandleTypeDef *hi2c)
 249:Drivers/STM32F0xx_HAL_Driver/Src/stm32f0xx_hal_i2c_ex.c **** {
 364              		.loc 1 249 1 is_stmt 1 view -0
 365              		.cfi_startproc
 366              		@ args = 0, pretend = 0, frame = 0
 367              		@ frame_needed = 0, uses_anonymous_args = 0
 250:Drivers/STM32F0xx_HAL_Driver/Src/stm32f0xx_hal_i2c_ex.c ****   /* Check the parameters */
 251:Drivers/STM32F0xx_HAL_Driver/Src/stm32f0xx_hal_i2c_ex.c ****   assert_param(IS_I2C_WAKEUP_FROMSTOP_INSTANCE(hi2c->Instance));
 368              		.loc 1 251 3 view .LVU115
 252:Drivers/STM32F0xx_HAL_Driver/Src/stm32f0xx_hal_i2c_ex.c **** 
 253:Drivers/STM32F0xx_HAL_Driver/Src/stm32f0xx_hal_i2c_ex.c ****   if (hi2c->State == HAL_I2C_STATE_READY)
 369              		.loc 1 253 3 view .LVU116
 370              		.loc 1 253 11 is_stmt 0 view .LVU117
 371 0000 4121     		movs	r1, #65
 249:Drivers/STM32F0xx_HAL_Driver/Src/stm32f0xx_hal_i2c_ex.c ****   /* Check the parameters */
 372              		.loc 1 249 1 view .LVU118
 373 0002 F0B5     		push	{r4, r5, r6, r7, lr}
 374              	.LCFI4:
 375              		.cfi_def_cfa_offset 20
 376              		.cfi_offset 4, -20
 377              		.cfi_offset 5, -16
 378              		.cfi_offset 6, -12
 379              		.cfi_offset 7, -8
 380              		.cfi_offset 14, -4
 381              		.loc 1 253 11 view .LVU119
 382 0004 435C     		ldrb	r3, [r0, r1]
 383 0006 DEB2     		uxtb	r6, r3
 384              		.loc 1 253 6 view .LVU120
 385 0008 202B     		cmp	r3, #32
 386 000a 16D1     		bne	.L21
 254:Drivers/STM32F0xx_HAL_Driver/Src/stm32f0xx_hal_i2c_ex.c ****   {
 255:Drivers/STM32F0xx_HAL_Driver/Src/stm32f0xx_hal_i2c_ex.c ****     /* Process Locked */
 256:Drivers/STM32F0xx_HAL_Driver/Src/stm32f0xx_hal_i2c_ex.c ****     __HAL_LOCK(hi2c);
 387              		.loc 1 256 5 is_stmt 1 view .LVU121
 388              		.loc 1 256 5 view .LVU122
 389 000c 4024     		movs	r4, #64
 390 000e 035D     		ldrb	r3, [r0, r4]
 391 0010 012B     		cmp	r3, #1
 392 0012 12D0     		beq	.L21
 393              		.loc 1 256 5 discriminator 2 view .LVU123
 394              		.loc 1 256 5 discriminator 2 view .LVU124
 257:Drivers/STM32F0xx_HAL_Driver/Src/stm32f0xx_hal_i2c_ex.c **** 
 258:Drivers/STM32F0xx_HAL_Driver/Src/stm32f0xx_hal_i2c_ex.c ****     hi2c->State = HAL_I2C_STATE_BUSY;
 395              		.loc 1 258 5 view .LVU125
 396              		.loc 1 258 17 is_stmt 0 view .LVU126
 397 0014 2423     		movs	r3, #36
 259:Drivers/STM32F0xx_HAL_Driver/Src/stm32f0xx_hal_i2c_ex.c **** 
 260:Drivers/STM32F0xx_HAL_Driver/Src/stm32f0xx_hal_i2c_ex.c ****     /* Disable the selected I2C peripheral */
 261:Drivers/STM32F0xx_HAL_Driver/Src/stm32f0xx_hal_i2c_ex.c ****     __HAL_I2C_DISABLE(hi2c);
 398              		.loc 1 261 5 view .LVU127
 399 0016 0125     		movs	r5, #1
 258:Drivers/STM32F0xx_HAL_Driver/Src/stm32f0xx_hal_i2c_ex.c **** 
 400              		.loc 1 258 17 view .LVU128
 401 0018 4354     		strb	r3, [r0, r1]
 402              		.loc 1 261 5 is_stmt 1 view .LVU129
 403 001a 0368     		ldr	r3, [r0]
 262:Drivers/STM32F0xx_HAL_Driver/Src/stm32f0xx_hal_i2c_ex.c **** 
ARM GAS  C:\Users\joshr\AppData\Local\Temp\cczoj394.s 			page 13


 263:Drivers/STM32F0xx_HAL_Driver/Src/stm32f0xx_hal_i2c_ex.c ****     /* Enable wakeup from stop mode */
 264:Drivers/STM32F0xx_HAL_Driver/Src/stm32f0xx_hal_i2c_ex.c ****     hi2c->Instance->CR1 &= ~(I2C_CR1_WUPEN);
 404              		.loc 1 264 25 is_stmt 0 view .LVU130
 405 001c 084F     		ldr	r7, .L22
 261:Drivers/STM32F0xx_HAL_Driver/Src/stm32f0xx_hal_i2c_ex.c **** 
 406              		.loc 1 261 5 view .LVU131
 407 001e 1A68     		ldr	r2, [r3]
 408 0020 AA43     		bics	r2, r5
 409 0022 1A60     		str	r2, [r3]
 410              		.loc 1 264 5 is_stmt 1 view .LVU132
 411              		.loc 1 264 19 is_stmt 0 view .LVU133
 412 0024 1A68     		ldr	r2, [r3]
 413              		.loc 1 264 25 view .LVU134
 414 0026 3A40     		ands	r2, r7
 415 0028 1A60     		str	r2, [r3]
 265:Drivers/STM32F0xx_HAL_Driver/Src/stm32f0xx_hal_i2c_ex.c **** 
 266:Drivers/STM32F0xx_HAL_Driver/Src/stm32f0xx_hal_i2c_ex.c ****     __HAL_I2C_ENABLE(hi2c);
 416              		.loc 1 266 5 is_stmt 1 view .LVU135
 417 002a 1A68     		ldr	r2, [r3]
 418 002c 2A43     		orrs	r2, r5
 419 002e 1A60     		str	r2, [r3]
 267:Drivers/STM32F0xx_HAL_Driver/Src/stm32f0xx_hal_i2c_ex.c **** 
 268:Drivers/STM32F0xx_HAL_Driver/Src/stm32f0xx_hal_i2c_ex.c ****     hi2c->State = HAL_I2C_STATE_READY;
 420              		.loc 1 268 5 view .LVU136
 269:Drivers/STM32F0xx_HAL_Driver/Src/stm32f0xx_hal_i2c_ex.c **** 
 270:Drivers/STM32F0xx_HAL_Driver/Src/stm32f0xx_hal_i2c_ex.c ****     /* Process Unlocked */
 271:Drivers/STM32F0xx_HAL_Driver/Src/stm32f0xx_hal_i2c_ex.c ****     __HAL_UNLOCK(hi2c);
 421              		.loc 1 271 5 is_stmt 0 view .LVU137
 422 0030 0023     		movs	r3, #0
 268:Drivers/STM32F0xx_HAL_Driver/Src/stm32f0xx_hal_i2c_ex.c **** 
 423              		.loc 1 268 17 view .LVU138
 424 0032 4654     		strb	r6, [r0, r1]
 425              		.loc 1 271 5 is_stmt 1 view .LVU139
 426              		.loc 1 271 5 view .LVU140
 427 0034 0355     		strb	r3, [r0, r4]
 428              		.loc 1 271 5 view .LVU141
 272:Drivers/STM32F0xx_HAL_Driver/Src/stm32f0xx_hal_i2c_ex.c **** 
 273:Drivers/STM32F0xx_HAL_Driver/Src/stm32f0xx_hal_i2c_ex.c ****     return HAL_OK;
 429              		.loc 1 273 5 view .LVU142
 430              		.loc 1 273 12 is_stmt 0 view .LVU143
 431 0036 0020     		movs	r0, #0
 432              	.LVL21:
 433              	.L19:
 274:Drivers/STM32F0xx_HAL_Driver/Src/stm32f0xx_hal_i2c_ex.c ****   }
 275:Drivers/STM32F0xx_HAL_Driver/Src/stm32f0xx_hal_i2c_ex.c ****   else
 276:Drivers/STM32F0xx_HAL_Driver/Src/stm32f0xx_hal_i2c_ex.c ****   {
 277:Drivers/STM32F0xx_HAL_Driver/Src/stm32f0xx_hal_i2c_ex.c ****     return HAL_BUSY;
 278:Drivers/STM32F0xx_HAL_Driver/Src/stm32f0xx_hal_i2c_ex.c ****   }
 279:Drivers/STM32F0xx_HAL_Driver/Src/stm32f0xx_hal_i2c_ex.c **** }
 434              		.loc 1 279 1 view .LVU144
 435              		@ sp needed
 436 0038 F0BD     		pop	{r4, r5, r6, r7, pc}
 437              	.LVL22:
 438              	.L21:
 256:Drivers/STM32F0xx_HAL_Driver/Src/stm32f0xx_hal_i2c_ex.c **** 
 439              		.loc 1 256 5 discriminator 1 view .LVU145
 440 003a 0220     		movs	r0, #2
ARM GAS  C:\Users\joshr\AppData\Local\Temp\cczoj394.s 			page 14


 441              	.LVL23:
 256:Drivers/STM32F0xx_HAL_Driver/Src/stm32f0xx_hal_i2c_ex.c **** 
 442              		.loc 1 256 5 discriminator 1 view .LVU146
 443 003c FCE7     		b	.L19
 444              	.L23:
 445 003e C046     		.align	2
 446              	.L22:
 447 0040 FFFFFBFF 		.word	-262145
 448              		.cfi_endproc
 449              	.LFE43:
 451              		.section	.text.HAL_I2CEx_EnableFastModePlus,"ax",%progbits
 452              		.align	1
 453              		.p2align 2,,3
 454              		.global	HAL_I2CEx_EnableFastModePlus
 455              		.syntax unified
 456              		.code	16
 457              		.thumb_func
 459              	HAL_I2CEx_EnableFastModePlus:
 460              	.LVL24:
 461              	.LFB44:
 280:Drivers/STM32F0xx_HAL_Driver/Src/stm32f0xx_hal_i2c_ex.c **** /**
 281:Drivers/STM32F0xx_HAL_Driver/Src/stm32f0xx_hal_i2c_ex.c ****   * @}
 282:Drivers/STM32F0xx_HAL_Driver/Src/stm32f0xx_hal_i2c_ex.c ****   */
 283:Drivers/STM32F0xx_HAL_Driver/Src/stm32f0xx_hal_i2c_ex.c **** #endif /* I2C_CR1_WUPEN */
 284:Drivers/STM32F0xx_HAL_Driver/Src/stm32f0xx_hal_i2c_ex.c **** 
 285:Drivers/STM32F0xx_HAL_Driver/Src/stm32f0xx_hal_i2c_ex.c **** /** @defgroup I2CEx_Exported_Functions_Group3 Fast Mode Plus Functions
 286:Drivers/STM32F0xx_HAL_Driver/Src/stm32f0xx_hal_i2c_ex.c ****   * @brief    Fast Mode Plus Functions
 287:Drivers/STM32F0xx_HAL_Driver/Src/stm32f0xx_hal_i2c_ex.c ****   *
 288:Drivers/STM32F0xx_HAL_Driver/Src/stm32f0xx_hal_i2c_ex.c **** @verbatim
 289:Drivers/STM32F0xx_HAL_Driver/Src/stm32f0xx_hal_i2c_ex.c ****  ===============================================================================
 290:Drivers/STM32F0xx_HAL_Driver/Src/stm32f0xx_hal_i2c_ex.c ****                       ##### Fast Mode Plus Functions #####
 291:Drivers/STM32F0xx_HAL_Driver/Src/stm32f0xx_hal_i2c_ex.c ****  ===============================================================================
 292:Drivers/STM32F0xx_HAL_Driver/Src/stm32f0xx_hal_i2c_ex.c ****     [..] This section provides functions allowing to:
 293:Drivers/STM32F0xx_HAL_Driver/Src/stm32f0xx_hal_i2c_ex.c ****       (+) Configure Fast Mode Plus
 294:Drivers/STM32F0xx_HAL_Driver/Src/stm32f0xx_hal_i2c_ex.c **** 
 295:Drivers/STM32F0xx_HAL_Driver/Src/stm32f0xx_hal_i2c_ex.c **** @endverbatim
 296:Drivers/STM32F0xx_HAL_Driver/Src/stm32f0xx_hal_i2c_ex.c ****   * @{
 297:Drivers/STM32F0xx_HAL_Driver/Src/stm32f0xx_hal_i2c_ex.c ****   */
 298:Drivers/STM32F0xx_HAL_Driver/Src/stm32f0xx_hal_i2c_ex.c **** 
 299:Drivers/STM32F0xx_HAL_Driver/Src/stm32f0xx_hal_i2c_ex.c **** /**
 300:Drivers/STM32F0xx_HAL_Driver/Src/stm32f0xx_hal_i2c_ex.c ****   * @brief Enable the I2C fast mode plus driving capability.
 301:Drivers/STM32F0xx_HAL_Driver/Src/stm32f0xx_hal_i2c_ex.c ****   * @param ConfigFastModePlus Selects the pin.
 302:Drivers/STM32F0xx_HAL_Driver/Src/stm32f0xx_hal_i2c_ex.c ****   *   This parameter can be one of the @ref I2CEx_FastModePlus values
 303:Drivers/STM32F0xx_HAL_Driver/Src/stm32f0xx_hal_i2c_ex.c ****   * @note  For I2C1, fast mode plus driving capability can be enabled on all selected
 304:Drivers/STM32F0xx_HAL_Driver/Src/stm32f0xx_hal_i2c_ex.c ****   *        I2C1 pins using I2C_FASTMODEPLUS_I2C1 parameter or independently
 305:Drivers/STM32F0xx_HAL_Driver/Src/stm32f0xx_hal_i2c_ex.c ****   *        on each one of the following pins PB6, PB7, PB8 and PB9.
 306:Drivers/STM32F0xx_HAL_Driver/Src/stm32f0xx_hal_i2c_ex.c ****   * @note  For remaining I2C1 pins (PA14, PA15...) fast mode plus driving capability
 307:Drivers/STM32F0xx_HAL_Driver/Src/stm32f0xx_hal_i2c_ex.c ****   *        can be enabled only by using I2C_FASTMODEPLUS_I2C1 parameter.
 308:Drivers/STM32F0xx_HAL_Driver/Src/stm32f0xx_hal_i2c_ex.c ****   * @note  For all I2C2 pins fast mode plus driving capability can be enabled
 309:Drivers/STM32F0xx_HAL_Driver/Src/stm32f0xx_hal_i2c_ex.c ****   *        only by using I2C_FASTMODEPLUS_I2C2 parameter.
 310:Drivers/STM32F0xx_HAL_Driver/Src/stm32f0xx_hal_i2c_ex.c ****   * @retval None
 311:Drivers/STM32F0xx_HAL_Driver/Src/stm32f0xx_hal_i2c_ex.c ****   */
 312:Drivers/STM32F0xx_HAL_Driver/Src/stm32f0xx_hal_i2c_ex.c **** void HAL_I2CEx_EnableFastModePlus(uint32_t ConfigFastModePlus)
 313:Drivers/STM32F0xx_HAL_Driver/Src/stm32f0xx_hal_i2c_ex.c **** {
 462              		.loc 1 313 1 is_stmt 1 view -0
 463              		.cfi_startproc
 464              		@ args = 0, pretend = 0, frame = 8
ARM GAS  C:\Users\joshr\AppData\Local\Temp\cczoj394.s 			page 15


 465              		@ frame_needed = 0, uses_anonymous_args = 0
 466              		@ link register save eliminated.
 314:Drivers/STM32F0xx_HAL_Driver/Src/stm32f0xx_hal_i2c_ex.c ****   /* Check the parameter */
 315:Drivers/STM32F0xx_HAL_Driver/Src/stm32f0xx_hal_i2c_ex.c ****   assert_param(IS_I2C_FASTMODEPLUS(ConfigFastModePlus));
 467              		.loc 1 315 3 view .LVU148
 316:Drivers/STM32F0xx_HAL_Driver/Src/stm32f0xx_hal_i2c_ex.c **** 
 317:Drivers/STM32F0xx_HAL_Driver/Src/stm32f0xx_hal_i2c_ex.c ****   /* Enable SYSCFG clock */
 318:Drivers/STM32F0xx_HAL_Driver/Src/stm32f0xx_hal_i2c_ex.c ****   __HAL_RCC_SYSCFG_CLK_ENABLE();
 468              		.loc 1 318 3 view .LVU149
 469              	.LBB2:
 470              		.loc 1 318 3 view .LVU150
 471              		.loc 1 318 3 view .LVU151
 472 0000 0123     		movs	r3, #1
 473 0002 074A     		ldr	r2, .L25
 474              	.LBE2:
 313:Drivers/STM32F0xx_HAL_Driver/Src/stm32f0xx_hal_i2c_ex.c ****   /* Check the parameter */
 475              		.loc 1 313 1 is_stmt 0 view .LVU152
 476 0004 82B0     		sub	sp, sp, #8
 477              	.LCFI5:
 478              		.cfi_def_cfa_offset 8
 479              	.LBB3:
 480              		.loc 1 318 3 view .LVU153
 481 0006 9169     		ldr	r1, [r2, #24]
 482 0008 1943     		orrs	r1, r3
 483 000a 9161     		str	r1, [r2, #24]
 484              		.loc 1 318 3 is_stmt 1 view .LVU154
 485 000c 9269     		ldr	r2, [r2, #24]
 486 000e 1340     		ands	r3, r2
 487              	.LBE3:
 319:Drivers/STM32F0xx_HAL_Driver/Src/stm32f0xx_hal_i2c_ex.c **** 
 320:Drivers/STM32F0xx_HAL_Driver/Src/stm32f0xx_hal_i2c_ex.c ****   /* Enable fast mode plus driving capability for selected pin */
 321:Drivers/STM32F0xx_HAL_Driver/Src/stm32f0xx_hal_i2c_ex.c ****   SET_BIT(SYSCFG->CFGR1, (uint32_t)ConfigFastModePlus);
 488              		.loc 1 321 3 is_stmt 0 view .LVU155
 489 0010 044A     		ldr	r2, .L25+4
 490              	.LBB4:
 318:Drivers/STM32F0xx_HAL_Driver/Src/stm32f0xx_hal_i2c_ex.c **** 
 491              		.loc 1 318 3 view .LVU156
 492 0012 0193     		str	r3, [sp, #4]
 318:Drivers/STM32F0xx_HAL_Driver/Src/stm32f0xx_hal_i2c_ex.c **** 
 493              		.loc 1 318 3 is_stmt 1 view .LVU157
 494 0014 019B     		ldr	r3, [sp, #4]
 495              	.LBE4:
 318:Drivers/STM32F0xx_HAL_Driver/Src/stm32f0xx_hal_i2c_ex.c **** 
 496              		.loc 1 318 3 view .LVU158
 497              		.loc 1 321 3 view .LVU159
 498 0016 1368     		ldr	r3, [r2]
 499 0018 0343     		orrs	r3, r0
 500 001a 1360     		str	r3, [r2]
 322:Drivers/STM32F0xx_HAL_Driver/Src/stm32f0xx_hal_i2c_ex.c **** }
 501              		.loc 1 322 1 is_stmt 0 view .LVU160
 502 001c 02B0     		add	sp, sp, #8
 503              		@ sp needed
 504 001e 7047     		bx	lr
 505              	.L26:
 506              		.align	2
 507              	.L25:
 508 0020 00100240 		.word	1073876992
ARM GAS  C:\Users\joshr\AppData\Local\Temp\cczoj394.s 			page 16


 509 0024 00000140 		.word	1073807360
 510              		.cfi_endproc
 511              	.LFE44:
 513              		.section	.text.HAL_I2CEx_DisableFastModePlus,"ax",%progbits
 514              		.align	1
 515              		.p2align 2,,3
 516              		.global	HAL_I2CEx_DisableFastModePlus
 517              		.syntax unified
 518              		.code	16
 519              		.thumb_func
 521              	HAL_I2CEx_DisableFastModePlus:
 522              	.LVL25:
 523              	.LFB45:
 323:Drivers/STM32F0xx_HAL_Driver/Src/stm32f0xx_hal_i2c_ex.c **** 
 324:Drivers/STM32F0xx_HAL_Driver/Src/stm32f0xx_hal_i2c_ex.c **** /**
 325:Drivers/STM32F0xx_HAL_Driver/Src/stm32f0xx_hal_i2c_ex.c ****   * @brief Disable the I2C fast mode plus driving capability.
 326:Drivers/STM32F0xx_HAL_Driver/Src/stm32f0xx_hal_i2c_ex.c ****   * @param ConfigFastModePlus Selects the pin.
 327:Drivers/STM32F0xx_HAL_Driver/Src/stm32f0xx_hal_i2c_ex.c ****   *   This parameter can be one of the @ref I2CEx_FastModePlus values
 328:Drivers/STM32F0xx_HAL_Driver/Src/stm32f0xx_hal_i2c_ex.c ****   * @note  For I2C1, fast mode plus driving capability can be disabled on all selected
 329:Drivers/STM32F0xx_HAL_Driver/Src/stm32f0xx_hal_i2c_ex.c ****   *        I2C1 pins using I2C_FASTMODEPLUS_I2C1 parameter or independently
 330:Drivers/STM32F0xx_HAL_Driver/Src/stm32f0xx_hal_i2c_ex.c ****   *        on each one of the following pins PB6, PB7, PB8 and PB9.
 331:Drivers/STM32F0xx_HAL_Driver/Src/stm32f0xx_hal_i2c_ex.c ****   * @note  For remaining I2C1 pins (PA14, PA15...) fast mode plus driving capability
 332:Drivers/STM32F0xx_HAL_Driver/Src/stm32f0xx_hal_i2c_ex.c ****   *        can be disabled only by using I2C_FASTMODEPLUS_I2C1 parameter.
 333:Drivers/STM32F0xx_HAL_Driver/Src/stm32f0xx_hal_i2c_ex.c ****   * @note  For all I2C2 pins fast mode plus driving capability can be disabled
 334:Drivers/STM32F0xx_HAL_Driver/Src/stm32f0xx_hal_i2c_ex.c ****   *        only by using I2C_FASTMODEPLUS_I2C2 parameter.
 335:Drivers/STM32F0xx_HAL_Driver/Src/stm32f0xx_hal_i2c_ex.c ****   * @retval None
 336:Drivers/STM32F0xx_HAL_Driver/Src/stm32f0xx_hal_i2c_ex.c ****   */
 337:Drivers/STM32F0xx_HAL_Driver/Src/stm32f0xx_hal_i2c_ex.c **** void HAL_I2CEx_DisableFastModePlus(uint32_t ConfigFastModePlus)
 338:Drivers/STM32F0xx_HAL_Driver/Src/stm32f0xx_hal_i2c_ex.c **** {
 524              		.loc 1 338 1 is_stmt 1 view -0
 525              		.cfi_startproc
 526              		@ args = 0, pretend = 0, frame = 8
 527              		@ frame_needed = 0, uses_anonymous_args = 0
 528              		@ link register save eliminated.
 339:Drivers/STM32F0xx_HAL_Driver/Src/stm32f0xx_hal_i2c_ex.c ****   /* Check the parameter */
 340:Drivers/STM32F0xx_HAL_Driver/Src/stm32f0xx_hal_i2c_ex.c ****   assert_param(IS_I2C_FASTMODEPLUS(ConfigFastModePlus));
 529              		.loc 1 340 3 view .LVU162
 341:Drivers/STM32F0xx_HAL_Driver/Src/stm32f0xx_hal_i2c_ex.c **** 
 342:Drivers/STM32F0xx_HAL_Driver/Src/stm32f0xx_hal_i2c_ex.c ****   /* Enable SYSCFG clock */
 343:Drivers/STM32F0xx_HAL_Driver/Src/stm32f0xx_hal_i2c_ex.c ****   __HAL_RCC_SYSCFG_CLK_ENABLE();
 530              		.loc 1 343 3 view .LVU163
 531              	.LBB5:
 532              		.loc 1 343 3 view .LVU164
 533              		.loc 1 343 3 view .LVU165
 534 0000 0123     		movs	r3, #1
 535 0002 074A     		ldr	r2, .L28
 536              	.LBE5:
 338:Drivers/STM32F0xx_HAL_Driver/Src/stm32f0xx_hal_i2c_ex.c ****   /* Check the parameter */
 537              		.loc 1 338 1 is_stmt 0 view .LVU166
 538 0004 82B0     		sub	sp, sp, #8
 539              	.LCFI6:
 540              		.cfi_def_cfa_offset 8
 541              	.LBB6:
 542              		.loc 1 343 3 view .LVU167
 543 0006 9169     		ldr	r1, [r2, #24]
 544 0008 1943     		orrs	r1, r3
 545 000a 9161     		str	r1, [r2, #24]
ARM GAS  C:\Users\joshr\AppData\Local\Temp\cczoj394.s 			page 17


 546              		.loc 1 343 3 is_stmt 1 view .LVU168
 547 000c 9269     		ldr	r2, [r2, #24]
 548 000e 1340     		ands	r3, r2
 549              	.LBE6:
 344:Drivers/STM32F0xx_HAL_Driver/Src/stm32f0xx_hal_i2c_ex.c **** 
 345:Drivers/STM32F0xx_HAL_Driver/Src/stm32f0xx_hal_i2c_ex.c ****   /* Disable fast mode plus driving capability for selected pin */
 346:Drivers/STM32F0xx_HAL_Driver/Src/stm32f0xx_hal_i2c_ex.c ****   CLEAR_BIT(SYSCFG->CFGR1, (uint32_t)ConfigFastModePlus);
 550              		.loc 1 346 3 is_stmt 0 view .LVU169
 551 0010 044A     		ldr	r2, .L28+4
 552              	.LBB7:
 343:Drivers/STM32F0xx_HAL_Driver/Src/stm32f0xx_hal_i2c_ex.c **** 
 553              		.loc 1 343 3 view .LVU170
 554 0012 0193     		str	r3, [sp, #4]
 343:Drivers/STM32F0xx_HAL_Driver/Src/stm32f0xx_hal_i2c_ex.c **** 
 555              		.loc 1 343 3 is_stmt 1 view .LVU171
 556 0014 019B     		ldr	r3, [sp, #4]
 557              	.LBE7:
 343:Drivers/STM32F0xx_HAL_Driver/Src/stm32f0xx_hal_i2c_ex.c **** 
 558              		.loc 1 343 3 view .LVU172
 559              		.loc 1 346 3 view .LVU173
 560 0016 1368     		ldr	r3, [r2]
 561 0018 8343     		bics	r3, r0
 562 001a 1360     		str	r3, [r2]
 347:Drivers/STM32F0xx_HAL_Driver/Src/stm32f0xx_hal_i2c_ex.c **** }
 563              		.loc 1 347 1 is_stmt 0 view .LVU174
 564 001c 02B0     		add	sp, sp, #8
 565              		@ sp needed
 566 001e 7047     		bx	lr
 567              	.L29:
 568              		.align	2
 569              	.L28:
 570 0020 00100240 		.word	1073876992
 571 0024 00000140 		.word	1073807360
 572              		.cfi_endproc
 573              	.LFE45:
 575              		.text
 576              	.Letext0:
 577              		.file 2 "C:\\ST\\STM32CubeIDE_1.19.0\\STM32CubeIDE\\plugins\\com.st.stm32cube.ide.mcu.externaltool
 578              		.file 3 "C:\\ST\\STM32CubeIDE_1.19.0\\STM32CubeIDE\\plugins\\com.st.stm32cube.ide.mcu.externaltool
 579              		.file 4 "Drivers/CMSIS/Device/ST/STM32F0xx/Include/stm32f051x8.h"
 580              		.file 5 "Drivers/STM32F0xx_HAL_Driver/Inc/stm32f0xx_hal_def.h"
 581              		.file 6 "Drivers/STM32F0xx_HAL_Driver/Inc/stm32f0xx_hal_dma.h"
 582              		.file 7 "Drivers/STM32F0xx_HAL_Driver/Inc/stm32f0xx_hal_i2c.h"
ARM GAS  C:\Users\joshr\AppData\Local\Temp\cczoj394.s 			page 18


DEFINED SYMBOLS
                            *ABS*:00000000 stm32f0xx_hal_i2c_ex.c
C:\Users\joshr\AppData\Local\Temp\cczoj394.s:19     .text.HAL_I2CEx_ConfigAnalogFilter:00000000 $t
C:\Users\joshr\AppData\Local\Temp\cczoj394.s:26     .text.HAL_I2CEx_ConfigAnalogFilter:00000000 HAL_I2CEx_ConfigAnalogFilter
C:\Users\joshr\AppData\Local\Temp\cczoj394.s:124    .text.HAL_I2CEx_ConfigAnalogFilter:00000048 $d
C:\Users\joshr\AppData\Local\Temp\cczoj394.s:129    .text.HAL_I2CEx_ConfigDigitalFilter:00000000 $t
C:\Users\joshr\AppData\Local\Temp\cczoj394.s:136    .text.HAL_I2CEx_ConfigDigitalFilter:00000000 HAL_I2CEx_ConfigDigitalFilter
C:\Users\joshr\AppData\Local\Temp\cczoj394.s:255    .text.HAL_I2CEx_ConfigDigitalFilter:00000058 $d
C:\Users\joshr\AppData\Local\Temp\cczoj394.s:260    .text.HAL_I2CEx_EnableWakeUp:00000000 $t
C:\Users\joshr\AppData\Local\Temp\cczoj394.s:267    .text.HAL_I2CEx_EnableWakeUp:00000000 HAL_I2CEx_EnableWakeUp
C:\Users\joshr\AppData\Local\Temp\cczoj394.s:354    .text.HAL_I2CEx_DisableWakeUp:00000000 $t
C:\Users\joshr\AppData\Local\Temp\cczoj394.s:361    .text.HAL_I2CEx_DisableWakeUp:00000000 HAL_I2CEx_DisableWakeUp
C:\Users\joshr\AppData\Local\Temp\cczoj394.s:447    .text.HAL_I2CEx_DisableWakeUp:00000040 $d
C:\Users\joshr\AppData\Local\Temp\cczoj394.s:452    .text.HAL_I2CEx_EnableFastModePlus:00000000 $t
C:\Users\joshr\AppData\Local\Temp\cczoj394.s:459    .text.HAL_I2CEx_EnableFastModePlus:00000000 HAL_I2CEx_EnableFastModePlus
C:\Users\joshr\AppData\Local\Temp\cczoj394.s:508    .text.HAL_I2CEx_EnableFastModePlus:00000020 $d
C:\Users\joshr\AppData\Local\Temp\cczoj394.s:514    .text.HAL_I2CEx_DisableFastModePlus:00000000 $t
C:\Users\joshr\AppData\Local\Temp\cczoj394.s:521    .text.HAL_I2CEx_DisableFastModePlus:00000000 HAL_I2CEx_DisableFastModePlus
C:\Users\joshr\AppData\Local\Temp\cczoj394.s:570    .text.HAL_I2CEx_DisableFastModePlus:00000020 $d

NO UNDEFINED SYMBOLS
